Consolidate compiler generated dependencies of target qwen3_rmsnorm_integration
[ 71%] Built target rmsnorm_qwen3_plugin
[ 85%] Building CXX object CMakeFiles/qwen3_rmsnorm_integration.dir/qwen3_rmsnorm_integration.cpp.o
/tmp/phase8_3b_src/qwen3_integration/qwen3_rmsnorm_integration.cpp: In function ‘{anonymous}::TrtPtr<nvinfer1::IHostMemory> {anonymous}::buildPrimitive({anonymous}::Logger&, nvinfer1::IBuilder&)’:
/tmp/phase8_3b_src/qwen3_integration/qwen3_rmsnorm_integration.cpp:87:93: warning: ‘nvinfer1::NetworkDefinitionCreationFlag::kEXPLICIT_BATCH’ is deprecated [-Wdeprecated-declarations]
   87 |     const auto flags = 1U << static_cast<uint32_t>(nvinfer1::NetworkDefinitionCreationFlag::kEXPLICIT_BATCH);
      |                                                                                             ^~~~~~~~~~~~~~~
In file included from /tmp/phase8_3b_src/qwen3_integration/qwen3_rmsnorm_integration.cpp:1:
/usr/include/aarch64-linux-gnu/NvInfer.h:9614:5: note: declared here
 9614 |     kEXPLICIT_BATCH TRT_DEPRECATED_ENUM = 0,
      |     ^~~~~~~~~~~~~~~
/tmp/phase8_3b_src/qwen3_integration/qwen3_rmsnorm_integration.cpp:87:93: warning: ‘nvinfer1::NetworkDefinitionCreationFlag::kEXPLICIT_BATCH’ is deprecated [-Wdeprecated-declarations]
   87 |     const auto flags = 1U << static_cast<uint32_t>(nvinfer1::NetworkDefinitionCreationFlag::kEXPLICIT_BATCH);
      |                                                                                             ^~~~~~~~~~~~~~~
In file included from /tmp/phase8_3b_src/qwen3_integration/qwen3_rmsnorm_integration.cpp:1:
/usr/include/aarch64-linux-gnu/NvInfer.h:9614:5: note: declared here
 9614 |     kEXPLICIT_BATCH TRT_DEPRECATED_ENUM = 0,
      |     ^~~~~~~~~~~~~~~
/tmp/phase8_3b_src/qwen3_integration/qwen3_rmsnorm_integration.cpp: In function ‘{anonymous}::TrtPtr<nvinfer1::IHostMemory> {anonymous}::buildPlugin({anonymous}::Logger&, nvinfer1::IBuilder&, nvinfer1::IPluginCreatorV3One&)’:
/tmp/phase8_3b_src/qwen3_integration/qwen3_rmsnorm_integration.cpp:125:93: warning: ‘nvinfer1::NetworkDefinitionCreationFlag::kEXPLICIT_BATCH’ is deprecated [-Wdeprecated-declarations]
  125 |     const auto flags = 1U << static_cast<uint32_t>(nvinfer1::NetworkDefinitionCreationFlag::kEXPLICIT_BATCH);
      |                                                                                             ^~~~~~~~~~~~~~~
In file included from /tmp/phase8_3b_src/qwen3_integration/qwen3_rmsnorm_integration.cpp:1:
/usr/include/aarch64-linux-gnu/NvInfer.h:9614:5: note: declared here
 9614 |     kEXPLICIT_BATCH TRT_DEPRECATED_ENUM = 0,
      |     ^~~~~~~~~~~~~~~
/tmp/phase8_3b_src/qwen3_integration/qwen3_rmsnorm_integration.cpp:125:93: warning: ‘nvinfer1::NetworkDefinitionCreationFlag::kEXPLICIT_BATCH’ is deprecated [-Wdeprecated-declarations]
  125 |     const auto flags = 1U << static_cast<uint32_t>(nvinfer1::NetworkDefinitionCreationFlag::kEXPLICIT_BATCH);
      |                                                                                             ^~~~~~~~~~~~~~~
In file included from /tmp/phase8_3b_src/qwen3_integration/qwen3_rmsnorm_integration.cpp:1:
/usr/include/aarch64-linux-gnu/NvInfer.h:9614:5: note: declared here
 9614 |     kEXPLICIT_BATCH TRT_DEPRECATED_ENUM = 0,
      |     ^~~~~~~~~~~~~~~
[100%] Linking CXX executable qwen3_rmsnorm_integration
[100%] Built target qwen3_rmsnorm_integration
