09-01-2026 14:59:12 RAM 2818/7620MB (lfb 9x4MB) SWAP 6/3810MB (cached 0MB) CPU [47%@883,9%@883,10%@883,23%@883,70%@1344,15%@1344] GR3D_FREQ 0% cpu@49.218C soc2@48.406C soc0@49.062C gpu@49.781C tj@49.781C soc1@49.125C VDD_IN 5405mW/5405mW VDD_CPU_GPU_CV 992mW/992mW VDD_SOC 1587mW/1587mW
09-01-2026 14:59:12 RAM 2903/7620MB (lfb 9x4MB) SWAP 6/3810MB (cached 0MB) CPU [33%@1344,25%@1344,33%@1344,33%@1344,95%@1344,30%@1344] GR3D_FREQ 0% cpu@49.5C soc2@48.375C soc0@49.062C gpu@49.687C tj@49.687C soc1@48.875C VDD_IN 5674mW/5540mW VDD_CPU_GPU_CV 1228mW/1110mW VDD_SOC 1587mW/1587mW
09-01-2026 14:59:12 RAM 2919/7620MB (lfb 9x4MB) SWAP 6/3810MB (cached 0MB) CPU [0%@1344,100%@1344,4%@1344,0%@1344,0%@729,4%@729] GR3D_FREQ 0% cpu@49.5C soc2@48.406C soc0@49.125C gpu@49.843C tj@49.843C soc1@48.937C VDD_IN 5594mW/5558mW VDD_CPU_GPU_CV 1148mW/1123mW VDD_SOC 1584mW/1586mW
09-01-2026 14:59:12 RAM 2932/7620MB (lfb 9x4MB) SWAP 6/3810MB (cached 0MB) CPU [0%@1344,100%@1344,0%@1344,0%@1344,0%@729,0%@729] GR3D_FREQ 0% cpu@49.156C soc2@48.375C soc0@49.25C gpu@49.906C tj@49.906C soc1@49C VDD_IN 5555mW/5557mW VDD_CPU_GPU_CV 1109mW/1119mW VDD_SOC 1584mW/1586mW
09-01-2026 14:59:13 RAM 2966/7620MB (lfb 7x4MB) SWAP 6/3810MB (cached 0MB) CPU [33%@1344,100%@1344,30%@1344,35%@1344,33%@1036,35%@1036] GR3D_FREQ 0% cpu@49.375C soc2@48.375C soc0@49.031C gpu@49.812C tj@49.812C soc1@49C VDD_IN 5665mW/5579mW VDD_CPU_GPU_CV 1226mW/1141mW VDD_SOC 1584mW/1585mW
09-01-2026 14:59:13 RAM 2980/7620MB (lfb 7x4MB) SWAP 6/3810MB (cached 0MB) CPU [0%@1344,100%@1344,0%@1344,0%@1344,0%@729,0%@729] GR3D_FREQ 0% cpu@49.343C soc2@48.468C soc0@49.125C gpu@49.812C tj@49.812C soc1@49.093C VDD_IN 5625mW/5586mW VDD_CPU_GPU_CV 1147mW/1142mW VDD_SOC 1624mW/1592mW
09-01-2026 14:59:13 RAM 2988/7620MB (lfb 7x4MB) SWAP 6/3810MB (cached 0MB) CPU [0%@1344,100%@1344,0%@1344,0%@1344,0%@729,0%@729] GR3D_FREQ 0% cpu@49.5C soc2@48.437C soc0@49.031C gpu@50.218C tj@50.218C soc1@49.093C VDD_IN 5625mW/5592mW VDD_CPU_GPU_CV 1147mW/1142mW VDD_SOC 1584mW/1591mW
09-01-2026 14:59:13 RAM 2995/7620MB (lfb 7x4MB) SWAP 6/3810MB (cached 0MB) CPU [0%@1344,100%@1344,0%@1344,0%@1344,0%@729,0%@729] GR3D_FREQ 0% cpu@49.437C soc2@48.468C soc0@49.125C gpu@49.906C tj@49.906C soc1@49C VDD_IN 5585mW/5591mW VDD_CPU_GPU_CV 1107mW/1138mW VDD_SOC 1584mW/1590mW
09-01-2026 14:59:13 RAM 3003/7620MB (lfb 7x4MB) SWAP 6/3810MB (cached 0MB) CPU [0%@1344,100%@1344,0%@1344,0%@1344,0%@729,0%@729] GR3D_FREQ 0% cpu@49.468C soc2@48.437C soc0@49.125C gpu@50.031C tj@50.031C soc1@49C VDD_IN 5585mW/5590mW VDD_CPU_GPU_CV 1107mW/1135mW VDD_SOC 1584mW/1589mW
09-01-2026 14:59:14 RAM 3006/7620MB (lfb 7x4MB) SWAP 6/3810MB (cached 0MB) CPU [4%@1344,100%@1344,0%@1344,4%@1344,0%@729,4%@729] GR3D_FREQ 0% cpu@49.375C soc2@48.343C soc0@49.25C gpu@49.875C tj@49.875C soc1@49.062C VDD_IN 5546mW/5586mW VDD_CPU_GPU_CV 1107mW/1132mW VDD_SOC 1584mW/1589mW
09-01-2026 14:59:14 RAM 3008/7620MB (lfb 7x4MB) SWAP 6/3810MB (cached 0MB) CPU [0%@1344,100%@1344,4%@1344,0%@1344,0%@729,0%@729] GR3D_FREQ 0% cpu@49.25C soc2@48.468C soc0@49.093C gpu@49.968C tj@49.968C soc1@49.187C VDD_IN 5585mW/5586mW VDD_CPU_GPU_CV 1067mW/1126mW VDD_SOC 1624mW/1592mW
09-01-2026 14:59:14 RAM 3014/7620MB (lfb 7x4MB) SWAP 6/3810MB (cached 0MB) CPU [0%@1344,100%@1344,0%@1344,0%@1344,0%@729,0%@729] GR3D_FREQ 0% cpu@49.406C soc2@48.437C soc0@49.062C gpu@49.75C tj@49.75C soc1@49.218C VDD_IN 5546mW/5582mW VDD_CPU_GPU_CV 1067mW/1121mW VDD_SOC 1624mW/1595mW
09-01-2026 14:59:14 RAM 3019/7620MB (lfb 7x4MB) SWAP 6/3810MB (cached 0MB) CPU [0%@1344,100%@1344,4%@1344,0%@1344,0%@729,0%@729] GR3D_FREQ 0% cpu@49.531C soc2@48.375C soc0@49.093C gpu@49.75C tj@49.75C soc1@49C VDD_IN 5546mW/5580mW VDD_CPU_GPU_CV 1067mW/1117mW VDD_SOC 1584mW/1594mW
09-01-2026 14:59:14 RAM 3025/7620MB (lfb 7x4MB) SWAP 6/3810MB (cached 0MB) CPU [0%@1344,100%@1344,14%@1344,0%@1344,0%@729,0%@729] GR3D_FREQ 0% cpu@49.312C soc2@48.531C soc0@49.156C gpu@49.968C tj@49.968C soc1@49.031C VDD_IN 5585mW/5580mW VDD_CPU_GPU_CV 1107mW/1116mW VDD_SOC 1584mW/1593mW
09-01-2026 14:59:15 RAM 3030/7620MB (lfb 7x4MB) SWAP 6/3810MB (cached 0MB) CPU [4%@1344,100%@1344,0%@1344,0%@1344,0%@729,0%@729] GR3D_FREQ 0% cpu@49.25C soc2@48.468C soc0@49.031C gpu@50.093C tj@50.093C soc1@49.062C VDD_IN 5585mW/5580mW VDD_CPU_GPU_CV 1107mW/1116mW VDD_SOC 1584mW/1592mW
09-01-2026 14:59:15 RAM 3033/7620MB (lfb 7x4MB) SWAP 6/3810MB (cached 0MB) CPU [0%@1344,100%@1344,0%@1344,0%@1344,0%@729,0%@729] GR3D_FREQ 0% cpu@49.343C soc2@48.531C soc0@49.062C gpu@49.812C tj@49.812C soc1@49.125C VDD_IN 5506mW/5576mW VDD_CPU_GPU_CV 1107mW/1115mW VDD_SOC 1584mW/1592mW
09-01-2026 14:59:15 RAM 3034/7620MB (lfb 7x4MB) SWAP 6/3810MB (cached 0MB) CPU [0%@1344,100%@1344,0%@1344,0%@1344,0%@729,0%@729] GR3D_FREQ 0% cpu@49.531C soc2@48.531C soc0@49.031C gpu@49.812C tj@49.812C soc1@49.25C VDD_IN 5467mW/5569mW VDD_CPU_GPU_CV 1107mW/1115mW VDD_SOC 1584mW/1591mW
09-01-2026 14:59:15 RAM 3034/7620MB (lfb 7x4MB) SWAP 6/3810MB (cached 0MB) CPU [0%@1344,100%@1344,0%@1344,0%@1344,0%@729,0%@729] GR3D_FREQ 0% cpu@49.343C soc2@48.531C soc0@49.093C gpu@49.812C tj@49.812C soc1@48.968C VDD_IN 5467mW/5564mW VDD_CPU_GPU_CV 1107mW/1114mW VDD_SOC 1584mW/1591mW
09-01-2026 14:59:15 RAM 3035/7620MB (lfb 7x4MB) SWAP 6/3810MB (cached 0MB) CPU [0%@1344,100%@1344,0%@1344,0%@1344,0%@729,4%@729] GR3D_FREQ 0% cpu@49.437C soc2@48.468C soc0@49.187C gpu@49.843C tj@49.843C soc1@49.093C VDD_IN 5467mW/5559mW VDD_CPU_GPU_CV 1107mW/1114mW VDD_SOC 1584mW/1591mW
09-01-2026 14:59:16 RAM 3035/7620MB (lfb 7x4MB) SWAP 6/3810MB (cached 0MB) CPU [0%@1344,100%@1344,0%@1344,4%@1344,4%@729,0%@729] GR3D_FREQ 0% cpu@49.312C soc2@48.531C soc0@49.125C gpu@49.875C tj@49.875C soc1@49.125C VDD_IN 5467mW/5554mW VDD_CPU_GPU_CV 1107mW/1113mW VDD_SOC 1584mW/1590mW
09-01-2026 14:59:16 RAM 3035/7620MB (lfb 7x4MB) SWAP 6/3810MB (cached 0MB) CPU [0%@1344,100%@1344,0%@1344,0%@1344,0%@729,0%@729] GR3D_FREQ 0% cpu@49.25C soc2@48.437C soc0@49.093C gpu@50.156C tj@50.156C soc1@49.156C VDD_IN 5506mW/5552mW VDD_CPU_GPU_CV 1067mW/1111mW VDD_SOC 1624mW/1592mW
09-01-2026 14:59:16 RAM 3036/7620MB (lfb 7x4MB) SWAP 6/3810MB (cached 0MB) CPU [4%@1344,100%@1344,0%@1344,4%@1344,0%@729,0%@729] GR3D_FREQ 0% cpu@49.312C soc2@48.437C soc0@49.062C gpu@49.875C tj@49.875C soc1@49.125C VDD_IN 5506mW/5550mW VDD_CPU_GPU_CV 1067mW/1109mW VDD_SOC 1584mW/1592mW
09-01-2026 14:59:16 RAM 3038/7620MB (lfb 7x4MB) SWAP 6/3810MB (cached 0MB) CPU [4%@1344,100%@1344,0%@1344,0%@1344,0%@729,0%@729] GR3D_FREQ 0% cpu@49.468C soc2@48.562C soc0@49.062C gpu@49.875C tj@49.875C soc1@49C VDD_IN 5506mW/5548mW VDD_CPU_GPU_CV 1067mW/1107mW VDD_SOC 1584mW/1591mW
09-01-2026 14:59:16 RAM 3060/7620MB (lfb 4x4MB) SWAP 6/3810MB (cached 0MB) CPU [0%@1344,90%@1344,0%@1344,0%@1344,0%@729,0%@729] GR3D_FREQ 0% cpu@49.281C soc2@48.531C soc0@49.156C gpu@49.906C tj@49.906C soc1@49.125C VDD_IN 5506mW/5546mW VDD_CPU_GPU_CV 1067mW/1106mW VDD_SOC 1584mW/1591mW
09-01-2026 14:59:17 RAM 3141/7620MB (lfb 33x1MB) SWAP 6/3810MB (cached 0MB) CPU [0%@1344,95%@1344,5%@1344,0%@1344,0%@729,9%@729] GR3D_FREQ 0% cpu@49.375C soc2@48.5C soc0@49.156C gpu@49.75C tj@49.75C soc1@49.093C VDD_IN 5585mW/5548mW VDD_CPU_GPU_CV 1107mW/1106mW VDD_SOC 1624mW/1592mW
09-01-2026 14:59:17 RAM 3188/7620MB (lfb 21x1MB) SWAP 6/3810MB (cached 0MB) CPU [0%@1344,100%@1344,14%@1344,0%@1344,0%@729,0%@729] GR3D_FREQ 0% cpu@49.375C soc2@48.468C soc0@49.031C gpu@50.062C tj@50.062C soc1@49.156C VDD_IN 5665mW/5552mW VDD_CPU_GPU_CV 1107mW/1106mW VDD_SOC 1624mW/1593mW
09-01-2026 14:59:17 RAM 3163/7620MB (lfb 1x4MB) SWAP 6/3810MB (cached 0MB) CPU [0%@1344,100%@1344,4%@1344,0%@1344,0%@729,0%@729] GR3D_FREQ 0% cpu@49.406C soc2@48.531C soc0@49.031C gpu@49.875C tj@49.875C soc1@49.093C VDD_IN 5744mW/5559mW VDD_CPU_GPU_CV 1107mW/1106mW VDD_SOC 1661mW/1596mW
09-01-2026 14:59:17 RAM 3162/7620MB (lfb 1x4MB) SWAP 6/3810MB (cached 0MB) CPU [0%@1344,100%@1344,0%@1344,0%@1344,0%@729,0%@729] GR3D_FREQ 0% cpu@49.25C soc2@48.468C soc0@49.156C gpu@49.781C tj@49.781C soc1@49.156C VDD_IN 5665mW/5563mW VDD_CPU_GPU_CV 1028mW/1103mW VDD_SOC 1624mW/1597mW
09-01-2026 14:59:17 RAM 3153/7620MB (lfb 4x4MB) SWAP 6/3810MB (cached 0MB) CPU [5%@1344,95%@1344,0%@1344,0%@1344,0%@729,0%@729] GR3D_FREQ 0% cpu@49.437C soc2@48.562C soc0@49.156C gpu@49.812C tj@49.812C soc1@49.093C VDD_IN 5625mW/5565mW VDD_CPU_GPU_CV 1067mW/1102mW VDD_SOC 1624mW/1598mW
09-01-2026 14:59:18 RAM 3159/7620MB (lfb 4x4MB) SWAP 6/3810MB (cached 0MB) CPU [0%@1344,100%@1344,0%@1344,0%@1344,0%@729,0%@729] GR3D_FREQ 0% cpu@49.562C soc2@48.468C soc0@49.25C gpu@50.156C tj@50.156C soc1@49.031C VDD_IN 5625mW/5567mW VDD_CPU_GPU_CV 1067mW/1101mW VDD_SOC 1624mW/1599mW
09-01-2026 14:59:18 RAM 3164/7620MB (lfb 4x4MB) SWAP 6/3810MB (cached 0MB) CPU [0%@1344,100%@1344,0%@1344,0%@1344,0%@729,0%@729] GR3D_FREQ 0% cpu@49.218C soc2@48.531C soc0@49.187C gpu@50C tj@50C soc1@49C VDD_IN 5665mW/5570mW VDD_CPU_GPU_CV 1028mW/1098mW VDD_SOC 1624mW/1600mW
09-01-2026 14:59:18 RAM 3169/7620MB (lfb 4x4MB) SWAP 6/3810MB (cached 0MB) CPU [4%@1344,100%@1344,0%@1344,0%@1344,0%@729,0%@729] GR3D_FREQ 0% cpu@49.343C soc2@48.437C soc0@49.281C gpu@49.781C tj@49.781C soc1@49.125C VDD_IN 5625mW/5572mW VDD_CPU_GPU_CV 1028mW/1096mW VDD_SOC 1624mW/1600mW
09-01-2026 14:59:18 RAM 3176/7620MB (lfb 4x4MB) SWAP 6/3810MB (cached 0MB) CPU [0%@1344,95%@1344,0%@1344,0%@1344,0%@729,0%@729] GR3D_FREQ 0% cpu@49.406C soc2@48.437C soc0@49.125C gpu@49.875C tj@49.875C soc1@49.125C VDD_IN 5585mW/5572mW VDD_CPU_GPU_CV 1067mW/1095mW VDD_SOC 1624mW/1601mW
09-01-2026 14:59:19 RAM 3178/7620MB (lfb 4x4MB) SWAP 6/3810MB (cached 0MB) CPU [0%@1344,95%@1344,0%@1344,0%@1344,0%@729,0%@729] GR3D_FREQ 0% cpu@49.625C soc2@48.5C soc0@49.093C gpu@49.843C tj@49.843C soc1@49.218C VDD_IN 5585mW/5573mW VDD_CPU_GPU_CV 1067mW/1094mW VDD_SOC 1624mW/1602mW
09-01-2026 14:59:19 RAM 3181/7620MB (lfb 3x4MB) SWAP 6/3810MB (cached 0MB) CPU [0%@1344,100%@1344,0%@1344,0%@1344,0%@729,0%@729] GR3D_FREQ 0% cpu@49.437C soc2@48.531C soc0@49.187C gpu@50.093C tj@50.093C soc1@49.218C VDD_IN 5585mW/5573mW VDD_CPU_GPU_CV 1067mW/1094mW VDD_SOC 1624mW/1602mW
09-01-2026 14:59:19 RAM 3185/7620MB (lfb 2x4MB) SWAP 6/3810MB (cached 0MB) CPU [0%@1344,95%@1344,0%@1344,0%@1344,0%@729,0%@729] GR3D_FREQ 0% cpu@49.5C soc2@48.468C soc0@49.156C gpu@49.906C tj@50.187C soc1@49.125C VDD_IN 5585mW/5573mW VDD_CPU_GPU_CV 1028mW/1092mW VDD_SOC 1624mW/1603mW
09-01-2026 14:59:19 RAM 3188/7620MB (lfb 1x4MB) SWAP 6/3810MB (cached 0MB) CPU [4%@1344,90%@1344,0%@1344,0%@1344,0%@729,0%@729] GR3D_FREQ 0% cpu@49.25C soc2@48.437C soc0@49.125C gpu@50C tj@50C soc1@49.187C VDD_IN 5585mW/5574mW VDD_CPU_GPU_CV 988mW/1089mW VDD_SOC 1624mW/1604mW
09-01-2026 14:59:19 RAM 3190/7620MB (lfb 18x1MB) SWAP 6/3810MB (cached 0MB) CPU [0%@1344,89%@1344,0%@1344,4%@1344,0%@729,4%@729] GR3D_FREQ 0% cpu@49.25C soc2@48.531C soc0@49.031C gpu@49.906C tj@49.906C soc1@49.156C VDD_IN 5546mW/5573mW VDD_CPU_GPU_CV 1028mW/1087mW VDD_SOC 1624mW/1604mW
09-01-2026 14:59:20 RAM 3595/7620MB (lfb 1x256kB) SWAP 6/3810MB (cached 0MB) CPU [70%@1344,33%@1344,13%@1344,0%@1344,66%@1344,0%@1344] GR3D_FREQ 0% cpu@49.593C soc2@48.5C soc0@49.125C gpu@49.781C tj@49.781C soc1@49.187C VDD_IN 5823mW/5579mW VDD_CPU_GPU_CV 1147mW/1089mW VDD_SOC 1661mW/1606mW
09-01-2026 14:59:20 RAM 4066/7620MB (lfb 3x128kB) SWAP 6/3810MB (cached 0MB) CPU [100%@1344,0%@1344,0%@1344,0%@1344,100%@1344,0%@1344] GR3D_FREQ 0% cpu@49.625C soc2@48.562C soc0@49.156C gpu@50C tj@50C soc1@49.187C VDD_IN 6091mW/5592mW VDD_CPU_GPU_CV 1263mW/1093mW VDD_SOC 1700mW/1608mW
09-01-2026 14:59:20 RAM 4233/7620MB (lfb 1x4MB) SWAP 6/3810MB (cached 0MB) CPU [61%@1344,0%@1344,0%@1344,4%@1344,95%@1344,0%@1344] GR3D_FREQ 0% cpu@49.5C soc2@48.531C soc0@49.156C gpu@50.062C tj@50.062C soc1@49.062C VDD_IN 6011mW/5602mW VDD_CPU_GPU_CV 1265mW/1097mW VDD_SOC 1700mW/1610mW
09-01-2026 14:59:20 RAM 4232/7620MB (lfb 1x4MB) SWAP 6/3810MB (cached 0MB) CPU [4%@729,0%@729,4%@729,0%@729,84%@1344,0%@1344] GR3D_FREQ 10% cpu@49.531C soc2@48.437C soc0@49.218C gpu@50C tj@50C soc1@49.062C VDD_IN 5902mW/5610mW VDD_CPU_GPU_CV 1186mW/1100mW VDD_SOC 1700mW/1612mW
09-01-2026 14:59:20 RAM 4231/7620MB (lfb 1x4MB) SWAP 9/3810MB (cached 0MB) CPU [5%@1190,0%@1190,0%@1190,25%@1190,90%@1344,0%@1344] GR3D_FREQ 15% cpu@49.468C soc2@48.5C soc0@49.187C gpu@49.875C tj@49.968C soc1@49.156C VDD_IN 6051mW/5620mW VDD_CPU_GPU_CV 1186mW/1102mW VDD_SOC 1779mW/1616mW
09-01-2026 14:59:21 RAM 4221/7620MB (lfb 1x4MB) SWAP 26/3810MB (cached 0MB) CPU [4%@1344,0%@1344,9%@1344,100%@1344,78%@1344,4%@1344] GR3D_FREQ 8% cpu@49.5C soc2@48.531C soc0@49.062C gpu@49.875C tj@49.875C soc1@49.156C VDD_IN 6170mW/5632mW VDD_CPU_GPU_CV 1263mW/1105mW VDD_SOC 1779mW/1620mW
09-01-2026 14:59:21 RAM 4207/7620MB (lfb 1x4MB) SWAP 47/3810MB (cached 0MB) CPU [9%@1344,0%@1344,0%@1344,100%@1344,70%@1344,5%@1344] GR3D_FREQ 15% cpu@49.718C soc2@48.5C soc0@49.125C gpu@49.875C tj@49.875C soc1@49.218C VDD_IN 6209mW/5645mW VDD_CPU_GPU_CV 1303mW/1110mW VDD_SOC 1779mW/1623mW
09-01-2026 14:59:21 RAM 4193/7620MB (lfb 1x4MB) SWAP 67/3810MB (cached 0MB) CPU [5%@1344,0%@1344,0%@1344,100%@1344,75%@1113,4%@1113] GR3D_FREQ 16% cpu@49.906C soc2@48.531C soc0@49.093C gpu@50.125C tj@50.125C soc1@49.312C VDD_IN 6249mW/5658mW VDD_CPU_GPU_CV 1342mW/1115mW VDD_SOC 1779mW/1627mW
09-01-2026 14:59:21 RAM 4175/7620MB (lfb 1x4MB) SWAP 93/3810MB (cached 0MB) CPU [5%@729,0%@729,0%@729,66%@729,70%@1113,10%@1113] GR3D_FREQ 15% cpu@49.281C soc2@48.5C soc0@49.281C gpu@50.062C tj@50.062C soc1@49.062C VDD_IN 6209mW/5670mW VDD_CPU_GPU_CV 1342mW/1120mW VDD_SOC 1779mW/1630mW
09-01-2026 14:59:21 RAM 4177/7620MB (lfb 1x4MB) SWAP 121/3810MB (cached 0MB) CPU [9%@1344,0%@1344,0%@1344,70%@1344,80%@1344,13%@1344] GR3D_FREQ 0% cpu@49.593C soc2@48.531C soc0@49.218C gpu@49.906C tj@49.906C soc1@49.156C VDD_IN 6170mW/5680mW VDD_CPU_GPU_CV 1303mW/1123mW VDD_SOC 1740mW/1632mW
09-01-2026 14:59:22 RAM 4211/7620MB (lfb 1x4MB) SWAP 155/3810MB (cached 0MB) CPU [0%@1344,9%@1344,9%@1344,95%@1344,95%@1344,0%@1344] GR3D_FREQ 14% cpu@49.593C soc2@48.562C soc0@49.093C gpu@49.906C tj@49.906C soc1@49.125C VDD_IN 6209mW/5691mW VDD_CPU_GPU_CV 1382mW/1129mW VDD_SOC 1740mW/1635mW
09-01-2026 14:59:22 RAM 4212/7620MB (lfb 1x4MB) SWAP 201/3810MB (cached 0MB) CPU [0%@1344,0%@1344,9%@1344,100%@1344,95%@1344,0%@1344] GR3D_FREQ 0% cpu@49.812C soc2@48.562C soc0@49.156C gpu@50C tj@50C soc1@49.218C VDD_IN 6209mW/5702mW VDD_CPU_GPU_CV 1421mW/1134mW VDD_SOC 1700mW/1636mW
09-01-2026 14:59:22 RAM 4235/7620MB (lfb 3x4MB) SWAP 231/3810MB (cached 0MB) CPU [4%@1344,0%@1344,0%@1344,100%@1344,90%@1344,0%@1344] GR3D_FREQ 3% cpu@49.718C soc2@48.562C soc0@49.156C gpu@49.843C tj@49.843C soc1@49.093C VDD_IN 6209mW/5711mW VDD_CPU_GPU_CV 1421mW/1140mW VDD_SOC 1700mW/1637mW
09-01-2026 14:59:22 RAM 4288/7620MB (lfb 3x4MB) SWAP 248/3810MB (cached 0MB) CPU [0%@1344,0%@1344,0%@1344,78%@1344,90%@1344,0%@1344] GR3D_FREQ 19% cpu@49.843C soc2@48.593C soc0@49.093C gpu@50.187C tj@50.187C soc1@49.062C VDD_IN 6209mW/5721mW VDD_CPU_GPU_CV 1421mW/1145mW VDD_SOC 1700mW/1638mW
09-01-2026 14:59:22 RAM 4310/7620MB (lfb 3x4MB) SWAP 264/3810MB (cached 0MB) CPU [13%@1344,4%@1344,9%@1344,95%@1344,90%@1344,5%@1344] GR3D_FREQ 12% cpu@49.625C soc2@48.531C soc0@49.187C gpu@50C tj@50C soc1@49.062C VDD_IN 6209mW/5730mW VDD_CPU_GPU_CV 1421mW/1151mW VDD_SOC 1700mW/1639mW
09-01-2026 14:59:23 RAM 4324/7620MB (lfb 3x4MB) SWAP 264/3810MB (cached 0MB) CPU [0%@729,0%@729,0%@729,9%@729,100%@1344,0%@1344] GR3D_FREQ 0% cpu@49.406C soc2@48.562C soc0@49.375C gpu@50.062C tj@50.062C soc1@49.125C VDD_IN 5942mW/5734mW VDD_CPU_GPU_CV 1265mW/1153mW VDD_SOC 1661mW/1640mW
09-01-2026 14:59:23 RAM 4379/7620MB (lfb 20x1MB) SWAP 264/3810MB (cached 0MB) CPU [0%@729,0%@1344,4%@1344,0%@1344,95%@1344,0%@1344] GR3D_FREQ 4% cpu@49.406C soc2@48.531C soc0@49.187C gpu@49.968C tj@49.968C soc1@49.187C VDD_IN 5823mW/5736mW VDD_CPU_GPU_CV 1147mW/1153mW VDD_SOC 1661mW/1640mW
09-01-2026 14:59:23 RAM 4465/7620MB (lfb 22x1MB) SWAP 267/3810MB (cached 0MB) CPU [5%@1113,0%@1113,0%@1113,35%@1113,78%@1344,0%@1344] GR3D_FREQ 0% cpu@49.718C soc2@48.531C soc0@49.187C gpu@50.25C tj@50.25C soc1@49.281C VDD_IN 5783mW/5737mW VDD_CPU_GPU_CV 1147mW/1153mW VDD_SOC 1661mW/1641mW
09-01-2026 14:59:23 RAM 4578/7620MB (lfb 11x1MB) SWAP 277/3810MB (cached 0MB) CPU [8%@960,0%@960,0%@960,38%@960,66%@1344,23%@1344] GR3D_FREQ 0% cpu@49.531C soc2@48.531C soc0@49.187C gpu@49.968C tj@49.968C soc1@49.187C VDD_IN 5783mW/5737mW VDD_CPU_GPU_CV 1147mW/1152mW VDD_SOC 1661mW/1641mW
09-01-2026 14:59:23 RAM 4729/7620MB (lfb 1x2MB) SWAP 282/3810MB (cached 0MB) CPU [0%@1344,0%@1344,0%@1344,42%@1344,0%@1344,91%@1344] GR3D_FREQ 16% cpu@49.437C soc2@48.531C soc0@49.218C gpu@50.093C tj@50.093C soc1@49.125C VDD_IN 5863mW/5740mW VDD_CPU_GPU_CV 1147mW/1152mW VDD_SOC 1661mW/1641mW
09-01-2026 14:59:24 RAM 4730/7620MB (lfb 1x2MB) SWAP 283/3810MB (cached 0MB) CPU [0%@729,0%@729,0%@729,10%@729,0%@1344,100%@1344] GR3D_FREQ 0% cpu@49.343C soc2@48.531C soc0@49.343C gpu@50.218C tj@50.218C soc1@49.156C VDD_IN 5823mW/5741mW VDD_CPU_GPU_CV 1107mW/1152mW VDD_SOC 1661mW/1642mW
09-01-2026 14:59:24 RAM 4736/7620MB (lfb 5x2MB) SWAP 283/3810MB (cached 0MB) CPU [0%@729,20%@729,0%@729,0%@729,0%@1344,100%@1344] GR3D_FREQ 0% cpu@49.437C soc2@48.531C soc0@49.125C gpu@50.093C tj@50.093C soc1@49.218C VDD_IN 5744mW/5741mW VDD_CPU_GPU_CV 1028mW/1150mW VDD_SOC 1661mW/1642mW
09-01-2026 14:59:24 RAM 4736/7620MB (lfb 5x2MB) SWAP 283/3810MB (cached 0MB) CPU [0%@729,0%@729,0%@729,0%@729,0%@1344,100%@1344] GR3D_FREQ 0% cpu@49.5C soc2@48.531C soc0@49.218C gpu@50.156C tj@50.156C soc1@49.093C VDD_IN 5704mW/5740mW VDD_CPU_GPU_CV 949mW/1146mW VDD_SOC 1663mW/1642mW
09-01-2026 14:59:24 RAM 4736/7620MB (lfb 5x2MB) SWAP 283/3810MB (cached 0MB) CPU [0%@729,0%@729,4%@729,0%@729,0%@1344,95%@1344] GR3D_FREQ 0% cpu@49.312C soc2@48.5C soc0@49.25C gpu@49.937C tj@49.937C soc1@49.093C VDD_IN 5665mW/5739mW VDD_CPU_GPU_CV 909mW/1142mW VDD_SOC 1663mW/1643mW
09-01-2026 14:59:24 RAM 4736/7620MB (lfb 5x2MB) SWAP 283/3810MB (cached 0MB) CPU [0%@1344,0%@1344,0%@1344,4%@1344,0%@1344,95%@1344] GR3D_FREQ 0% cpu@49.25C soc2@48.468C soc0@49.156C gpu@49.906C tj@49.906C soc1@49.218C VDD_IN 5625mW/5737mW VDD_CPU_GPU_CV 909mW/1139mW VDD_SOC 1663mW/1643mW
09-01-2026 14:59:25 RAM 4736/7620MB (lfb 5x2MB) SWAP 283/3810MB (cached 0MB) CPU [4%@729,4%@729,0%@729,0%@729,23%@1190,80%@1190] GR3D_FREQ 0% cpu@49.25C soc2@48.437C soc0@49.125C gpu@49.937C tj@49.937C soc1@49.218C VDD_IN 5585mW/5735mW VDD_CPU_GPU_CV 870mW/1135mW VDD_SOC 1663mW/1643mW
09-01-2026 14:59:25 RAM 4736/7620MB (lfb 5x2MB) SWAP 283/3810MB (cached 0MB) CPU [0%@729,0%@729,0%@729,0%@729,100%@1344,0%@1344] GR3D_FREQ 0% cpu@49.5C soc2@48.531C soc0@49.218C gpu@49.968C tj@49.968C soc1@49.093C VDD_IN 5625mW/5733mW VDD_CPU_GPU_CV 909mW/1131mW VDD_SOC 1663mW/1644mW
09-01-2026 14:59:25 RAM 3913/7620MB (lfb 7x4MB) SWAP 284/3810MB (cached 0MB) CPU [4%@729,0%@729,0%@729,5%@729,5%@1344,85%@1344] GR3D_FREQ 1% cpu@49.281C soc2@48.531C soc0@49.218C gpu@50C tj@50C soc1@49.093C VDD_IN 5546mW/5731mW VDD_CPU_GPU_CV 949mW/1128mW VDD_SOC 1624mW/1643mW
