09-01-2026 15:00:21 RAM 3347/7620MB (lfb 12x4MB) SWAP 281/3810MB (cached 0MB) CPU [80%@1344,22%@1344,25%@1344,30%@1344,57%@806,23%@806] GR3D_FREQ 0% cpu@49.25C soc2@48.375C soc0@49.031C gpu@49.75C tj@49.75C soc1@48.968C VDD_IN 5484mW/5484mW VDD_CPU_GPU_CV 1031mW/1031mW VDD_SOC 1587mW/1587mW
09-01-2026 15:00:22 RAM 3423/7620MB (lfb 8x4MB) SWAP 281/3810MB (cached 0MB) CPU [0%@1344,95%@1344,0%@1344,0%@1344,0%@729,0%@729] GR3D_FREQ 0% cpu@49.187C soc2@48.312C soc0@49C gpu@49.687C tj@49.687C soc1@49.093C VDD_IN 5475mW/5480mW VDD_CPU_GPU_CV 990mW/1011mW VDD_SOC 1626mW/1607mW
09-01-2026 15:00:22 RAM 3441/7620MB (lfb 8x4MB) SWAP 281/3810MB (cached 0MB) CPU [55%@1344,30%@1344,33%@1344,30%@1344,76%@1344,90%@1344] GR3D_FREQ 0% cpu@49.5C soc2@48.531C soc0@49.031C gpu@49.718C tj@49.718C soc1@49.125C VDD_IN 5902mW/5620mW VDD_CPU_GPU_CV 1305mW/1109mW VDD_SOC 1624mW/1612mW
09-01-2026 15:00:22 RAM 3460/7620MB (lfb 19x4MB) SWAP 281/3810MB (cached 0MB) CPU [100%@1344,0%@1344,0%@1344,0%@1344,0%@729,65%@729] GR3D_FREQ 0% cpu@49.312C soc2@48.5C soc0@49.125C gpu@50C tj@50C soc1@48.875C VDD_IN 5942mW/5701mW VDD_CPU_GPU_CV 1305mW/1158mW VDD_SOC 1663mW/1625mW
09-01-2026 15:00:22 RAM 3492/7620MB (lfb 19x4MB) SWAP 281/3810MB (cached 0MB) CPU [100%@1344,4%@1344,0%@1344,4%@1344,0%@729,0%@729] GR3D_FREQ 0% cpu@49.343C soc2@48.437C soc0@49.156C gpu@49.843C tj@49.843C soc1@48.906C VDD_IN 5783mW/5717mW VDD_CPU_GPU_CV 1186mW/1163mW VDD_SOC 1624mW/1625mW
09-01-2026 15:00:22 RAM 3507/7620MB (lfb 19x4MB) SWAP 281/3810MB (cached 0MB) CPU [95%@1344,35%@1344,33%@1344,33%@1344,33%@729,35%@729] GR3D_FREQ 0% cpu@49.375C soc2@48.468C soc0@49.062C gpu@49.75C tj@49.75C soc1@48.968C VDD_IN 5783mW/5728mW VDD_CPU_GPU_CV 1226mW/1174mW VDD_SOC 1624mW/1625mW
09-01-2026 15:00:23 RAM 3516/7620MB (lfb 19x4MB) SWAP 281/3810MB (cached 0MB) CPU [95%@1344,0%@1344,0%@1344,0%@1344,0%@729,0%@729] GR3D_FREQ 0% cpu@49.437C soc2@48.437C soc0@49.281C gpu@50.125C tj@50.125C soc1@49C VDD_IN 5704mW/5725mW VDD_CPU_GPU_CV 1147mW/1170mW VDD_SOC 1624mW/1625mW
09-01-2026 15:00:23 RAM 3524/7620MB (lfb 19x4MB) SWAP 281/3810MB (cached 0MB) CPU [100%@1344,0%@1344,0%@1344,0%@1344,0%@729,4%@729] GR3D_FREQ 0% cpu@49.5C soc2@48.5C soc0@49.093C gpu@49.906C tj@49.906C soc1@49.062C VDD_IN 5625mW/5712mW VDD_CPU_GPU_CV 1147mW/1167mW VDD_SOC 1624mW/1625mW
09-01-2026 15:00:23 RAM 3530/7620MB (lfb 19x4MB) SWAP 281/3810MB (cached 0MB) CPU [95%@1344,4%@1344,0%@1344,0%@1344,0%@729,0%@729] GR3D_FREQ 0% cpu@49.625C soc2@48.562C soc0@49.093C gpu@49.937C tj@49.937C soc1@49.125C VDD_IN 5625mW/5703mW VDD_CPU_GPU_CV 1107mW/1160mW VDD_SOC 1624mW/1624mW
09-01-2026 15:00:23 RAM 3537/7620MB (lfb 19x4MB) SWAP 281/3810MB (cached 0MB) CPU [100%@1344,0%@1344,0%@1344,0%@1344,0%@729,0%@729] GR3D_FREQ 0% cpu@49.468C soc2@48.531C soc0@49.062C gpu@49.812C tj@49.812C soc1@48.906C VDD_IN 5585mW/5691mW VDD_CPU_GPU_CV 1107mW/1155mW VDD_SOC 1584mW/1620mW
09-01-2026 15:00:23 RAM 3540/7620MB (lfb 19x4MB) SWAP 281/3810MB (cached 0MB) CPU [100%@1344,0%@1344,0%@1344,0%@1344,0%@729,0%@729] GR3D_FREQ 0% cpu@49.625C soc2@48.437C soc0@49.156C gpu@49.718C tj@49.718C soc1@48.937C VDD_IN 5546mW/5678mW VDD_CPU_GPU_CV 1107mW/1151mW VDD_SOC 1584mW/1617mW
09-01-2026 15:00:24 RAM 3542/7620MB (lfb 19x4MB) SWAP 281/3810MB (cached 0MB) CPU [100%@1344,0%@1344,0%@1344,0%@1344,0%@729,0%@729] GR3D_FREQ 0% cpu@49.281C soc2@48.468C soc0@49.156C gpu@50.031C tj@50.031C soc1@49.031C VDD_IN 5585mW/5670mW VDD_CPU_GPU_CV 1067mW/1144mW VDD_SOC 1624mW/1618mW
09-01-2026 15:00:24 RAM 3548/7620MB (lfb 19x4MB) SWAP 281/3810MB (cached 0MB) CPU [95%@1344,0%@1344,0%@1344,0%@1344,0%@729,0%@729] GR3D_FREQ 0% cpu@49.406C soc2@48.531C soc0@49.25C gpu@49.75C tj@49.75C soc1@48.968C VDD_IN 5546mW/5660mW VDD_CPU_GPU_CV 1067mW/1138mW VDD_SOC 1624mW/1618mW
09-01-2026 15:00:24 RAM 3553/7620MB (lfb 19x4MB) SWAP 281/3810MB (cached 0MB) CPU [20%@1344,80%@1344,0%@1344,0%@1344,0%@729,0%@729] GR3D_FREQ 0% cpu@49.312C soc2@48.281C soc0@49.031C gpu@49.75C tj@49.875C soc1@49.093C VDD_IN 5546mW/5652mW VDD_CPU_GPU_CV 1067mW/1133mW VDD_SOC 1584mW/1616mW
09-01-2026 15:00:24 RAM 3561/7620MB (lfb 19x4MB) SWAP 281/3810MB (cached 0MB) CPU [4%@1344,85%@1344,0%@1344,0%@1344,0%@729,0%@729] GR3D_FREQ 0% cpu@49.343C soc2@48.468C soc0@49.031C gpu@49.75C tj@49.75C soc1@49.062C VDD_IN 5506mW/5642mW VDD_CPU_GPU_CV 1067mW/1128mW VDD_SOC 1584mW/1614mW
09-01-2026 15:00:25 RAM 3565/7620MB (lfb 19x4MB) SWAP 281/3810MB (cached 0MB) CPU [0%@1344,95%@1344,0%@1344,0%@1344,0%@729,0%@729] GR3D_FREQ 0% cpu@49.25C soc2@48.468C soc0@49.031C gpu@50.125C tj@50.125C soc1@49.156C VDD_IN 5506mW/5634mW VDD_CPU_GPU_CV 1067mW/1125mW VDD_SOC 1584mW/1612mW
09-01-2026 15:00:25 RAM 3569/7620MB (lfb 19x4MB) SWAP 281/3810MB (cached 0MB) CPU [4%@1344,68%@1344,15%@1344,0%@1344,0%@729,0%@729] GR3D_FREQ 0% cpu@49.531C soc2@48.5C soc0@49.031C gpu@49.937C tj@49.937C soc1@48.937C VDD_IN 5506mW/5626mW VDD_CPU_GPU_CV 1067mW/1121mW VDD_SOC 1584mW/1610mW
09-01-2026 15:00:25 RAM 3570/7620MB (lfb 19x4MB) SWAP 281/3810MB (cached 0MB) CPU [0%@1344,0%@1344,80%@1344,0%@1344,0%@729,0%@729] GR3D_FREQ 0% cpu@49.437C soc2@48.406C soc0@49.093C gpu@49.812C tj@49.812C soc1@48.968C VDD_IN 5427mW/5615mW VDD_CPU_GPU_CV 1030mW/1116mW VDD_SOC 1584mW/1609mW
09-01-2026 15:00:25 RAM 3570/7620MB (lfb 19x4MB) SWAP 281/3810MB (cached 0MB) CPU [5%@1344,0%@1344,80%@1344,0%@1344,0%@729,0%@729] GR3D_FREQ 0% cpu@49.375C soc2@48.406C soc0@49.125C gpu@49.75C tj@49.75C soc1@48.937C VDD_IN 5387mW/5603mW VDD_CPU_GPU_CV 1030mW/1112mW VDD_SOC 1584mW/1607mW
09-01-2026 15:00:25 RAM 3570/7620MB (lfb 19x4MB) SWAP 281/3810MB (cached 0MB) CPU [4%@1344,0%@1344,80%@1344,0%@1344,0%@729,0%@729] GR3D_FREQ 0% cpu@49.406C soc2@48.343C soc0@49.343C gpu@49.937C tj@49.937C soc1@48.968C VDD_IN 5387mW/5593mW VDD_CPU_GPU_CV 1030mW/1107mW VDD_SOC 1584mW/1606mW
09-01-2026 15:00:26 RAM 3571/7620MB (lfb 19x4MB) SWAP 281/3810MB (cached 0MB) CPU [5%@1344,0%@1344,80%@1344,0%@1344,0%@729,0%@729] GR3D_FREQ 0% cpu@49.375C soc2@48.406C soc0@49.031C gpu@50.062C tj@50.062C soc1@49.093C VDD_IN 5356mW/5581mW VDD_CPU_GPU_CV 1030mW/1104mW VDD_SOC 1584mW/1605mW
09-01-2026 15:00:26 RAM 3571/7620MB (lfb 19x4MB) SWAP 281/3810MB (cached 0MB) CPU [0%@1344,0%@1344,85%@1344,0%@1344,0%@729,0%@729] GR3D_FREQ 0% cpu@49.5C soc2@48.437C soc0@49.062C gpu@49.843C tj@49.843C soc1@49.093C VDD_IN 5387mW/5572mW VDD_CPU_GPU_CV 1030mW/1100mW VDD_SOC 1584mW/1604mW
09-01-2026 15:00:26 RAM 3572/7620MB (lfb 19x4MB) SWAP 281/3810MB (cached 0MB) CPU [4%@1344,0%@1344,100%@1344,0%@1344,0%@729,0%@729] GR3D_FREQ 0% cpu@49.656C soc2@48.468C soc0@49.125C gpu@49.812C tj@49.812C soc1@49.125C VDD_IN 5427mW/5566mW VDD_CPU_GPU_CV 1069mW/1099mW VDD_SOC 1584mW/1603mW
09-01-2026 15:00:26 RAM 3572/7620MB (lfb 19x4MB) SWAP 281/3810MB (cached 0MB) CPU [0%@1344,0%@1344,100%@1344,4%@1344,0%@729,0%@729] GR3D_FREQ 0% cpu@49.562C soc2@48.406C soc0@49.156C gpu@50.031C tj@50.031C soc1@48.968C VDD_IN 5506mW/5564mW VDD_CPU_GPU_CV 1028mW/1096mW VDD_SOC 1624mW/1604mW
09-01-2026 15:00:26 RAM 3572/7620MB (lfb 19x4MB) SWAP 281/3810MB (cached 0MB) CPU [4%@1344,0%@1344,100%@1344,0%@1344,0%@729,0%@729] GR3D_FREQ 0% cpu@49.5C soc2@48.468C soc0@49.093C gpu@49.968C tj@49.968C soc1@48.937C VDD_IN 5506mW/5561mW VDD_CPU_GPU_CV 1067mW/1095mW VDD_SOC 1584mW/1603mW
09-01-2026 15:00:27 RAM 3574/7620MB (lfb 19x4MB) SWAP 281/3810MB (cached 0MB) CPU [0%@1344,0%@1344,100%@1344,0%@1344,0%@729,0%@729] GR3D_FREQ 0% cpu@49.718C soc2@48.406C soc0@49.125C gpu@49.812C tj@49.812C soc1@49.062C VDD_IN 5506mW/5559mW VDD_CPU_GPU_CV 1067mW/1094mW VDD_SOC 1584mW/1603mW
09-01-2026 15:00:27 RAM 3580/7620MB (lfb 19x4MB) SWAP 281/3810MB (cached 0MB) CPU [9%@1344,0%@1344,95%@1344,0%@1344,0%@729,0%@729] GR3D_FREQ 0% cpu@49.562C soc2@48.5C soc0@49.062C gpu@50.156C tj@50.156C soc1@49.031C VDD_IN 5506mW/5557mW VDD_CPU_GPU_CV 1067mW/1093mW VDD_SOC 1584mW/1602mW
09-01-2026 15:00:27 RAM 3644/7620MB (lfb 19x4MB) SWAP 281/3810MB (cached 0MB) CPU [5%@1344,0%@1344,89%@1344,0%@1344,0%@729,0%@729] GR3D_FREQ 0% cpu@49.5C soc2@48.5C soc0@49.031C gpu@49.812C tj@49.812C soc1@49.156C VDD_IN 5546mW/5557mW VDD_CPU_GPU_CV 1067mW/1092mW VDD_SOC 1584mW/1601mW
09-01-2026 15:00:27 RAM 3698/7620MB (lfb 19x4MB) SWAP 281/3810MB (cached 0MB) CPU [0%@1344,0%@1344,100%@1344,0%@1344,0%@729,0%@729] GR3D_FREQ 0% cpu@49.75C soc2@48.468C soc0@49.062C gpu@50C tj@50C soc1@49.093C VDD_IN 5585mW/5558mW VDD_CPU_GPU_CV 1067mW/1091mW VDD_SOC 1624mW/1602mW
09-01-2026 15:00:27 RAM 3706/7620MB (lfb 19x4MB) SWAP 281/3810MB (cached 0MB) CPU [0%@1344,0%@1344,100%@1344,0%@1344,0%@729,0%@729] GR3D_FREQ 0% cpu@49.75C soc2@48.468C soc0@49.187C gpu@49.968C tj@49.968C soc1@49.125C VDD_IN 5704mW/5563mW VDD_CPU_GPU_CV 1067mW/1090mW VDD_SOC 1624mW/1603mW
09-01-2026 15:00:28 RAM 3706/7620MB (lfb 19x4MB) SWAP 281/3810MB (cached 0MB) CPU [0%@1344,0%@1344,100%@1344,4%@1344,0%@729,0%@729] GR3D_FREQ 0% cpu@49.5C soc2@48.468C soc0@49.125C gpu@49.812C tj@49.812C soc1@49C VDD_IN 5625mW/5565mW VDD_CPU_GPU_CV 1028mW/1088mW VDD_SOC 1624mW/1603mW
09-01-2026 15:00:28 RAM 3691/7620MB (lfb 19x4MB) SWAP 281/3810MB (cached 0MB) CPU [0%@1344,0%@1344,95%@1344,0%@1344,0%@729,4%@729] GR3D_FREQ 0% cpu@49.718C soc2@48.406C soc0@49.187C gpu@50.062C tj@50.062C soc1@48.968C VDD_IN 5546mW/5564mW VDD_CPU_GPU_CV 1028mW/1086mW VDD_SOC 1624mW/1604mW
09-01-2026 15:00:28 RAM 3694/7620MB (lfb 19x4MB) SWAP 281/3810MB (cached 0MB) CPU [4%@1344,0%@1344,90%@1344,0%@1344,0%@729,0%@729] GR3D_FREQ 0% cpu@49.5C soc2@48.437C soc0@49.187C gpu@50.187C tj@50.187C soc1@49C VDD_IN 5546mW/5564mW VDD_CPU_GPU_CV 1028mW/1085mW VDD_SOC 1624mW/1605mW
09-01-2026 15:00:28 RAM 3701/7620MB (lfb 19x4MB) SWAP 281/3810MB (cached 0MB) CPU [4%@1344,4%@1344,86%@1344,0%@1344,0%@729,0%@729] GR3D_FREQ 0% cpu@49.531C soc2@48.406C soc0@49.031C gpu@50C tj@50C soc1@49.031C VDD_IN 5546mW/5563mW VDD_CPU_GPU_CV 1028mW/1083mW VDD_SOC 1624mW/1605mW
09-01-2026 15:00:28 RAM 3702/7620MB (lfb 19x4MB) SWAP 281/3810MB (cached 0MB) CPU [0%@1344,0%@1344,95%@1344,0%@1344,0%@729,0%@729] GR3D_FREQ 0% cpu@49.343C soc2@48.375C soc0@49.093C gpu@49.843C tj@49.843C soc1@49.156C VDD_IN 5585mW/5564mW VDD_CPU_GPU_CV 988mW/1080mW VDD_SOC 1624mW/1606mW
09-01-2026 15:00:29 RAM 3708/7620MB (lfb 19x4MB) SWAP 281/3810MB (cached 0MB) CPU [4%@1344,0%@1344,90%@1344,0%@1344,0%@729,0%@729] GR3D_FREQ 0% cpu@49.687C soc2@48.5C soc0@49.062C gpu@49.781C tj@49.781C soc1@49.125C VDD_IN 5546mW/5563mW VDD_CPU_GPU_CV 988mW/1078mW VDD_SOC 1624mW/1606mW
09-01-2026 15:00:29 RAM 3714/7620MB (lfb 19x4MB) SWAP 281/3810MB (cached 0MB) CPU [0%@1344,0%@1344,85%@1344,0%@1344,0%@729,0%@729] GR3D_FREQ 0% cpu@49.593C soc2@48.5C soc0@49.031C gpu@50.062C tj@50.062C soc1@49.031C VDD_IN 5506mW/5562mW VDD_CPU_GPU_CV 988mW/1075mW VDD_SOC 1624mW/1607mW
09-01-2026 15:00:29 RAM 3715/7620MB (lfb 19x4MB) SWAP 281/3810MB (cached 0MB) CPU [0%@1344,0%@1344,95%@1344,0%@1344,0%@729,0%@729] GR3D_FREQ 0% cpu@49.75C soc2@48.406C soc0@49.156C gpu@50.062C tj@50.062C soc1@48.906C VDD_IN 5506mW/5560mW VDD_CPU_GPU_CV 1028mW/1074mW VDD_SOC 1584mW/1606mW
09-01-2026 15:00:29 RAM 3718/7620MB (lfb 19x4MB) SWAP 281/3810MB (cached 0MB) CPU [4%@1344,4%@1344,95%@1344,0%@1344,0%@729,0%@729] GR3D_FREQ 0% cpu@49.5C soc2@48.468C soc0@49.25C gpu@49.968C tj@49.968C soc1@49.062C VDD_IN 5506mW/5559mW VDD_CPU_GPU_CV 1028mW/1073mW VDD_SOC 1584mW/1606mW
09-01-2026 15:00:29 RAM 3723/7620MB (lfb 19x4MB) SWAP 281/3810MB (cached 0MB) CPU [0%@1344,0%@1344,80%@1344,0%@1344,0%@729,0%@729] GR3D_FREQ 0% cpu@49.531C soc2@48.468C soc0@49.125C gpu@49.812C tj@49.812C soc1@49C VDD_IN 5467mW/5556mW VDD_CPU_GPU_CV 1028mW/1072mW VDD_SOC 1584mW/1605mW
09-01-2026 15:00:30 RAM 3723/7620MB (lfb 19x4MB) SWAP 281/3810MB (cached 0MB) CPU [0%@1344,0%@1344,100%@1344,0%@1344,0%@729,0%@729] GR3D_FREQ 0% cpu@49.343C soc2@48.531C soc0@49.093C gpu@50.125C tj@50.125C soc1@49.218C VDD_IN 5546mW/5556mW VDD_CPU_GPU_CV 949mW/1069mW VDD_SOC 1624mW/1606mW
09-01-2026 15:00:30 RAM 3727/7620MB (lfb 19x4MB) SWAP 281/3810MB (cached 0MB) CPU [9%@1344,0%@1344,86%@1344,0%@1344,0%@729,0%@729] GR3D_FREQ 0% cpu@49.656C soc2@48.5C soc0@49.125C gpu@49.75C tj@49.75C soc1@49.218C VDD_IN 5506mW/5555mW VDD_CPU_GPU_CV 988mW/1067mW VDD_SOC 1624mW/1606mW
09-01-2026 15:00:30 RAM 4018/7620MB (lfb 8x4MB) SWAP 281/3810MB (cached 0MB) CPU [0%@1344,0%@1344,100%@1344,0%@1344,4%@729,0%@729] GR3D_FREQ 0% cpu@49.5C soc2@48.5C soc0@49.093C gpu@50.093C tj@50.093C soc1@48.968C VDD_IN 5546mW/5555mW VDD_CPU_GPU_CV 988mW/1065mW VDD_SOC 1624mW/1606mW
09-01-2026 15:00:30 RAM 4310/7620MB (lfb 6x4MB) SWAP 281/3810MB (cached 0MB) CPU [35%@1344,4%@1344,89%@1344,0%@1344,0%@729,0%@729] GR3D_FREQ 13% cpu@49.718C soc2@48.468C soc0@49.125C gpu@49.906C tj@49.906C soc1@49.031C VDD_IN 5704mW/5558mW VDD_CPU_GPU_CV 1067mW/1065mW VDD_SOC 1663mW/1608mW
09-01-2026 15:00:30 RAM 4311/7620MB (lfb 6x4MB) SWAP 281/3810MB (cached 0MB) CPU [15%@1344,0%@1344,85%@1344,0%@1344,0%@729,0%@729] GR3D_FREQ 39% cpu@49.781C soc2@48.437C soc0@49.343C gpu@49.937C tj@49.937C soc1@49.031C VDD_IN 6021mW/5568mW VDD_CPU_GPU_CV 1107mW/1066mW VDD_SOC 1779mW/1612mW
09-01-2026 15:00:31 RAM 4314/7620MB (lfb 6x4MB) SWAP 281/3810MB (cached 0MB) CPU [4%@1344,4%@1344,76%@1344,0%@1344,0%@729,0%@729] GR3D_FREQ 38% cpu@49.562C soc2@48.5C soc0@49.343C gpu@50.093C tj@50.093C soc1@49.187C VDD_IN 6051mW/5579mW VDD_CPU_GPU_CV 1107mW/1067mW VDD_SOC 1819mW/1616mW
09-01-2026 15:00:31 RAM 4315/7620MB (lfb 6x4MB) SWAP 281/3810MB (cached 0MB) CPU [20%@1344,0%@1344,70%@1344,0%@1344,0%@729,4%@729] GR3D_FREQ 12% cpu@49.5C soc2@48.531C soc0@49.156C gpu@50.156C tj@50.156C soc1@49.093C VDD_IN 5982mW/5588mW VDD_CPU_GPU_CV 1067mW/1067mW VDD_SOC 1779mW/1619mW
09-01-2026 15:00:31 RAM 4334/7620MB (lfb 1x512kB) SWAP 281/3810MB (cached 0MB) CPU [18%@1344,0%@1344,80%@1344,25%@1344,0%@729,0%@729] GR3D_FREQ 19% cpu@49.968C soc2@48.531C soc0@49.156C gpu@50.031C tj@50.031C soc1@49.187C VDD_IN 6021mW/5597mW VDD_CPU_GPU_CV 1067mW/1067mW VDD_SOC 1779mW/1623mW
09-01-2026 15:00:31 RAM 4329/7620MB (lfb 1x2MB) SWAP 281/3810MB (cached 0MB) CPU [0%@729,19%@729,15%@729,27%@1344,80%@1344,9%@1344] GR3D_FREQ 22% cpu@49.5C soc2@48.562C soc0@49.218C gpu@50C tj@50C soc1@49.031C VDD_IN 6091mW/5607mW VDD_CPU_GPU_CV 1147mW/1068mW VDD_SOC 1779mW/1626mW
09-01-2026 15:00:32 RAM 4327/7620MB (lfb 1x2MB) SWAP 281/3810MB (cached 0MB) CPU [0%@729,0%@729,0%@729,0%@729,95%@1344,0%@1344] GR3D_FREQ 0% cpu@49.5C soc2@48.437C soc0@49.281C gpu@49.906C tj@49.906C soc1@49.093C VDD_IN 5863mW/5612mW VDD_CPU_GPU_CV 1107mW/1069mW VDD_SOC 1700mW/1627mW
09-01-2026 15:00:32 RAM 4358/7620MB (lfb 1x1MB) SWAP 281/3810MB (cached 0MB) CPU [4%@1344,0%@1344,0%@1344,28%@1344,95%@1344,0%@1344] GR3D_FREQ 0% cpu@49.531C soc2@48.5C soc0@49.187C gpu@49.812C tj@49.812C soc1@49.156C VDD_IN 5863mW/5617mW VDD_CPU_GPU_CV 1107mW/1070mW VDD_SOC 1700mW/1629mW
09-01-2026 15:00:32 RAM 4449/7620MB (lfb 2x512kB) SWAP 284/3810MB (cached 0MB) CPU [5%@1344,0%@1344,4%@1344,35%@1344,94%@1344,0%@1344] GR3D_FREQ 4% cpu@49.437C soc2@48.5C soc0@49.093C gpu@50.156C tj@50.156C soc1@49.156C VDD_IN 5823mW/5621mW VDD_CPU_GPU_CV 1107mW/1071mW VDD_SOC 1661mW/1630mW
09-01-2026 15:00:32 RAM 4595/7620MB (lfb 1x1MB) SWAP 288/3810MB (cached 0MB) CPU [4%@1344,0%@1344,0%@1344,66%@1344,95%@1344,0%@1344] GR3D_FREQ 5% cpu@49.531C soc2@48.625C soc0@49.187C gpu@49.937C tj@49.937C soc1@49.156C VDD_IN 5902mW/5626mW VDD_CPU_GPU_CV 1186mW/1073mW VDD_SOC 1661mW/1630mW
09-01-2026 15:00:32 RAM 4721/7620MB (lfb 57x256kB) SWAP 300/3810MB (cached 0MB) CPU [4%@729,0%@729,4%@729,60%@729,90%@1344,0%@1344] GR3D_FREQ 0% cpu@49.718C soc2@48.562C soc0@49.218C gpu@50.031C tj@50.031C soc1@49C VDD_IN 5972mW/5632mW VDD_CPU_GPU_CV 1226mW/1076mW VDD_SOC 1661mW/1631mW
09-01-2026 15:00:33 RAM 4724/7620MB (lfb 8x1MB) SWAP 343/3810MB (cached 0MB) CPU [0%@1344,4%@1344,100%@1344,0%@1344,86%@1113,0%@1113] GR3D_FREQ 65% cpu@49.625C soc2@48.625C soc0@49.25C gpu@50.031C tj@50.031C soc1@49.031C VDD_IN 6446mW/5647mW VDD_CPU_GPU_CV 1500mW/1083mW VDD_SOC 1740mW/1633mW
09-01-2026 15:00:33 RAM 4793/7620MB (lfb 8x1MB) SWAP 346/3810MB (cached 0MB) CPU [0%@1344,0%@1344,65%@1344,0%@1344,89%@1344,0%@1344] GR3D_FREQ 60% cpu@49.781C soc2@48.656C soc0@49.187C gpu@50.437C tj@50.437C soc1@49.125C VDD_IN 6446mW/5661mW VDD_CPU_GPU_CV 1500mW/1091mW VDD_SOC 1740mW/1635mW
09-01-2026 15:00:33 RAM 4826/7620MB (lfb 7x1MB) SWAP 346/3810MB (cached 0MB) CPU [4%@1344,0%@1344,0%@1344,0%@1344,95%@1344,0%@1344] GR3D_FREQ 56% cpu@49.531C soc2@48.562C soc0@49.312C gpu@50.093C tj@50.093C soc1@49.125C VDD_IN 6565mW/5677mW VDD_CPU_GPU_CV 1500mW/1098mW VDD_SOC 1779mW/1637mW
09-01-2026 15:00:33 RAM 4826/7620MB (lfb 7x1MB) SWAP 346/3810MB (cached 0MB) CPU [4%@729,0%@729,0%@729,0%@729,90%@1344,0%@1344] GR3D_FREQ 53% cpu@49.531C soc2@48.562C soc0@49.218C gpu@50.343C tj@50.343C soc1@49.25C VDD_IN 6802mW/5697mW VDD_CPU_GPU_CV 1540mW/1106mW VDD_SOC 1855mW/1641mW
09-01-2026 15:00:33 RAM 4832/7620MB (lfb 3x2MB) SWAP 346/3810MB (cached 0MB) CPU [40%@1190,4%@1190,4%@1190,4%@1344,90%@1344,0%@1344] GR3D_FREQ 54% cpu@49.812C soc2@48.687C soc0@49.156C gpu@50.25C tj@50.25C soc1@49.25C VDD_IN 7028mW/5719mW VDD_CPU_GPU_CV 1655mW/1115mW VDD_SOC 1895mW/1645mW
09-01-2026 15:00:34 RAM 4844/7620MB (lfb 1x2MB) SWAP 346/3810MB (cached 0MB) CPU [0%@729,0%@729,0%@1344,0%@1344,90%@1344,4%@1344] GR3D_FREQ 56% cpu@49.718C soc2@48.562C soc0@49.25C gpu@50.218C tj@50.218C soc1@49.156C VDD_IN 6949mW/5740mW VDD_CPU_GPU_CV 1579mW/1123mW VDD_SOC 1895mW/1649mW
09-01-2026 15:00:34 RAM 4844/7620MB (lfb 1x2MB) SWAP 346/3810MB (cached 0MB) CPU [0%@729,0%@729,0%@1344,0%@1344,86%@1344,0%@1344] GR3D_FREQ 76% cpu@49.562C soc2@48.625C soc0@49.343C gpu@50.125C tj@50.125C soc1@49.125C VDD_IN 7028mW/5761mW VDD_CPU_GPU_CV 1616mW/1131mW VDD_SOC 1895mW/1653mW
09-01-2026 15:00:34 RAM 4868/7620MB (lfb 8x1MB) SWAP 346/3810MB (cached 0MB) CPU [0%@729,0%@729,5%@729,0%@729,95%@1344,0%@1344] GR3D_FREQ 60% cpu@49.593C soc2@48.625C soc0@49.343C gpu@50.187C tj@50.187C soc1@49.187C VDD_IN 6684mW/5776mW VDD_CPU_GPU_CV 1461mW/1136mW VDD_SOC 1855mW/1657mW
09-01-2026 15:00:34 RAM 4868/7620MB (lfb 8x1MB) SWAP 346/3810MB (cached 0MB) CPU [0%@729,0%@1344,0%@1344,0%@1344,90%@1344,0%@1344] GR3D_FREQ 80% cpu@49.5C soc2@48.656C soc0@49.218C gpu@50.156C tj@50.156C soc1@49.281C VDD_IN 6842mW/5793mW VDD_CPU_GPU_CV 1500mW/1142mW VDD_SOC 1895mW/1660mW
09-01-2026 15:00:34 RAM 4868/7620MB (lfb 8x1MB) SWAP 346/3810MB (cached 0MB) CPU [0%@729,0%@729,4%@729,0%@729,94%@1344,0%@1344] GR3D_FREQ 62% cpu@49.718C soc2@48.656C soc0@49.25C gpu@50.406C tj@50.406C soc1@49.125C VDD_IN 6644mW/5806mW VDD_CPU_GPU_CV 1461mW/1147mW VDD_SOC 1858mW/1664mW
09-01-2026 15:00:35 RAM 4868/7620MB (lfb 8x1MB) SWAP 346/3810MB (cached 0MB) CPU [0%@729,0%@729,0%@1344,0%@1344,90%@1344,0%@1344] GR3D_FREQ 54% cpu@49.687C soc2@48.562C soc0@49.312C gpu@50.593C tj@50.593C soc1@49.093C VDD_IN 6842mW/5822mW VDD_CPU_GPU_CV 1540mW/1153mW VDD_SOC 1895mW/1667mW
09-01-2026 15:00:35 RAM 4868/7620MB (lfb 8x1MB) SWAP 346/3810MB (cached 0MB) CPU [0%@729,0%@1344,0%@1344,0%@1344,94%@1344,0%@1344] GR3D_FREQ 74% cpu@49.562C soc2@48.656C soc0@49.375C gpu@50.343C tj@50.343C soc1@49.156C VDD_IN 6949mW/5839mW VDD_CPU_GPU_CV 1576mW/1159mW VDD_SOC 1895mW/1671mW
09-01-2026 15:00:35 RAM 4868/7620MB (lfb 8x1MB) SWAP 346/3810MB (cached 0MB) CPU [0%@1344,4%@1344,0%@1344,0%@1344,95%@1344,0%@1344] GR3D_FREQ 55% cpu@49.656C soc2@48.593C soc0@49.218C gpu@50.187C tj@50.187C soc1@49.218C VDD_IN 6989mW/5856mW VDD_CPU_GPU_CV 1576mW/1166mW VDD_SOC 1895mW/1674mW
09-01-2026 15:00:35 RAM 4868/7620MB (lfb 8x1MB) SWAP 346/3810MB (cached 0MB) CPU [0%@1344,9%@1344,0%@1344,0%@1344,90%@1344,0%@1344] GR3D_FREQ 55% cpu@49.75C soc2@48.687C soc0@49.25C gpu@50.25C tj@50.25C soc1@49.281C VDD_IN 7068mW/5874mW VDD_CPU_GPU_CV 1616mW/1172mW VDD_SOC 1934mW/1678mW
09-01-2026 15:00:35 RAM 4868/7620MB (lfb 8x1MB) SWAP 346/3810MB (cached 0MB) CPU [4%@729,0%@729,4%@729,0%@729,90%@1344,0%@1344] GR3D_FREQ 70% cpu@49.937C soc2@48.812C soc0@49.312C gpu@50.25C tj@50.25C soc1@49.281C VDD_IN 7107mW/5892mW VDD_CPU_GPU_CV 1655mW/1179mW VDD_SOC 1934mW/1681mW
09-01-2026 15:00:36 RAM 4868/7620MB (lfb 8x1MB) SWAP 346/3810MB (cached 0MB) CPU [4%@1344,0%@1344,0%@1344,0%@1344,95%@1344,0%@1344] GR3D_FREQ 55% cpu@49.812C soc2@48.718C soc0@49.343C gpu@50.5C tj@50.5C soc1@49.156C VDD_IN 7107mW/5909mW VDD_CPU_GPU_CV 1616mW/1185mW VDD_SOC 1934mW/1685mW
09-01-2026 15:00:36 RAM 4869/7620MB (lfb 8x1MB) SWAP 346/3810MB (cached 0MB) CPU [4%@729,0%@729,0%@729,0%@729,95%@1344,0%@1344] GR3D_FREQ 0% cpu@49.718C soc2@48.656C soc0@49.406C gpu@50.062C tj@50.062C soc1@49.25C VDD_IN 6605mW/5919mW VDD_CPU_GPU_CV 1421mW/1189mW VDD_SOC 1858mW/1687mW
09-01-2026 15:00:36 RAM 4869/7620MB (lfb 8x1MB) SWAP 346/3810MB (cached 0MB) CPU [0%@1344,0%@1344,0%@1344,0%@1344,100%@1344,0%@1344] GR3D_FREQ 0% cpu@49.437C soc2@48.656C soc0@49.312C gpu@50.25C tj@50.25C soc1@49.25C VDD_IN 6249mW/5924mW VDD_CPU_GPU_CV 1184mW/1189mW VDD_SOC 1779mW/1689mW
09-01-2026 15:00:36 RAM 4869/7620MB (lfb 8x1MB) SWAP 346/3810MB (cached 0MB) CPU [0%@729,4%@729,0%@729,0%@729,100%@1344,0%@1344] GR3D_FREQ 0% cpu@49.562C soc2@48.562C soc0@49.25C gpu@50.031C tj@50.031C soc1@49.25C VDD_IN 6051mW/5925mW VDD_CPU_GPU_CV 1107mW/1188mW VDD_SOC 1740mW/1689mW
09-01-2026 15:00:36 RAM 4869/7620MB (lfb 8x1MB) SWAP 346/3810MB (cached 0MB) CPU [0%@729,0%@729,0%@729,5%@729,95%@1344,0%@1344] GR3D_FREQ 0% cpu@49.625C soc2@48.593C soc0@49.312C gpu@50.156C tj@50.156C soc1@49.375C VDD_IN 5902mW/5925mW VDD_CPU_GPU_CV 1028mW/1185mW VDD_SOC 1740mW/1690mW
09-01-2026 15:00:37 RAM 4869/7620MB (lfb 8x1MB) SWAP 346/3810MB (cached 0MB) CPU [0%@729,0%@729,4%@729,9%@729,100%@1344,0%@1344] GR3D_FREQ 0% cpu@49.687C soc2@48.656C soc0@49.343C gpu@50.062C tj@50.062C soc1@49.218C VDD_IN 5783mW/5923mW VDD_CPU_GPU_CV 949mW/1182mW VDD_SOC 1700mW/1690mW
09-01-2026 15:00:37 RAM 4869/7620MB (lfb 8x1MB) SWAP 346/3810MB (cached 0MB) CPU [0%@729,0%@729,0%@729,0%@729,95%@1344,0%@1344] GR3D_FREQ 0% cpu@49.343C soc2@48.562C soc0@49.468C gpu@50.093C tj@50.093C soc1@49.218C VDD_IN 5704mW/5920mW VDD_CPU_GPU_CV 909mW/1179mW VDD_SOC 1703mW/1690mW
09-01-2026 15:00:37 RAM 4869/7620MB (lfb 8x1MB) SWAP 346/3810MB (cached 0MB) CPU [0%@729,0%@729,0%@729,0%@729,80%@1344,9%@1344] GR3D_FREQ 0% cpu@49.5C soc2@48.625C soc0@49.218C gpu@50.062C tj@50.062C soc1@49.218C VDD_IN 5585mW/5916mW VDD_CPU_GPU_CV 909mW/1175mW VDD_SOC 1663mW/1690mW
09-01-2026 15:00:37 RAM 4536/7620MB (lfb 1x2MB) SWAP 345/3810MB (cached 0MB) CPU [31%@1113,0%@1113,0%@1113,0%@1344,65%@729,0%@729] GR3D_FREQ 0% cpu@49.5C soc2@48.562C soc0@49.281C gpu@50.031C tj@50.031C soc1@49.406C VDD_IN 5546mW/5911mW VDD_CPU_GPU_CV 909mW/1172mW VDD_SOC 1663mW/1690mW
09-01-2026 15:00:37 RAM 3710/7620MB (lfb 16x4MB) SWAP 345/3810MB (cached 0MB) CPU [100%@1344,4%@1344,13%@1344,0%@1344,0%@729,0%@729] GR3D_FREQ 0% cpu@49.812C soc2@48.75C soc0@49.281C gpu@50.312C tj@50.312C soc1@49.156C VDD_IN 5585mW/5907mW VDD_CPU_GPU_CV 988mW/1169mW VDD_SOC 1624mW/1689mW
