09-15-2026 23:56:13 RAM 6248/7620MB (lfb 7x128kB) SWAP 1099/3810MB (cached 0MB) CPU [0%@729,0%@729,0%@729,0%@729,0%@1344,0%@1344] GR3D_FREQ 0% cpu@46.625C soc2@45.718C soc0@46.375C gpu@47.187C tj@47.187C soc1@46.218C VDD_IN 5793mW/5793mW VDD_CPU_GPU_CV 1148mW/1148mW VDD_SOC 1666mW/1666mW
09-15-2026 23:56:13 RAM 6248/7620MB (lfb 7x128kB) SWAP 1099/3810MB (cached 0MB) CPU [0%@1344,0%@1344,0%@1344,0%@1344,18%@729,0%@729] GR3D_FREQ 0% cpu@46.343C soc2@45.687C soc0@46.468C gpu@47.468C tj@47.468C soc1@46.312C VDD_IN 5564mW/5679mW VDD_CPU_GPU_CV 992mW/1070mW VDD_SOC 1629mW/1648mW
09-15-2026 23:56:13 RAM 6267/7620MB (lfb 7x128kB) SWAP 1099/3810MB (cached 0MB) CPU [18%@1344,9%@1344,10%@1344,10%@1344,90%@1267,10%@1267] GR3D_FREQ 0% cpu@46.718C soc2@45.812C soc0@46.343C gpu@47.375C tj@47.375C soc1@46.312C VDD_IN 5524mW/5627mW VDD_CPU_GPU_CV 992mW/1044mW VDD_SOC 1629mW/1641mW
09-15-2026 23:56:13 RAM 6326/7620MB (lfb 1x1MB) SWAP 1099/3810MB (cached 0MB) CPU [0%@1113,0%@1113,90%@1113,0%@1113,30%@1113,0%@1113] GR3D_FREQ 4% cpu@46.562C soc2@45.687C soc0@46.375C gpu@47.25C tj@47.25C soc1@46.312C VDD_IN 5555mW/5609mW VDD_CPU_GPU_CV 1031mW/1041mW VDD_SOC 1626mW/1638mW
09-15-2026 23:56:13 RAM 6344/7620MB (lfb 1x1MB) SWAP 1099/3810MB (cached 0MB) CPU [10%@1113,0%@1113,60%@1113,0%@1113,18%@729,0%@729] GR3D_FREQ 0% cpu@46.593C soc2@45.687C soc0@46.437C gpu@47.218C tj@47.218C soc1@46.25C VDD_IN 5515mW/5590mW VDD_CPU_GPU_CV 992mW/1031mW VDD_SOC 1626mW/1635mW
09-15-2026 23:56:13 RAM 6358/7620MB (lfb 1x1MB) SWAP 1099/3810MB (cached 0MB) CPU [9%@1267,9%@1267,90%@1267,8%@1267,0%@729,0%@729] GR3D_FREQ 5% cpu@46.687C soc2@45.75C soc0@46.343C gpu@47.156C tj@47.156C soc1@46.218C VDD_IN 5475mW/5571mW VDD_CPU_GPU_CV 992mW/1025mW VDD_SOC 1587mW/1627mW
09-15-2026 23:56:13 RAM 6390/7620MB (lfb 1x1MB) SWAP 1099/3810MB (cached 0MB) CPU [10%@1344,0%@1344,72%@1344,0%@1344,36%@729,0%@729] GR3D_FREQ 4% cpu@46.562C soc2@45.75C soc0@46.343C gpu@47.093C tj@47.093C soc1@46.25C VDD_IN 5634mW/5580mW VDD_CPU_GPU_CV 1069mW/1031mW VDD_SOC 1626mW/1627mW
09-15-2026 23:56:13 RAM 6433/7620MB (lfb 2x512kB) SWAP 1099/3810MB (cached 0MB) CPU [9%@1113,0%@1113,60%@1113,0%@1113,50%@729,0%@729] GR3D_FREQ 7% cpu@46.593C soc2@45.75C soc0@46.437C gpu@47.375C tj@47.375C soc1@46.312C VDD_IN 5594mW/5582mW VDD_CPU_GPU_CV 1030mW/1031mW VDD_SOC 1626mW/1627mW
09-15-2026 23:56:14 RAM 6473/7620MB (lfb 1x512kB) SWAP 1099/3810MB (cached 0MB) CPU [10%@1344,8%@1344,70%@1344,0%@1344,33%@960,0%@960] GR3D_FREQ 0% cpu@46.718C soc2@45.718C soc0@46.375C gpu@47.281C tj@47.281C soc1@46.187C VDD_IN 5594mW/5583mW VDD_CPU_GPU_CV 1030mW/1031mW VDD_SOC 1626mW/1627mW
09-15-2026 23:56:14 RAM 6568/7620MB (lfb 2x1MB) SWAP 1099/3810MB (cached 0MB) CPU [16%@1344,0%@1344,81%@1344,0%@1344,50%@729,0%@729] GR3D_FREQ 0% cpu@46.937C soc2@45.812C soc0@46.375C gpu@47.218C tj@47.218C soc1@46.25C VDD_IN 5674mW/5592mW VDD_CPU_GPU_CV 1069mW/1035mW VDD_SOC 1624mW/1627mW
09-15-2026 23:56:14 RAM 6646/7620MB (lfb 3x512kB) SWAP 1099/3810MB (cached 0MB) CPU [0%@1344,0%@1344,100%@1344,0%@1344,54%@729,0%@729] GR3D_FREQ 0% cpu@46.75C soc2@45.812C soc0@46.406C gpu@47.375C tj@47.375C soc1@46.25C VDD_IN 5713mW/5603mW VDD_CPU_GPU_CV 1109mW/1041mW VDD_SOC 1624mW/1626mW
09-15-2026 23:56:14 RAM 6756/7620MB (lfb 22x128kB) SWAP 1099/3810MB (cached 0MB) CPU [0%@1344,0%@1344,77%@1344,0%@1344,60%@1190,9%@1190] GR3D_FREQ 78% cpu@46.75C soc2@45.781C soc0@46.5C gpu@47.5C tj@47.5C soc1@46.343C VDD_IN 6061mW/5641mW VDD_CPU_GPU_CV 1305mW/1063mW VDD_SOC 1703mW/1633mW
09-15-2026 23:56:14 RAM 6758/7620MB (lfb 1x512kB) SWAP 1099/3810MB (cached 0MB) CPU [0%@1344,9%@1344,33%@1344,0%@1344,18%@729,0%@729] GR3D_FREQ 92% cpu@46.781C soc2@45.906C soc0@46.281C gpu@48.343C tj@48.343C soc1@46.218C VDD_IN 7593mW/5791mW VDD_CPU_GPU_CV 2089mW/1142mW VDD_SOC 1974mW/1659mW
09-15-2026 23:56:14 RAM 6760/7620MB (lfb 9x256kB) SWAP 1099/3810MB (cached 0MB) CPU [0%@729,0%@729,50%@729,0%@729,0%@729,0%@729] GR3D_FREQ 96% cpu@46.812C soc2@46.062C soc0@46.437C gpu@48.75C tj@48.75C soc1@46.281C VDD_IN 9461mW/6054mW VDD_CPU_GPU_CV 3261mW/1294mW VDD_SOC 2282mW/1703mW
09-15-2026 23:56:14 RAM 6783/7620MB (lfb 6x256kB) SWAP 1099/3810MB (cached 0MB) CPU [9%@1344,0%@1344,61%@1344,0%@1344,0%@729,0%@729] GR3D_FREQ 19% cpu@46.906C soc2@46C soc0@46.5C gpu@47.968C tj@47.968C soc1@46.343C VDD_IN 9501mW/6283mW VDD_CPU_GPU_CV 3261mW/1425mW VDD_SOC 2243mW/1739mW
09-15-2026 23:56:14 RAM 6853/7620MB (lfb 5x512kB) SWAP 1099/3810MB (cached 0MB) CPU [0%@1344,9%@1344,90%@1344,0%@1344,36%@729,0%@729] GR3D_FREQ 0% cpu@47.062C soc2@46.093C soc0@46.375C gpu@47.906C tj@47.906C soc1@46.218C VDD_IN 8712mW/6435mW VDD_CPU_GPU_CV 2833mW/1513mW VDD_SOC 2128mW/1764mW
09-15-2026 23:56:14 RAM 6922/7620MB (lfb 12x512kB) SWAP 1099/3810MB (cached 0MB) CPU [0%@1344,0%@1344,90%@1344,0%@1344,80%@1344,0%@1344] GR3D_FREQ 44% cpu@46.937C soc2@46C soc0@46.468C gpu@47.781C tj@47.781C soc1@46.312C VDD_IN 8252mW/6542mW VDD_CPU_GPU_CV 2597mW/1576mW VDD_SOC 2050mW/1781mW
09-15-2026 23:56:14 RAM 6940/7620MB (lfb 10x512kB) SWAP 1099/3810MB (cached 0MB) CPU [0%@1344,0%@1344,90%@1344,0%@1344,60%@729,0%@729] GR3D_FREQ 98% cpu@47.281C soc2@46.093C soc0@46.5C gpu@48.781C tj@48.781C soc1@46.312C VDD_IN 9525mW/6708mW VDD_CPU_GPU_CV 3379mW/1677mW VDD_SOC 2243mW/1806mW
09-15-2026 23:56:15 RAM 6955/7620MB (lfb 10x512kB) SWAP 1099/3810MB (cached 0MB) CPU [9%@883,0%@883,63%@883,0%@883,0%@729,0%@729] GR3D_FREQ 77% cpu@47.093C soc2@46.312C soc0@46.656C gpu@48.875C tj@48.875C soc1@46.406C VDD_IN 10727mW/6919mW VDD_CPU_GPU_CV 4073mW/1803mW VDD_SOC 2397mW/1837mW
09-15-2026 23:56:15 RAM 6975/7620MB (lfb 10x512kB) SWAP 1099/3810MB (cached 0MB) CPU [9%@1344,0%@1344,90%@1344,0%@1344,90%@1344,0%@1344] GR3D_FREQ 59% cpu@47.656C soc2@46.218C soc0@46.5C gpu@48.312C tj@48.312C soc1@46.25C VDD_IN 10272mW/7087mW VDD_CPU_GPU_CV 3727mW/1899mW VDD_SOC 2318mW/1861mW
09-15-2026 23:56:15 RAM 6974/7620MB (lfb 10x512kB) SWAP 1099/3810MB (cached 0MB) CPU [0%@1344,0%@1344,90%@1344,0%@1344,45%@729,0%@729] GR3D_FREQ 58% cpu@47.406C soc2@46.218C soc0@46.593C gpu@48.187C tj@48.187C soc1@46.406C VDD_IN 10312mW/7241mW VDD_CPU_GPU_CV 3570mW/1979mW VDD_SOC 2475mW/1891mW
09-15-2026 23:56:15 RAM 6974/7620MB (lfb 10x512kB) SWAP 1099/3810MB (cached 0MB) CPU [0%@1344,0%@1344,90%@1344,0%@1344,0%@729,0%@729] GR3D_FREQ 81% cpu@47.375C soc2@46.312C soc0@46.656C gpu@48.218C tj@48.218C soc1@46.406C VDD_IN 10531mW/7390mW VDD_CPU_GPU_CV 3373mW/2042mW VDD_SOC 2790mW/1931mW
09-15-2026 23:56:15 RAM 6974/7620MB (lfb 10x512kB) SWAP 1099/3810MB (cached 0MB) CPU [9%@1344,0%@1344,90%@1344,0%@1344,0%@729,0%@729] GR3D_FREQ 59% cpu@47.375C soc2@46.406C soc0@46.843C gpu@48.25C tj@48.25C soc1@46.343C VDD_IN 10727mW/7535mW VDD_CPU_GPU_CV 3250mW/2094mW VDD_SOC 3060mW/1981mW
09-15-2026 23:56:15 RAM 6974/7620MB (lfb 10x512kB) SWAP 1099/3810MB (cached 0MB) CPU [0%@1344,0%@1344,100%@1344,0%@1344,0%@729,0%@729] GR3D_FREQ 60% cpu@47.781C soc2@46.468C soc0@46.718C gpu@48.281C tj@48.281C soc1@46.343C VDD_IN 10767mW/7670mW VDD_CPU_GPU_CV 3133mW/2138mW VDD_SOC 3177mW/2030mW
09-15-2026 23:56:15 RAM 6974/7620MB (lfb 10x512kB) SWAP 1099/3810MB (cached 0MB) CPU [0%@1344,0%@1344,90%@1344,9%@1344,0%@729,0%@729] GR3D_FREQ 61% cpu@47.562C soc2@46.312C soc0@46.656C gpu@48.281C tj@48.281C soc1@46.343C VDD_IN 10924mW/7800mW VDD_CPU_GPU_CV 3055mW/2174mW VDD_SOC 3334mW/2083mW
09-15-2026 23:56:15 RAM 6978/7620MB (lfb 2x512kB) SWAP 1099/3810MB (cached 0MB) CPU [0%@1344,0%@1344,88%@1344,0%@1344,0%@883,60%@883] GR3D_FREQ 59% cpu@47.406C soc2@46.437C soc0@46.593C gpu@48.187C tj@48.187C soc1@46.5C VDD_IN 11002mW/7923mW VDD_CPU_GPU_CV 2976mW/2205mW VDD_SOC 3452mW/2135mW
09-15-2026 23:56:15 RAM 6978/7620MB (lfb 2x512kB) SWAP 1099/3810MB (cached 0MB) CPU [0%@1344,0%@1344,90%@1344,8%@1344,0%@729,9%@729] GR3D_FREQ 45% cpu@47.562C soc2@46.406C soc0@46.968C gpu@48.281C tj@48.281C soc1@46.5C VDD_IN 11120mW/8042mW VDD_CPU_GPU_CV 2898mW/2231mW VDD_SOC 3530mW/2187mW
09-15-2026 23:56:16 RAM 6978/7620MB (lfb 2x512kB) SWAP 1099/3810MB (cached 0MB) CPU [0%@1344,0%@1344,90%@1344,0%@1344,0%@729,0%@729] GR3D_FREQ 75% cpu@47.718C soc2@46.531C soc0@46.718C gpu@48.343C tj@48.343C soc1@46.468C VDD_IN 11160mW/8153mW VDD_CPU_GPU_CV 2898mW/2255mW VDD_SOC 3609mW/2238mW
09-15-2026 23:56:16 RAM 6978/7620MB (lfb 2x512kB) SWAP 1099/3810MB (cached 0MB) CPU [0%@1190,0%@1190,90%@1190,0%@1190,0%@729,0%@729] GR3D_FREQ 69% cpu@47.625C soc2@46.5C soc0@46.781C gpu@48.281C tj@48.281C soc1@46.5C VDD_IN 11199mW/8258mW VDD_CPU_GPU_CV 2859mW/2276mW VDD_SOC 3687mW/2288mW
09-15-2026 23:56:16 RAM 6978/7620MB (lfb 2x512kB) SWAP 1099/3810MB (cached 0MB) CPU [0%@1344,0%@1344,100%@1344,0%@1344,0%@729,0%@729] GR3D_FREQ 63% cpu@47.593C soc2@46.468C soc0@46.781C gpu@48.593C tj@48.593C soc1@46.562C VDD_IN 11199mW/8356mW VDD_CPU_GPU_CV 2820mW/2294mW VDD_SOC 3727mW/2336mW
09-15-2026 23:56:16 RAM 6978/7620MB (lfb 2x512kB) SWAP 1099/3810MB (cached 0MB) CPU [0%@1344,0%@1344,90%@1344,0%@1344,0%@729,0%@729] GR3D_FREQ 61% cpu@47.75C soc2@46.593C soc0@46.812C gpu@48.406C tj@48.406C soc1@46.687C VDD_IN 11199mW/8448mW VDD_CPU_GPU_CV 2820mW/2311mW VDD_SOC 3766mW/2382mW
09-15-2026 23:56:16 RAM 6978/7620MB (lfb 2x512kB) SWAP 1099/3810MB (cached 0MB) CPU [0%@1344,0%@1344,90%@1344,0%@1344,0%@729,0%@729] GR3D_FREQ 61% cpu@47.781C soc2@46.625C soc0@46.843C gpu@48.343C tj@48.343C soc1@46.5C VDD_IN 11220mW/8534mW VDD_CPU_GPU_CV 2780mW/2325mW VDD_SOC 3766mW/2425mW
09-15-2026 23:56:16 RAM 6978/7620MB (lfb 2x512kB) SWAP 1099/3810MB (cached 0MB) CPU [0%@1344,0%@1344,90%@1344,0%@1344,0%@729,0%@729] GR3D_FREQ 60% cpu@48C soc2@46.531C soc0@46.875C gpu@48.656C tj@48.656C soc1@46.593C VDD_IN 11259mW/8617mW VDD_CPU_GPU_CV 2780mW/2339mW VDD_SOC 3805mW/2467mW
09-15-2026 23:56:16 RAM 6978/7620MB (lfb 2x512kB) SWAP 1099/3810MB (cached 0MB) CPU [0%@1344,0%@1344,90%@1344,9%@1344,0%@729,0%@729] GR3D_FREQ 50% cpu@47.656C soc2@46.593C soc0@46.875C gpu@48.468C tj@48.468C soc1@46.656C VDD_IN 11298mW/8696mW VDD_CPU_GPU_CV 2780mW/2352mW VDD_SOC 3805mW/2506mW
09-15-2026 23:56:16 RAM 6978/7620MB (lfb 2x512kB) SWAP 1099/3810MB (cached 0MB) CPU [9%@1344,0%@1344,90%@1344,0%@1344,0%@729,0%@729] GR3D_FREQ 82% cpu@47.562C soc2@46.687C soc0@47.093C gpu@48.406C tj@48.406C soc1@46.781C VDD_IN 11338mW/8771mW VDD_CPU_GPU_CV 2780mW/2364mW VDD_SOC 3844mW/2544mW
09-15-2026 23:56:16 RAM 6978/7620MB (lfb 2x512kB) SWAP 1099/3810MB (cached 0MB) CPU [0%@1344,0%@1344,90%@1344,0%@1344,0%@729,0%@729] GR3D_FREQ 63% cpu@47.812C soc2@46.75C soc0@46.843C gpu@48.656C tj@48.656C soc1@46.593C VDD_IN 11238mW/8840mW VDD_CPU_GPU_CV 2741mW/2375mW VDD_SOC 3805mW/2579mW
09-15-2026 23:56:16 RAM 6978/7620MB (lfb 2x512kB) SWAP 1099/3810MB (cached 0MB) CPU [0%@1344,0%@1344,90%@1344,9%@1344,0%@729,0%@729] GR3D_FREQ 64% cpu@48.031C soc2@46.625C soc0@46.875C gpu@48.5C tj@48.5C soc1@46.625C VDD_IN 11277mW/8906mW VDD_CPU_GPU_CV 2741mW/2385mW VDD_SOC 3805mW/2613mW
09-15-2026 23:56:17 RAM 7003/7620MB (lfb 2x512kB) SWAP 1099/3810MB (cached 0MB) CPU [10%@1344,0%@1344,50%@1344,20%@1344,30%@1344,10%@1344] GR3D_FREQ 64% cpu@47.562C soc2@46.625C soc0@46.875C gpu@48.875C tj@48.875C soc1@46.656C VDD_IN 11081mW/8963mW VDD_CPU_GPU_CV 2741mW/2394mW VDD_SOC 3727mW/2642mW
09-15-2026 23:56:17 RAM 7003/7620MB (lfb 2x512kB) SWAP 1099/3810MB (cached 0MB) CPU [0%@729,0%@729,0%@729,40%@729,0%@1344,0%@1344] GR3D_FREQ 93% cpu@47.875C soc2@46.75C soc0@47.093C gpu@49.875C tj@49.875C soc1@46.593C VDD_IN 12494mW/9053mW VDD_CPU_GPU_CV 3630mW/2426mW VDD_SOC 4027mW/2677mW
09-15-2026 23:56:17 RAM 7003/7620MB (lfb 2x512kB) SWAP 1099/3810MB (cached 0MB) CPU [0%@729,8%@729,0%@729,50%@729,0%@729,0%@729] GR3D_FREQ 90% cpu@47.843C soc2@47.062C soc0@47.031C gpu@50.062C tj@50.062C soc1@46.656C VDD_IN 14155mW/9181mW VDD_CPU_GPU_CV 4677mW/2482mW VDD_SOC 4333mW/2719mW
09-15-2026 23:56:17 RAM 7003/7620MB (lfb 2x512kB) SWAP 1099/3810MB (cached 0MB) CPU [0%@1344,0%@1344,0%@1344,90%@1344,0%@729,0%@729] GR3D_FREQ 99% cpu@47.906C soc2@46.906C soc0@47C gpu@49.968C tj@49.968C soc1@46.687C VDD_IN 14561mW/9312mW VDD_CPU_GPU_CV 5097mW/2546mW VDD_SOC 4365mW/2759mW
09-15-2026 23:56:17 RAM 7003/7620MB (lfb 2x512kB) SWAP 1099/3810MB (cached 0MB) CPU [0%@1344,0%@1344,0%@1344,80%@1344,0%@729,0%@729] GR3D_FREQ 40% cpu@48.062C soc2@47.062C soc0@47.093C gpu@49.656C tj@49.656C soc1@46.812C VDD_IN 15161mW/9451mW VDD_CPU_GPU_CV 5555mW/2617mW VDD_SOC 4482mW/2800mW
09-15-2026 23:56:17 RAM 7009/7620MB (lfb 3x256kB) SWAP 1099/3810MB (cached 0MB) CPU [0%@1344,0%@1344,0%@1344,90%@1344,0%@729,10%@729] GR3D_FREQ 53% cpu@48.062C soc2@47.093C soc0@47.093C gpu@49.468C tj@49.468C soc1@46.687C VDD_IN 14561mW/9570mW VDD_CPU_GPU_CV 5175mW/2677mW VDD_SOC 4372mW/2837mW
09-15-2026 23:56:17 RAM 7009/7620MB (lfb 3x256kB) SWAP 1099/3810MB (cached 0MB) CPU [0%@1344,9%@1344,0%@1344,91%@1344,0%@729,0%@729] GR3D_FREQ 50% cpu@48.031C soc2@47.218C soc0@47.093C gpu@49.281C tj@49.281C soc1@46.812C VDD_IN 14054mW/9672mW VDD_CPU_GPU_CV 4794mW/2725mW VDD_SOC 4255mW/2869mW
09-15-2026 23:56:17 RAM 7009/7620MB (lfb 3x256kB) SWAP 1099/3810MB (cached 0MB) CPU [0%@1344,0%@1344,0%@1344,100%@1344,0%@729,9%@729] GR3D_FREQ 50% cpu@48.093C soc2@47.062C soc0@47.187C gpu@49.156C tj@49.156C soc1@46.875C VDD_IN 13451mW/9756mW VDD_CPU_GPU_CV 4443mW/2763mW VDD_SOC 4184mW/2898mW
09-15-2026 23:56:17 RAM 7009/7620MB (lfb 3x256kB) SWAP 1099/3810MB (cached 0MB) CPU [0%@1344,0%@1344,0%@1344,90%@1344,0%@729,0%@729] GR3D_FREQ 50% cpu@48.062C soc2@47C soc0@47.312C gpu@49.062C tj@49.062C soc1@46.968C VDD_IN 13060mW/9828mW VDD_CPU_GPU_CV 4177mW/2794mW VDD_SOC 4105mW/2924mW
09-15-2026 23:56:18 RAM 7006/7620MB (lfb 3x256kB) SWAP 1099/3810MB (cached 1MB) CPU [9%@1344,9%@1344,0%@1344,100%@1344,36%@1113,20%@1113] GR3D_FREQ 53% cpu@48.25C soc2@47.031C soc0@47.406C gpu@49.031C tj@49.031C soc1@46.812C VDD_IN 12847mW/9892mW VDD_CPU_GPU_CV 3982mW/2819mW VDD_SOC 4066mW/2949mW
09-15-2026 23:56:18 RAM 7008/7620MB (lfb 1x512kB) SWAP 1097/3810MB (cached 1MB) CPU [0%@1344,0%@1344,9%@1344,90%@1344,63%@1344,100%@1344] GR3D_FREQ 50% cpu@48.187C soc2@47.062C soc0@47.156C gpu@48.906C tj@48.906C soc1@46.875C VDD_IN 12651mW/9950mW VDD_CPU_GPU_CV 3904mW/2842mW VDD_SOC 4073mW/2972mW
09-15-2026 23:56:18 RAM 7011/7620MB (lfb 1x512kB) SWAP 1092/3810MB (cached 1MB) CPU [54%@1344,0%@1344,0%@1344,90%@1344,37%@729,66%@729] GR3D_FREQ 56% cpu@48.156C soc2@47.093C soc0@47.187C gpu@49.281C tj@49.281C soc1@46.968C VDD_IN 12651mW/10005mW VDD_CPU_GPU_CV 3825mW/2862mW VDD_SOC 4034mW/2994mW
09-15-2026 23:56:18 RAM 7019/7620MB (lfb 4x256kB) SWAP 1091/3810MB (cached 1MB) CPU [11%@1344,20%@1344,8%@1344,90%@1344,8%@729,0%@729] GR3D_FREQ 85% cpu@48.031C soc2@47.062C soc0@47.375C gpu@49.125C tj@49.125C soc1@47.062C VDD_IN 12416mW/10053mW VDD_CPU_GPU_CV 3630mW/2877mW VDD_SOC 3995mW/3014mW
09-15-2026 23:56:18 RAM 7019/7620MB (lfb 4x256kB) SWAP 1091/3810MB (cached 1MB) CPU [0%@1344,25%@1344,20%@1344,100%@1344,0%@729,0%@729] GR3D_FREQ 52% cpu@48.281C soc2@47.093C soc0@47.312C gpu@48.906C tj@49.156C soc1@46.906C VDD_IN 12259mW/10096mW VDD_CPU_GPU_CV 3513mW/2890mW VDD_SOC 3995mW/3033mW
09-15-2026 23:56:18 RAM 7019/7620MB (lfb 4x256kB) SWAP 1091/3810MB (cached 1MB) CPU [0%@1344,0%@1344,0%@1344,90%@1344,0%@729,0%@729] GR3D_FREQ 52% cpu@48.156C soc2@47.062C soc0@47.375C gpu@49.343C tj@49.343C soc1@46.906C VDD_IN 12102mW/10135mW VDD_CPU_GPU_CV 3323mW/2898mW VDD_SOC 3916mW/3050mW
09-15-2026 23:56:18 RAM 7019/7620MB (lfb 4x256kB) SWAP 1091/3810MB (cached 1MB) CPU [9%@1344,0%@1344,0%@1344,100%@1344,0%@729,0%@729] GR3D_FREQ 55% cpu@48.031C soc2@47.093C soc0@47.312C gpu@49.218C tj@49.218C soc1@46.906C VDD_IN 12004mW/10170mW VDD_CPU_GPU_CV 3245mW/2905mW VDD_SOC 3916mW/3066mW
09-15-2026 23:56:18 RAM 7024/7620MB (lfb 3x256kB) SWAP 1089/3810MB (cached 1MB) CPU [18%@1344,0%@1344,8%@1344,90%@1344,22%@729,10%@729] GR3D_FREQ 55% cpu@48.125C soc2@47.125C soc0@47.375C gpu@49.062C tj@49.062C soc1@47.093C VDD_IN 12044mW/10205mW VDD_CPU_GPU_CV 3167mW/2909mW VDD_SOC 3916mW/3082mW
09-15-2026 23:56:18 RAM 7026/7620MB (lfb 3x256kB) SWAP 1089/3810MB (cached 1MB) CPU [9%@1344,0%@1344,0%@1344,90%@1344,9%@729,9%@729] GR3D_FREQ 56% cpu@48.281C soc2@47.125C soc0@47.312C gpu@49.312C tj@49.312C soc1@47C VDD_IN 11926mW/10236mW VDD_CPU_GPU_CV 3128mW/2913mW VDD_SOC 3916mW/3097mW
09-15-2026 23:56:18 RAM 7026/7620MB (lfb 3x256kB) SWAP 1089/3810MB (cached 1MB) CPU [0%@1344,0%@1344,0%@1344,90%@1344,0%@729,0%@729] GR3D_FREQ 73% cpu@48.156C soc2@47.062C soc0@47.375C gpu@49.125C tj@49.125C soc1@47C VDD_IN 11887mW/10266mW VDD_CPU_GPU_CV 3011mW/2915mW VDD_SOC 3916mW/3112mW
09-15-2026 23:56:19 RAM 7026/7620MB (lfb 3x256kB) SWAP 1089/3810MB (cached 1MB) CPU [0%@1190,9%@1190,0%@1190,90%@1190,0%@729,0%@729] GR3D_FREQ 65% cpu@48.031C soc2@47.062C soc0@47.406C gpu@49.062C tj@49.062C soc1@47.093C VDD_IN 11848mW/10293mW VDD_CPU_GPU_CV 2971mW/2916mW VDD_SOC 3916mW/3126mW
09-15-2026 23:56:19 RAM 7026/7620MB (lfb 3x256kB) SWAP 1089/3810MB (cached 1MB) CPU [0%@1344,0%@1344,0%@1344,100%@1344,0%@729,0%@729] GR3D_FREQ 60% cpu@48.156C soc2@47.187C soc0@47.531C gpu@49.031C tj@49.031C soc1@47.218C VDD_IN 11730mW/10318mW VDD_CPU_GPU_CV 2893mW/2916mW VDD_SOC 3877mW/3139mW
09-15-2026 23:56:19 RAM 7026/7620MB (lfb 3x256kB) SWAP 1089/3810MB (cached 1MB) CPU [0%@1344,0%@1344,0%@1344,90%@1344,0%@729,0%@729] GR3D_FREQ 58% cpu@48.156C soc2@47.125C soc0@47.406C gpu@49C tj@49C soc1@46.968C VDD_IN 11691mW/10341mW VDD_CPU_GPU_CV 2893mW/2915mW VDD_SOC 3877mW/3151mW
09-15-2026 23:56:19 RAM 7026/7620MB (lfb 3x256kB) SWAP 1089/3810MB (cached 1MB) CPU [0%@1344,0%@1344,0%@1344,60%@1344,9%@729,0%@729] GR3D_FREQ 93% cpu@48.312C soc2@47.187C soc0@47.531C gpu@49.468C tj@49.468C soc1@47.125C VDD_IN 11887mW/10367mW VDD_CPU_GPU_CV 3011mW/2917mW VDD_SOC 3916mW/3164mW
09-15-2026 23:56:19 RAM 7026/7620MB (lfb 3x256kB) SWAP 1089/3810MB (cached 1MB) CPU [9%@1344,0%@1344,0%@1344,45%@1344,0%@729,0%@729] GR3D_FREQ 93% cpu@48.375C soc2@47.312C soc0@47.375C gpu@50.218C tj@50.218C soc1@47.125C VDD_IN 13490mW/10418mW VDD_CPU_GPU_CV 4092mW/2936mW VDD_SOC 4223mW/3181mW
09-15-2026 23:56:19 RAM 7026/7620MB (lfb 3x256kB) SWAP 1089/3810MB (cached 1MB) CPU [0%@1344,0%@1344,0%@1344,60%@1344,0%@729,0%@729] GR3D_FREQ 44% cpu@48.343C soc2@47.343C soc0@47.718C gpu@50.156C tj@50.156C soc1@47.093C VDD_IN 14405mW/10483mW VDD_CPU_GPU_CV 4747mW/2965mW VDD_SOC 4372mW/3201mW
09-15-2026 23:56:19 RAM 7026/7620MB (lfb 3x256kB) SWAP 1089/3810MB (cached 1MB) CPU [9%@1344,0%@1344,0%@1344,100%@1344,0%@729,0%@729] GR3D_FREQ 99% cpu@48.593C soc2@47.468C soc0@47.437C gpu@50.937C tj@50.937C soc1@47.031C VDD_IN 15395mW/10561mW VDD_CPU_GPU_CV 5477mW/3005mW VDD_SOC 4482mW/3221mW
09-15-2026 23:56:19 RAM 7026/7620MB (lfb 3x256kB) SWAP 1089/3810MB (cached 1MB) CPU [0%@1344,0%@1344,0%@1344,72%@1344,0%@729,0%@729] GR3D_FREQ 41% cpu@48.625C soc2@47.593C soc0@47.562C gpu@50.187C tj@50.187C soc1@47.125C VDD_IN 15395mW/10636mW VDD_CPU_GPU_CV 5477mW/3044mW VDD_SOC 4482mW/3241mW
09-15-2026 23:56:19 RAM 7026/7620MB (lfb 3x256kB) SWAP 1089/3810MB (cached 1MB) CPU [0%@1344,0%@1344,0%@1344,90%@1344,0%@729,0%@729] GR3D_FREQ 45% cpu@48.531C soc2@47.531C soc0@47.656C gpu@49.937C tj@49.937C soc1@47.281C VDD_IN 14796mW/10700mW VDD_CPU_GPU_CV 5097mW/3076mW VDD_SOC 4365mW/3258mW
09-15-2026 23:56:20 RAM 7026/7620MB (lfb 3x256kB) SWAP 1089/3810MB (cached 1MB) CPU [9%@1344,0%@1344,9%@1344,100%@1344,18%@729,9%@729] GR3D_FREQ 56% cpu@48.593C soc2@47.562C soc0@47.531C gpu@49.968C tj@49.968C soc1@47.125C VDD_IN 14288mW/10755mW VDD_CPU_GPU_CV 4747mW/3101mW VDD_SOC 4255mW/3273mW
09-15-2026 23:56:20 RAM 7026/7620MB (lfb 3x256kB) SWAP 1089/3810MB (cached 1MB) CPU [0%@1344,0%@1344,0%@1344,90%@1344,0%@729,0%@729] GR3D_FREQ 61% cpu@48.625C soc2@47.562C soc0@47.625C gpu@49.812C tj@49.812C soc1@47.218C VDD_IN 13803mW/10800mW VDD_CPU_GPU_CV 4443mW/3121mW VDD_SOC 4177mW/3287mW
09-15-2026 23:56:20 RAM 7026/7620MB (lfb 3x256kB) SWAP 1089/3810MB (cached 1MB) CPU [0%@1344,9%@1344,0%@1344,90%@1344,0%@729,0%@729] GR3D_FREQ 47% cpu@48.437C soc2@47.437C soc0@47.625C gpu@49.75C tj@49.75C soc1@47.218C VDD_IN 13412mW/10838mW VDD_CPU_GPU_CV 4170mW/3136mW VDD_SOC 4145mW/3299mW
09-15-2026 23:56:20 RAM 7026/7620MB (lfb 3x256kB) SWAP 1089/3810MB (cached 1MB) CPU [0%@1344,0%@1344,0%@1344,100%@1344,0%@729,0%@729] GR3D_FREQ 53% cpu@48.5C soc2@47.562C soc0@47.718C gpu@49.5C tj@49.5C soc1@47.343C VDD_IN 13042mW/10870mW VDD_CPU_GPU_CV 3904mW/3147mW VDD_SOC 4066mW/3310mW
09-15-2026 23:56:20 RAM 7026/7620MB (lfb 3x256kB) SWAP 1089/3810MB (cached 1MB) CPU [0%@1344,0%@1344,0%@1344,90%@1344,0%@729,0%@729] GR3D_FREQ 57% cpu@48.468C soc2@47.5C soc0@47.718C gpu@49.468C tj@49.468C soc1@47.25C VDD_IN 12729mW/10897mW VDD_CPU_GPU_CV 3669mW/3155mW VDD_SOC 4027mW/3321mW
09-15-2026 23:56:20 RAM 7026/7620MB (lfb 3x256kB) SWAP 1089/3810MB (cached 1MB) CPU [0%@1344,0%@1344,0%@1344,90%@1344,0%@729,0%@729] GR3D_FREQ 51% cpu@48.375C soc2@47.5C soc0@47.812C gpu@49.343C tj@49.343C soc1@47.312C VDD_IN 12494mW/10919mW VDD_CPU_GPU_CV 3513mW/3160mW VDD_SOC 3995mW/3330mW
09-15-2026 23:56:20 RAM 7026/7620MB (lfb 3x256kB) SWAP 1089/3810MB (cached 1MB) CPU [0%@1344,0%@1344,0%@1344,100%@1344,0%@729,0%@729] GR3D_FREQ 51% cpu@48.406C soc2@47.562C soc0@47.718C gpu@49.468C tj@49.468C soc1@47.375C VDD_IN 12298mW/10939mW VDD_CPU_GPU_CV 3357mW/3163mW VDD_SOC 3955mW/3339mW
09-15-2026 23:56:20 RAM 7026/7620MB (lfb 3x256kB) SWAP 1089/3810MB (cached 1MB) CPU [0%@1344,0%@1344,0%@1344,90%@1344,0%@729,0%@729] GR3D_FREQ 51% cpu@48.531C soc2@47.531C soc0@47.812C gpu@49.375C tj@49.375C soc1@47.531C VDD_IN 12181mW/10956mW VDD_CPU_GPU_CV 3245mW/3164mW VDD_SOC 3955mW/3347mW
09-15-2026 23:56:20 RAM 7026/7620MB (lfb 3x256kB) SWAP 1089/3810MB (cached 1MB) CPU [0%@1344,0%@1344,0%@1344,90%@1344,0%@729,9%@729] GR3D_FREQ 65% cpu@48.562C soc2@47.562C soc0@47.625C gpu@49.812C tj@49.812C soc1@47.281C VDD_IN 12122mW/10971mW VDD_CPU_GPU_CV 3167mW/3164mW VDD_SOC 3955mW/3355mW
09-15-2026 23:56:20 RAM 7026/7620MB (lfb 3x256kB) SWAP 1089/3810MB (cached 1MB) CPU [0%@1344,0%@1344,0%@1344,90%@1344,0%@729,0%@729] GR3D_FREQ 52% cpu@48.343C soc2@47.468C soc0@47.75C gpu@49.437C tj@49.437C soc1@47.312C VDD_IN 12044mW/10986mW VDD_CPU_GPU_CV 3089mW/3163mW VDD_SOC 3955mW/3363mW
09-15-2026 23:56:21 RAM 7026/7620MB (lfb 3x256kB) SWAP 1089/3810MB (cached 1MB) CPU [0%@1344,0%@1344,0%@1344,100%@1344,0%@729,0%@729] GR3D_FREQ 60% cpu@48.437C soc2@47.562C soc0@47.75C gpu@49.343C tj@49.343C soc1@47.343C VDD_IN 11926mW/10998mW VDD_CPU_GPU_CV 3011mW/3161mW VDD_SOC 3916mW/3371mW
09-15-2026 23:56:21 RAM 7026/7620MB (lfb 3x256kB) SWAP 1089/3810MB (cached 1MB) CPU [0%@1344,0%@1344,0%@1344,90%@1344,0%@729,0%@729] GR3D_FREQ 61% cpu@48.562C soc2@47.468C soc0@47.906C gpu@49.625C tj@49.625C soc1@47.343C VDD_IN 11848mW/11009mW VDD_CPU_GPU_CV 2971mW/3158mW VDD_SOC 3916mW/3378mW
09-15-2026 23:56:21 RAM 7026/7620MB (lfb 3x256kB) SWAP 1089/3810MB (cached 1MB) CPU [0%@1344,0%@1344,0%@1344,90%@1344,0%@729,0%@729] GR3D_FREQ 59% cpu@48.75C soc2@47.437C soc0@47.718C gpu@49.531C tj@49.531C soc1@47.312C VDD_IN 11808mW/11019mW VDD_CPU_GPU_CV 2932mW/3155mW VDD_SOC 3916mW/3385mW
09-15-2026 23:56:21 RAM 7026/7620MB (lfb 3x256kB) SWAP 1089/3810MB (cached 1MB) CPU [0%@1344,0%@1344,0%@1344,90%@1344,0%@729,0%@729] GR3D_FREQ 57% cpu@48.625C soc2@47.5C soc0@47.75C gpu@49.437C tj@49.437C soc1@47.375C VDD_IN 11730mW/11028mW VDD_CPU_GPU_CV 2893mW/3152mW VDD_SOC 3877mW/3391mW
09-15-2026 23:56:21 RAM 7026/7620MB (lfb 3x256kB) SWAP 1089/3810MB (cached 1MB) CPU [0%@1344,0%@1344,0%@1344,90%@1344,0%@729,0%@729] GR3D_FREQ 57% cpu@48.531C soc2@47.562C soc0@47.906C gpu@49.375C tj@49.375C soc1@47.562C VDD_IN 11691mW/11037mW VDD_CPU_GPU_CV 2854mW/3148mW VDD_SOC 3877mW/3397mW
09-15-2026 23:56:21 RAM 7027/7620MB (lfb 3x256kB) SWAP 1089/3810MB (cached 1MB) CPU [0%@1344,9%@1344,9%@1344,90%@1344,9%@729,0%@729] GR3D_FREQ 63% cpu@48.531C soc2@47.562C soc0@47.687C gpu@49.375C tj@49.375C soc1@47.343C VDD_IN 11691mW/11045mW VDD_CPU_GPU_CV 2815mW/3144mW VDD_SOC 3877mW/3403mW
09-15-2026 23:56:21 RAM 7027/7620MB (lfb 3x256kB) SWAP 1089/3810MB (cached 1MB) CPU [9%@806,0%@806,45%@806,0%@806,0%@729,0%@729] GR3D_FREQ 93% cpu@48.687C soc2@47.656C soc0@47.781C gpu@50.343C tj@50.343C soc1@47.437C VDD_IN 12690mW/11065mW VDD_CPU_GPU_CV 3513mW/3149mW VDD_SOC 4066mW/3411mW
09-15-2026 23:56:21 RAM 7027/7620MB (lfb 3x256kB) SWAP 1089/3810MB (cached 1MB) CPU [8%@1344,0%@1344,44%@1344,0%@1344,0%@729,0%@729] GR3D_FREQ 93% cpu@48.781C soc2@47.812C soc0@48C gpu@51.093C tj@51.093C soc1@47.593C VDD_IN 14249mW/11103mW VDD_CPU_GPU_CV 4552mW/3166mW VDD_SOC 4372mW/3423mW
09-15-2026 23:56:21 RAM 7027/7620MB (lfb 3x256kB) SWAP 1089/3810MB (cached 1MB) CPU [0%@1344,0%@1344,81%@1344,0%@1344,0%@729,0%@729] GR3D_FREQ 96% cpu@49C soc2@47.875C soc0@47.812C gpu@50.75C tj@50.75C soc1@47.437C VDD_IN 14679mW/11146mW VDD_CPU_GPU_CV 4941mW/3187mW VDD_SOC 4404mW/3434mW
09-15-2026 23:56:22 RAM 7027/7620MB (lfb 3x256kB) SWAP 1089/3810MB (cached 1MB) CPU [16%@729,0%@729,72%@729,0%@729,0%@729,10%@729] GR3D_FREQ 98% cpu@48.843C soc2@47.937C soc0@47.812C gpu@51.093C tj@51.093C soc1@47.375C VDD_IN 15824mW/11201mW VDD_CPU_GPU_CV 5778mW/3217mW VDD_SOC 4591mW/3448mW
09-15-2026 23:56:22 RAM 7027/7620MB (lfb 3x256kB) SWAP 1089/3810MB (cached 1MB) CPU [0%@1344,0%@1344,100%@1344,0%@1344,0%@729,0%@729] GR3D_FREQ 46% cpu@49.187C soc2@47.906C soc0@48.031C gpu@50.218C tj@50.218C soc1@47.593C VDD_IN 15005mW/11245mW VDD_CPU_GPU_CV 5283mW/3241mW VDD_SOC 4404mW/3459mW
09-15-2026 23:56:22 RAM 7027/7620MB (lfb 3x256kB) SWAP 1089/3810MB (cached 1MB) CPU [0%@1344,0%@1344,100%@1344,0%@1344,0%@729,0%@729] GR3D_FREQ 43% cpu@49.312C soc2@47.937C soc0@48C gpu@50.281C tj@50.281C soc1@47.468C VDD_IN 14483mW/11282mW VDD_CPU_GPU_CV 4941mW/3261mW VDD_SOC 4287mW/3468mW
09-15-2026 23:56:22 RAM 7027/7620MB (lfb 3x256kB) SWAP 1089/3810MB (cached 1MB) CPU [0%@1344,0%@1344,90%@1344,0%@1344,0%@729,0%@729] GR3D_FREQ 51% cpu@49.062C soc2@47.968C soc0@47.937C gpu@50.031C tj@50.031C soc1@47.468C VDD_IN 13960mW/11313mW VDD_CPU_GPU_CV 4599mW/3276mW VDD_SOC 4216mW/3477mW
09-15-2026 23:56:22 RAM 7027/7620MB (lfb 3x256kB) SWAP 1089/3810MB (cached 1MB) CPU [0%@1344,0%@1344,90%@1344,0%@1344,0%@729,0%@729] GR3D_FREQ 51% cpu@49.031C soc2@47.875C soc0@47.968C gpu@49.968C tj@49.968C soc1@47.593C VDD_IN 13569mW/11338mW VDD_CPU_GPU_CV 4287mW/3287mW VDD_SOC 4138mW/3484mW
09-15-2026 23:56:22 RAM 7027/7620MB (lfb 3x256kB) SWAP 1089/3810MB (cached 1MB) CPU [0%@1344,0%@1344,100%@1344,9%@1344,0%@729,0%@729] GR3D_FREQ 47% cpu@49.062C soc2@47.781C soc0@48.156C gpu@50.062C tj@50.062C soc1@47.687C VDD_IN 13256mW/11359mW VDD_CPU_GPU_CV 4053mW/3296mW VDD_SOC 4105mW/3491mW
09-15-2026 23:56:22 RAM 7027/7620MB (lfb 3x256kB) SWAP 1089/3810MB (cached 1MB) CPU [0%@1344,0%@1344,90%@1344,0%@1344,0%@729,0%@729] GR3D_FREQ 55% cpu@49C soc2@47.875C soc0@47.968C gpu@49.843C tj@49.843C soc1@47.781C VDD_IN 12925mW/11376mW VDD_CPU_GPU_CV 3825mW/3302mW VDD_SOC 4066mW/3498mW
09-15-2026 23:56:22 RAM 7027/7620MB (lfb 3x256kB) SWAP 1089/3810MB (cached 1MB) CPU [0%@1344,0%@1344,90%@1344,0%@1344,0%@729,0%@729] GR3D_FREQ 64% cpu@48.906C soc2@47.906C soc0@47.968C gpu@49.75C tj@49.75C soc1@47.531C VDD_IN 12651mW/11390mW VDD_CPU_GPU_CV 3591mW/3305mW VDD_SOC 4027mW/3503mW
09-15-2026 23:56:22 RAM 7027/7620MB (lfb 3x256kB) SWAP 1089/3810MB (cached 1MB) CPU [0%@1344,0%@1344,90%@1344,9%@1344,0%@729,0%@729] GR3D_FREQ 56% cpu@48.781C soc2@47.812C soc0@48C gpu@49.875C tj@49.875C soc1@47.593C VDD_IN 12416mW/11401mW VDD_CPU_GPU_CV 3435mW/3306mW VDD_SOC 3988mW/3509mW
09-15-2026 23:56:22 RAM 7027/7620MB (lfb 3x256kB) SWAP 1089/3810MB (cached 1MB) CPU [0%@1344,9%@1344,100%@1344,0%@1344,18%@729,9%@729] GR3D_FREQ 54% cpu@49C soc2@47.812C soc0@48.062C gpu@49.781C tj@49.781C soc1@47.781C VDD_IN 12220mW/11410mW VDD_CPU_GPU_CV 3323mW/3306mW VDD_SOC 3955mW/3513mW
09-15-2026 23:56:23 RAM 7027/7620MB (lfb 3x256kB) SWAP 1089/3810MB (cached 1MB) CPU [0%@1344,0%@1344,90%@1344,0%@1344,0%@729,0%@729] GR3D_FREQ 57% cpu@49C soc2@47.843C soc0@48.156C gpu@49.75C tj@49.75C soc1@47.812C VDD_IN 12122mW/11418mW VDD_CPU_GPU_CV 3206mW/3305mW VDD_SOC 3916mW/3518mW
09-15-2026 23:56:23 RAM 7027/7620MB (lfb 3x256kB) SWAP 1089/3810MB (cached 1MB) CPU [0%@1344,0%@1344,90%@1344,0%@1344,0%@729,0%@729] GR3D_FREQ 54% cpu@49.218C soc2@47.937C soc0@48.062C gpu@50.218C tj@50.218C soc1@47.625C VDD_IN 12044mW/11424mW VDD_CPU_GPU_CV 3128mW/3304mW VDD_SOC 3916mW/3522mW
09-15-2026 23:56:23 RAM 7027/7620MB (lfb 3x256kB) SWAP 1089/3810MB (cached 1MB) CPU [0%@1344,0%@1344,90%@1344,0%@1344,0%@729,0%@729] GR3D_FREQ 52% cpu@48.937C soc2@47.812C soc0@48.187C gpu@49.718C tj@49.718C soc1@47.625C VDD_IN 11965mW/11430mW VDD_CPU_GPU_CV 3089mW/3301mW VDD_SOC 3916mW/3526mW
09-15-2026 23:56:23 RAM 7027/7620MB (lfb 3x256kB) SWAP 1089/3810MB (cached 1MB) CPU [0%@1344,0%@1344,90%@1344,0%@1344,0%@729,0%@729] GR3D_FREQ 43% cpu@48.968C soc2@47.906C soc0@48.062C gpu@49.656C tj@49.656C soc1@47.781C VDD_IN 11965mW/11435mW VDD_CPU_GPU_CV 3011mW/3298mW VDD_SOC 3916mW/3530mW
09-15-2026 23:56:23 RAM 7027/7620MB (lfb 3x256kB) SWAP 1089/3810MB (cached 1MB) CPU [0%@1344,0%@1344,90%@1344,0%@1344,0%@729,0%@729] GR3D_FREQ 74% cpu@48.75C soc2@47.937C soc0@48.187C gpu@50.093C tj@50.093C soc1@47.812C VDD_IN 11887mW/11440mW VDD_CPU_GPU_CV 2971mW/3295mW VDD_SOC 3916mW/3534mW
09-15-2026 23:56:23 RAM 7027/7620MB (lfb 3x256kB) SWAP 1089/3810MB (cached 1MB) CPU [0%@1344,0%@1344,100%@1344,0%@1344,0%@729,0%@729] GR3D_FREQ 64% cpu@49.218C soc2@47.906C soc0@48.031C gpu@49.718C tj@49.718C soc1@47.687C VDD_IN 11769mW/11443mW VDD_CPU_GPU_CV 2932mW/3291mW VDD_SOC 3877mW/3537mW
09-15-2026 23:56:23 RAM 7027/7620MB (lfb 3x256kB) SWAP 1089/3810MB (cached 1MB) CPU [0%@1344,0%@1344,90%@1344,0%@1344,0%@729,0%@729] GR3D_FREQ 62% cpu@48.968C soc2@47.875C soc0@48.125C gpu@49.687C tj@49.687C soc1@47.75C VDD_IN 11730mW/11446mW VDD_CPU_GPU_CV 2893mW/3288mW VDD_SOC 3877mW/3540mW
09-15-2026 23:56:23 RAM 7027/7620MB (lfb 3x256kB) SWAP 1089/3810MB (cached 1MB) CPU [0%@1344,0%@1344,90%@1344,0%@1344,0%@729,0%@729] GR3D_FREQ 63% cpu@48.968C soc2@47.875C soc0@48.093C gpu@50.031C tj@50.031C soc1@47.718C VDD_IN 11730mW/11449mW VDD_CPU_GPU_CV 2854mW/3283mW VDD_SOC 3877mW/3544mW
09-15-2026 23:56:23 RAM 7029/7620MB (lfb 3x256kB) SWAP 1089/3810MB (cached 1MB) CPU [0%@960,9%@960,66%@960,16%@960,9%@729,9%@729] GR3D_FREQ 68% cpu@48.843C soc2@47.906C soc0@48.187C gpu@50.031C tj@50.031C soc1@47.937C VDD_IN 11808mW/11452mW VDD_CPU_GPU_CV 2932mW/3280mW VDD_SOC 3877mW/3547mW
09-15-2026 23:56:24 RAM 7029/7620MB (lfb 3x256kB) SWAP 1088/3810MB (cached 1MB) CPU [16%@1344,0%@1344,0%@1344,50%@1344,0%@729,16%@729] GR3D_FREQ 96% cpu@49.25C soc2@48.031C soc0@48.093C gpu@50.937C tj@50.937C soc1@47.656C VDD_IN 13295mW/11470mW VDD_CPU_GPU_CV 3936mW/3286mW VDD_SOC 4184mW/3553mW
09-15-2026 23:56:24 RAM 7029/7620MB (lfb 3x256kB) SWAP 1088/3810MB (cached 1MB) CPU [0%@729,9%@729,0%@729,54%@729,0%@729,0%@729] GR3D_FREQ 93% cpu@49.281C soc2@48.062C soc0@48.093C gpu@51.218C tj@51.218C soc1@47.781C VDD_IN 14444mW/11498mW VDD_CPU_GPU_CV 4708mW/3300mW VDD_SOC 4365mW/3561mW
09-15-2026 23:56:24 RAM 7029/7620MB (lfb 3x256kB) SWAP 1088/3810MB (cached 1MB) CPU [0%@1344,9%@1344,0%@1344,100%@1344,0%@729,0%@729] GR3D_FREQ 99% cpu@49.218C soc2@48.062C soc0@48.281C gpu@51.5C tj@51.5C soc1@47.843C VDD_IN 15239mW/11533mW VDD_CPU_GPU_CV 5322mW/3319mW VDD_SOC 4482mW/3570mW
09-15-2026 23:56:24 RAM 7029/7620MB (lfb 3x256kB) SWAP 1088/3810MB (cached 1MB) CPU [0%@1344,0%@1344,0%@1344,80%@1344,0%@729,0%@729] GR3D_FREQ 44% cpu@49.406C soc2@48.218C soc0@48.187C gpu@50.843C tj@50.843C soc1@47.781C VDD_IN 15551mW/11571mW VDD_CPU_GPU_CV 5555mW/3340mW VDD_SOC 4513mW/3578mW
09-15-2026 23:56:24 RAM 7029/7620MB (lfb 3x256kB) SWAP 1088/3810MB (cached 1MB) CPU [0%@1344,0%@1344,0%@1344,90%@1344,0%@729,0%@729] GR3D_FREQ 54% cpu@49.468C soc2@48.156C soc0@48.375C gpu@50.625C tj@50.625C soc1@47.781C VDD_IN 14913mW/11602mW VDD_CPU_GPU_CV 5127mW/3356mW VDD_SOC 4365mW/3586mW
09-15-2026 23:56:24 RAM 7029/7620MB (lfb 3x256kB) SWAP 1088/3810MB (cached 1MB) CPU [0%@1344,0%@1344,0%@1344,90%@1344,0%@729,0%@729] GR3D_FREQ 63% cpu@49.25C soc2@48.218C soc0@48.406C gpu@50.406C tj@50.406C soc1@47.781C VDD_IN 14366mW/11627mW VDD_CPU_GPU_CV 4786mW/3369mW VDD_SOC 4255mW/3592mW
09-15-2026 23:56:24 RAM 7029/7620MB (lfb 3x256kB) SWAP 1088/3810MB (cached 1MB) CPU [0%@1190,0%@1190,0%@1190,90%@1190,0%@729,0%@729] GR3D_FREQ 47% cpu@49.187C soc2@48.187C soc0@48.468C gpu@50.718C tj@50.718C soc1@47.968C VDD_IN 13921mW/11648mW VDD_CPU_GPU_CV 4482mW/3379mW VDD_SOC 4216mW/3597mW
09-15-2026 23:56:24 RAM 7029/7620MB (lfb 3x256kB) SWAP 1088/3810MB (cached 1MB) CPU [0%@1344,0%@1344,0%@1344,100%@1344,0%@729,0%@729] GR3D_FREQ 47% cpu@49.218C soc2@48.218C soc0@48.312C gpu@50.25C tj@50.5C soc1@47.875C VDD_IN 13412mW/11664mW VDD_CPU_GPU_CV 4170mW/3387mW VDD_SOC 4099mW/3602mW
09-15-2026 23:56:24 RAM 7029/7620MB (lfb 3x256kB) SWAP 1088/3810MB (cached 1MB) CPU [0%@1344,0%@1344,0%@1344,100%@1344,0%@729,0%@729] GR3D_FREQ 56% cpu@49.093C soc2@48.125C soc0@48.343C gpu@50.187C tj@50.187C soc1@47.843C VDD_IN 13060mW/11676mW VDD_CPU_GPU_CV 3943mW/3392mW VDD_SOC 4066mW/3606mW
09-15-2026 23:56:24 RAM 7029/7620MB (lfb 3x256kB) SWAP 1088/3810MB (cached 1MB) CPU [0%@1344,9%@1344,0%@1344,90%@1344,0%@729,0%@729] GR3D_FREQ 52% cpu@49.125C soc2@48.156C soc0@48.281C gpu@50.437C tj@50.437C soc1@48.031C VDD_IN 12807mW/11686mW VDD_CPU_GPU_CV 3708mW/3394mW VDD_SOC 4027mW/3610mW
09-15-2026 23:56:25 RAM 7029/7620MB (lfb 3x256kB) SWAP 1088/3810MB (cached 1MB) CPU [0%@1344,0%@1344,9%@1344,90%@1344,16%@729,0%@729] GR3D_FREQ 56% cpu@49.093C soc2@48.187C soc0@48.5C gpu@50.281C tj@50.281C soc1@47.843C VDD_IN 12533mW/11694mW VDD_CPU_GPU_CV 3513mW/3395mW VDD_SOC 3988mW/3613mW
09-15-2026 23:56:25 RAM 7029/7620MB (lfb 3x256kB) SWAP 1088/3810MB (cached 1MB) CPU [0%@1344,0%@1344,0%@1344,90%@1344,0%@729,0%@729] GR3D_FREQ 51% cpu@49.312C soc2@48.187C soc0@48.375C gpu@50.187C tj@50.187C soc1@47.875C VDD_IN 12377mW/11700mW VDD_CPU_GPU_CV 3362mW/3395mW VDD_SOC 3995mW/3616mW
09-15-2026 23:56:25 RAM 7029/7620MB (lfb 3x256kB) SWAP 1088/3810MB (cached 1MB) CPU [0%@1344,0%@1344,0%@1344,90%@1344,0%@729,0%@729] GR3D_FREQ 44% cpu@49.093C soc2@48.093C soc0@48.437C gpu@50.437C tj@50.437C soc1@47.937C VDD_IN 12259mW/11705mW VDD_CPU_GPU_CV 3284mW/3394mW VDD_SOC 3955mW/3619mW
09-15-2026 23:56:25 RAM 7029/7620MB (lfb 3x256kB) SWAP 1088/3810MB (cached 1MB) CPU [0%@1190,0%@1190,0%@1190,90%@1190,0%@729,0%@729] GR3D_FREQ 70% cpu@49.031C soc2@48.156C soc0@48.437C gpu@50.281C tj@50.281C soc1@48.031C VDD_IN 12142mW/11708mW VDD_CPU_GPU_CV 3206mW/3393mW VDD_SOC 3955mW/3622mW
09-15-2026 23:56:25 RAM 7029/7620MB (lfb 3x256kB) SWAP 1088/3810MB (cached 1MB) CPU [0%@1344,0%@1344,0%@1344,100%@1344,0%@729,0%@729] GR3D_FREQ 52% cpu@49.156C soc2@48.187C soc0@48.531C gpu@50.125C tj@50.125C soc1@48.187C VDD_IN 11926mW/11710mW VDD_CPU_GPU_CV 3089mW/3390mW VDD_SOC 3916mW/3625mW
09-15-2026 23:56:25 RAM 7029/7620MB (lfb 3x256kB) SWAP 1088/3810MB (cached 1MB) CPU [0%@1344,9%@1344,0%@1344,100%@1344,0%@729,0%@729] GR3D_FREQ 58% cpu@49.281C soc2@48.187C soc0@48.406C gpu@50.312C tj@50.312C soc1@48C VDD_IN 11887mW/11712mW VDD_CPU_GPU_CV 3050mW/3387mW VDD_SOC 3916mW/3627mW
09-15-2026 23:56:25 RAM 7029/7620MB (lfb 3x256kB) SWAP 1088/3810MB (cached 1MB) CPU [0%@1344,0%@1344,8%@1344,90%@1344,0%@729,0%@729] GR3D_FREQ 56% cpu@49.125C soc2@48.125C soc0@48.5C gpu@50.187C tj@50.187C soc1@48.031C VDD_IN 11887mW/11713mW VDD_CPU_GPU_CV 3011mW/3384mW VDD_SOC 3877mW/3629mW
09-15-2026 23:56:25 RAM 7029/7620MB (lfb 3x256kB) SWAP 1088/3810MB (cached 1MB) CPU [0%@1344,0%@1344,0%@1344,90%@1344,0%@729,0%@729] GR3D_FREQ 62% cpu@49.062C soc2@48.062C soc0@48.437C gpu@50.156C tj@50.156C soc1@48.125C VDD_IN 11808mW/11714mW VDD_CPU_GPU_CV 2932mW/3380mW VDD_SOC 3877mW/3631mW
09-15-2026 23:56:25 RAM 7029/7620MB (lfb 3x256kB) SWAP 1088/3810MB (cached 1MB) CPU [0%@1344,0%@1344,0%@1344,90%@1344,0%@729,0%@729] GR3D_FREQ 60% cpu@49.156C soc2@48.187C soc0@48.593C gpu@49.968C tj@49.968C soc1@48.156C VDD_IN 11769mW/11714mW VDD_CPU_GPU_CV 2893mW/3376mW VDD_SOC 3877mW/3633mW
09-15-2026 23:56:26 RAM 7029/7620MB (lfb 3x256kB) SWAP 1088/3810MB (cached 1MB) CPU [16%@1344,0%@1344,0%@1344,90%@1344,0%@729,9%@729] GR3D_FREQ 80% cpu@49.343C soc2@48.25C soc0@48.375C gpu@50.187C tj@50.187C soc1@48.062C VDD_IN 11730mW/11715mW VDD_CPU_GPU_CV 2854mW/3372mW VDD_SOC 3877mW/3635mW
09-15-2026 23:56:26 RAM 7029/7620MB (lfb 3x256kB) SWAP 1088/3810MB (cached 1MB) CPU [0%@1344,0%@1344,0%@1344,100%@1344,0%@729,0%@729] GR3D_FREQ 61% cpu@49.406C soc2@48.156C soc0@48.437C gpu@50.218C tj@50.218C soc1@47.968C VDD_IN 11651mW/11714mW VDD_CPU_GPU_CV 2815mW/3368mW VDD_SOC 3877mW/3637mW
09-15-2026 23:56:26 RAM 7033/7620MB (lfb 3x256kB) SWAP 1088/3810MB (cached 1MB) CPU [9%@1344,9%@1344,9%@1344,40%@1344,9%@729,0%@729] GR3D_FREQ 96% cpu@49.375C soc2@48.187C soc0@48.531C gpu@50.625C tj@50.625C soc1@48.187C VDD_IN 12161mW/11718mW VDD_CPU_GPU_CV 3128mW/3366mW VDD_SOC 3995mW/3640mW
09-15-2026 23:56:26 RAM 7033/7620MB (lfb 3x256kB) SWAP 1088/3810MB (cached 1MB) CPU [0%@729,0%@729,0%@729,45%@729,0%@729,0%@729] GR3D_FREQ 90% cpu@49.531C soc2@48.5C soc0@48.437C gpu@51.343C tj@51.343C soc1@48.062C VDD_IN 13842mW/11734mW VDD_CPU_GPU_CV 4287mW/3373mW VDD_SOC 4294mW/3645mW
09-15-2026 23:56:26 RAM 7033/7620MB (lfb 3x256kB) SWAP 1088/3810MB (cached 1MB) CPU [0%@806,0%@806,0%@806,70%@806,0%@729,0%@729] GR3D_FREQ 59% cpu@49.5C soc2@48.343C soc0@48.531C gpu@51.437C tj@51.437C soc1@48.031C VDD_IN 14405mW/11756mW VDD_CPU_GPU_CV 4747mW/3384mW VDD_SOC 4372mW/3651mW
09-15-2026 23:56:26 RAM 7033/7620MB (lfb 3x256kB) SWAP 1088/3810MB (cached 1MB) CPU [9%@1344,0%@1344,0%@1344,100%@1344,0%@729,0%@729] GR3D_FREQ 99% cpu@49.562C soc2@48.531C soc0@48.625C gpu@51.875C tj@51.875C soc1@48.156C VDD_IN 15629mW/11786mW VDD_CPU_GPU_CV 5623mW/3401mW VDD_SOC 4513mW/3658mW
09-15-2026 23:56:26 RAM 7033/7620MB (lfb 3x256kB) SWAP 1088/3810MB (cached 1MB) CPU [0%@1344,0%@1344,0%@1344,81%@1344,0%@729,0%@729] GR3D_FREQ 44% cpu@49.625C soc2@48.562C soc0@48.593C gpu@51.062C tj@51.062C soc1@48C VDD_IN 15161mW/11812mW VDD_CPU_GPU_CV 5322mW/3416mW VDD_SOC 4443mW/3664mW
09-15-2026 23:56:26 RAM 7033/7620MB (lfb 3x256kB) SWAP 1088/3810MB (cached 1MB) CPU [0%@1344,0%@1344,0%@1344,90%@1344,0%@729,0%@729] GR3D_FREQ 41% cpu@49.812C soc2@48.593C soc0@48.562C gpu@50.812C tj@50.812C soc1@48.093C VDD_IN 14640mW/11834mW VDD_CPU_GPU_CV 4980mW/3428mW VDD_SOC 4326mW/3669mW
09-15-2026 23:56:26 RAM 7033/7620MB (lfb 3x256kB) SWAP 1088/3810MB (cached 1MB) CPU [0%@1344,0%@1344,0%@1344,91%@1344,0%@729,0%@729] GR3D_FREQ 46% cpu@49.562C soc2@48.5C soc0@48.656C gpu@50.781C tj@50.781C soc1@48.187C VDD_IN 14077mW/11851mW VDD_CPU_GPU_CV 4591mW/3437mW VDD_SOC 4216mW/3673mW
09-15-2026 23:56:27 RAM 7033/7620MB (lfb 3x256kB) SWAP 1088/3810MB (cached 1MB) CPU [9%@1344,0%@1344,0%@1344,100%@1344,0%@729,9%@729] GR3D_FREQ 46% cpu@49.562C soc2@48.562C soc0@48.75C gpu@50.593C tj@50.593C soc1@48.312C VDD_IN 13686mW/11865mW VDD_CPU_GPU_CV 4326mW/3444mW VDD_SOC 4177mW/3677mW
09-15-2026 23:56:27 RAM 7033/7620MB (lfb 3x256kB) SWAP 1088/3810MB (cached 1MB) CPU [0%@1344,0%@1344,0%@1344,90%@1344,0%@729,9%@729] GR3D_FREQ 56% cpu@49.593C soc2@48.531C soc0@48.656C gpu@50.656C tj@50.656C soc1@48.437C VDD_IN 13334mW/11876mW VDD_CPU_GPU_CV 4092mW/3449mW VDD_SOC 4099mW/3680mW
09-15-2026 23:56:27 RAM 7033/7620MB (lfb 3x256kB) SWAP 1088/3810MB (cached 1MB) CPU [0%@1344,0%@1344,9%@1344,90%@1344,0%@729,0%@729] GR3D_FREQ 61% cpu@49.5C soc2@48.406C soc0@48.656C gpu@50.718C tj@50.562C soc1@48.125C VDD_IN 13060mW/11885mW VDD_CPU_GPU_CV 3864mW/3452mW VDD_SOC 4066mW/3683mW
09-15-2026 23:56:27 RAM 7033/7620MB (lfb 3x256kB) SWAP 1088/3810MB (cached 1MB) CPU [0%@1344,0%@1344,0%@1344,100%@1344,0%@729,0%@729] GR3D_FREQ 56% cpu@49.375C soc2@48.468C soc0@48.718C gpu@50.812C tj@50.812C soc1@48.312C VDD_IN 12729mW/11891mW VDD_CPU_GPU_CV 3630mW/3453mW VDD_SOC 4027mW/3686mW
09-15-2026 23:56:27 RAM 7033/7620MB (lfb 3x256kB) SWAP 1088/3810MB (cached 1MB) CPU [0%@1344,0%@1344,0%@1344,91%@1344,0%@729,0%@729] GR3D_FREQ 54% cpu@49.5C soc2@48.5C soc0@48.812C gpu@50.625C tj@50.625C soc1@48.531C VDD_IN 12455mW/11895mW VDD_CPU_GPU_CV 3474mW/3453mW VDD_SOC 3988mW/3688mW
09-15-2026 23:56:27 RAM 7033/7620MB (lfb 3x256kB) SWAP 1088/3810MB (cached 1MB) CPU [0%@1344,0%@1344,0%@1344,90%@1344,0%@729,0%@729] GR3D_FREQ 55% cpu@49.562C soc2@48.468C soc0@48.687C gpu@50.343C tj@50.343C soc1@48.312C VDD_IN 12259mW/11898mW VDD_CPU_GPU_CV 3323mW/3452mW VDD_SOC 3955mW/3690mW
09-15-2026 23:56:27 RAM 7033/7620MB (lfb 3x256kB) SWAP 1088/3810MB (cached 1MB) CPU [0%@1344,8%@1344,0%@1344,100%@1344,0%@729,0%@729] GR3D_FREQ 52% cpu@49.437C soc2@48.468C soc0@48.718C gpu@50.718C tj@50.718C soc1@48.281C VDD_IN 12142mW/11899mW VDD_CPU_GPU_CV 3245mW/3451mW VDD_SOC 3955mW/3692mW
09-15-2026 23:56:27 RAM 7033/7620MB (lfb 3x256kB) SWAP 1088/3810MB (cached 1MB) CPU [0%@1344,0%@1344,9%@1344,90%@1344,0%@729,0%@729] GR3D_FREQ 56% cpu@49.406C soc2@48.437C soc0@48.781C gpu@50.656C tj@50.656C soc1@48.375C VDD_IN 12063mW/11901mW VDD_CPU_GPU_CV 3167mW/3449mW VDD_SOC 3916mW/3693mW
09-15-2026 23:56:27 RAM 7033/7620MB (lfb 3x256kB) SWAP 1088/3810MB (cached 1MB) CPU [0%@1344,0%@1344,0%@1344,90%@1344,0%@729,0%@729] GR3D_FREQ 56% cpu@49.468C soc2@48.531C soc0@48.906C gpu@50.406C tj@50.406C soc1@48.406C VDD_IN 12004mW/11901mW VDD_CPU_GPU_CV 3089mW/3446mW VDD_SOC 3916mW/3695mW
09-15-2026 23:56:27 RAM 7033/7620MB (lfb 3x256kB) SWAP 1088/3810MB (cached 1MB) CPU [0%@1344,0%@1344,0%@1344,90%@1344,0%@729,0%@729] GR3D_FREQ 70% cpu@49.718C soc2@48.562C soc0@48.718C gpu@50.625C tj@50.625C soc1@48.25C VDD_IN 11926mW/11902mW VDD_CPU_GPU_CV 3011mW/3443mW VDD_SOC 3916mW/3696mW
09-15-2026 23:56:28 RAM 7033/7620MB (lfb 3x256kB) SWAP 1088/3810MB (cached 1MB) CPU [0%@1344,0%@1344,0%@1344,100%@1344,9%@729,9%@729] GR3D_FREQ 59% cpu@49.625C soc2@48.5C soc0@48.718C gpu@50.531C tj@50.531C soc1@48.312C VDD_IN 11848mW/11901mW VDD_CPU_GPU_CV 2971mW/3440mW VDD_SOC 3916mW/3698mW
09-15-2026 23:56:28 RAM 7033/7620MB (lfb 3x256kB) SWAP 1088/3810MB (cached 1MB) CPU [0%@1344,0%@1344,0%@1344,90%@1344,0%@729,20%@729] GR3D_FREQ 61% cpu@49.406C soc2@48.406C soc0@48.781C gpu@50.437C tj@50.437C soc1@48.406C VDD_IN 11808mW/11900mW VDD_CPU_GPU_CV 2932mW/3436mW VDD_SOC 3877mW/3699mW
09-15-2026 23:56:28 RAM 7034/7620MB (lfb 3x256kB) SWAP 1088/3810MB (cached 1MB) CPU [0%@1344,0%@1344,0%@1344,90%@1344,0%@729,0%@729] GR3D_FREQ 59% cpu@49.656C soc2@48.562C soc0@48.968C gpu@50.593C tj@50.593C soc1@48.406C VDD_IN 11769mW/11900mW VDD_CPU_GPU_CV 2893mW/3432mW VDD_SOC 3877mW/3700mW
09-15-2026 23:56:28 RAM 7034/7620MB (lfb 3x256kB) SWAP 1088/3810MB (cached 1MB) CPU [0%@1344,0%@1344,0%@1344,90%@1344,0%@729,0%@729] GR3D_FREQ 59% cpu@49.656C soc2@48.468C soc0@48.812C gpu@50.468C tj@50.468C soc1@48.281C VDD_IN 11769mW/11899mW VDD_CPU_GPU_CV 2854mW/3428mW VDD_SOC 3877mW/3702mW
09-15-2026 23:56:28 RAM 7034/7620MB (lfb 3x256kB) SWAP 1088/3810MB (cached 1MB) CPU [0%@1344,8%@1344,9%@1344,81%@1344,0%@729,8%@729] GR3D_FREQ 59% cpu@49.562C soc2@48.468C soc0@48.843C gpu@50.406C tj@50.406C soc1@48.375C VDD_IN 11651mW/11897mW VDD_CPU_GPU_CV 2854mW/3424mW VDD_SOC 3877mW/3703mW
09-15-2026 23:56:28 RAM 7034/7620MB (lfb 3x256kB) SWAP 1088/3810MB (cached 1MB) CPU [9%@729,0%@729,8%@729,45%@729,0%@729,0%@729] GR3D_FREQ 93% cpu@49.781C soc2@48.625C soc0@48.843C gpu@51.625C tj@51.625C soc1@48.468C VDD_IN 13042mW/11905mW VDD_CPU_GPU_CV 3747mW/3427mW VDD_SOC 4145mW/3706mW
09-15-2026 23:56:28 RAM 7034/7620MB (lfb 3x256kB) SWAP 1088/3810MB (cached 1MB) CPU [0%@729,0%@729,0%@729,40%@729,0%@729,0%@729] GR3D_FREQ 93% cpu@49.937C soc2@48.75C soc0@48.718C gpu@51.906C tj@51.906C soc1@48.593C VDD_IN 14483mW/11922mW VDD_CPU_GPU_CV 4708mW/3435mW VDD_SOC 4443mW/3711mW
09-15-2026 23:56:28 RAM 7034/7620MB (lfb 3x256kB) SWAP 1088/3810MB (cached 1MB) CPU [0%@1344,0%@1344,0%@1344,100%@1344,0%@729,0%@729] GR3D_FREQ 99% cpu@50.062C soc2@48.937C soc0@48.843C gpu@51.875C tj@51.875C soc1@48.406C VDD_IN 14952mW/11943mW VDD_CPU_GPU_CV 5089mW/3446mW VDD_SOC 4443mW/3716mW
09-15-2026 23:56:28 RAM 7034/7620MB (lfb 3x256kB) SWAP 1088/3810MB (cached 1MB) CPU [0%@1344,0%@1344,0%@1344,72%@1344,0%@729,0%@729] GR3D_FREQ 49% cpu@50.187C soc2@48.875C soc0@48.937C gpu@51.593C tj@51.593C soc1@48.5C VDD_IN 15668mW/11967mW VDD_CPU_GPU_CV 5623mW/3461mW VDD_SOC 4552mW/3721mW
09-15-2026 23:56:29 RAM 7034/7620MB (lfb 3x256kB) SWAP 1088/3810MB (cached 1MB) CPU [0%@1344,0%@1344,10%@1344,100%@1344,0%@729,0%@729] GR3D_FREQ 63% cpu@50.062C soc2@48.875C soc0@48.937C gpu@51.218C tj@51.218C soc1@48.562C VDD_IN 15005mW/11987mW VDD_CPU_GPU_CV 5244mW/3473mW VDD_SOC 4404mW/3726mW
09-15-2026 23:56:29 RAM 7034/7620MB (lfb 3x256kB) SWAP 1088/3810MB (cached 1MB) CPU [0%@1344,0%@1344,0%@1344,90%@1344,9%@729,0%@729] GR3D_FREQ 46% cpu@49.968C soc2@48.906C soc0@49.093C gpu@51.406C tj@51.406C soc1@48.406C VDD_IN 14444mW/12004mW VDD_CPU_GPU_CV 4902mW/3482mW VDD_SOC 4287mW/3730mW
09-15-2026 23:56:29 RAM 7034/7620MB (lfb 3x256kB) SWAP 1088/3810MB (cached 1MB) CPU [0%@1344,0%@1344,0%@1344,100%@1344,0%@729,9%@729] GR3D_FREQ 48% cpu@50.031C soc2@48.843C soc0@49.031C gpu@51.218C tj@51.218C soc1@48.468C VDD_IN 13937mW/12016mW VDD_CPU_GPU_CV 4560mW/3489mW VDD_SOC 4177mW/3732mW
09-15-2026 23:56:29 RAM 7034/7620MB (lfb 3x256kB) SWAP 1088/3810MB (cached 1MB) CPU [9%@1344,0%@1344,8%@1344,90%@1344,0%@729,0%@729] GR3D_FREQ 48% cpu@49.875C soc2@48.843C soc0@49.062C gpu@51C tj@51C soc1@48.5C VDD_IN 13529mW/12026mW VDD_CPU_GPU_CV 4248mW/3494mW VDD_SOC 4138mW/3735mW
09-15-2026 23:56:29 RAM 7034/7620MB (lfb 3x256kB) SWAP 1088/3810MB (cached 1MB) CPU [0%@1344,0%@1344,0%@1344,90%@1344,0%@729,0%@729] GR3D_FREQ 48% cpu@49.843C soc2@48.875C soc0@49.156C gpu@50.875C tj@50.875C soc1@48.625C VDD_IN 13217mW/12034mW VDD_CPU_GPU_CV 4014mW/3497mW VDD_SOC 4105mW/3737mW
09-15-2026 23:56:29 RAM 7034/7620MB (lfb 3x256kB) SWAP 1088/3810MB (cached 1MB) CPU [0%@1344,0%@1344,8%@1344,100%@1344,0%@729,0%@729] GR3D_FREQ 52% cpu@49.781C soc2@48.718C soc0@49.031C gpu@50.781C tj@50.781C soc1@48.531C VDD_IN 12886mW/12039mW VDD_CPU_GPU_CV 3786mW/3499mW VDD_SOC 4027mW/3739mW
09-15-2026 23:56:29 RAM 7034/7620MB (lfb 3x256kB) SWAP 1088/3810MB (cached 1MB) CPU [0%@1344,0%@1344,0%@1344,90%@1344,0%@729,0%@729] GR3D_FREQ 54% cpu@49.843C soc2@48.75C soc0@49.093C gpu@50.812C tj@50.812C soc1@48.531C VDD_IN 12612mW/12043mW VDD_CPU_GPU_CV 3552mW/3500mW VDD_SOC 4027mW/3741mW
09-15-2026 23:56:29 RAM 7034/7620MB (lfb 3x256kB) SWAP 1088/3810MB (cached 1MB) CPU [9%@1344,0%@1344,0%@1344,90%@1344,0%@729,0%@729] GR3D_FREQ 64% cpu@49.75C soc2@48.812C soc0@49.125C gpu@50.812C tj@50.812C soc1@48.656C VDD_IN 12455mW/12046mW VDD_CPU_GPU_CV 3396mW/3499mW VDD_SOC 3988mW/3743mW
09-15-2026 23:56:29 RAM 7034/7620MB (lfb 3x256kB) SWAP 1088/3810MB (cached 1MB) CPU [0%@1344,0%@1344,0%@1344,90%@1344,0%@729,0%@729] GR3D_FREQ 51% cpu@49.937C soc2@48.843C soc0@49.031C gpu@50.781C tj@50.781C soc1@48.5C VDD_IN 12298mW/12047mW VDD_CPU_GPU_CV 3284mW/3498mW VDD_SOC 3995mW/3744mW
09-15-2026 23:56:29 RAM 7034/7620MB (lfb 3x256kB) SWAP 1088/3810MB (cached 1MB) CPU [0%@1344,0%@1344,0%@1344,100%@1344,0%@729,0%@729] GR3D_FREQ 56% cpu@50C soc2@48.718C soc0@49.031C gpu@50.75C tj@50.75C soc1@48.5C VDD_IN 12122mW/12048mW VDD_CPU_GPU_CV 3206mW/3496mW VDD_SOC 3916mW/3745mW
09-15-2026 23:56:30 RAM 7034/7620MB (lfb 3x256kB) SWAP 1088/3810MB (cached 1MB) CPU [0%@1344,0%@1344,8%@1344,90%@1344,0%@729,9%@729] GR3D_FREQ 55% cpu@49.843C soc2@48.718C soc0@49.031C gpu@50.718C tj@50.718C soc1@48.656C VDD_IN 12004mW/12047mW VDD_CPU_GPU_CV 3128mW/3494mW VDD_SOC 3916mW/3746mW
09-15-2026 23:56:30 RAM 7034/7620MB (lfb 3x256kB) SWAP 1088/3810MB (cached 1MB) CPU [0%@1344,0%@1344,0%@1344,90%@1344,0%@729,0%@729] GR3D_FREQ 52% cpu@49.75C soc2@48.75C soc0@49.062C gpu@50.687C tj@50.687C soc1@48.75C VDD_IN 11965mW/12047mW VDD_CPU_GPU_CV 3050mW/3491mW VDD_SOC 3916mW/3748mW
09-15-2026 23:56:30 RAM 7034/7620MB (lfb 3x256kB) SWAP 1088/3810MB (cached 1MB) CPU [0%@1344,0%@1344,0%@1344,90%@1344,0%@729,0%@729] GR3D_FREQ 58% cpu@49.781C soc2@48.843C soc0@49.031C gpu@51.031C tj@51.031C soc1@48.562C VDD_IN 11926mW/12046mW VDD_CPU_GPU_CV 3011mW/3488mW VDD_SOC 3916mW/3749mW
09-15-2026 23:56:30 RAM 7034/7620MB (lfb 3x256kB) SWAP 1088/3810MB (cached 1MB) CPU [0%@1344,0%@1344,0%@1344,90%@1344,0%@729,0%@729] GR3D_FREQ 48% cpu@49.812C soc2@48.781C soc0@49.031C gpu@50.656C tj@50.656C soc1@48.656C VDD_IN 11887mW/12045mW VDD_CPU_GPU_CV 2932mW/3484mW VDD_SOC 3916mW/3750mW
09-15-2026 23:56:30 RAM 7034/7620MB (lfb 3x256kB) SWAP 1088/3810MB (cached 1MB) CPU [0%@1344,0%@1344,0%@1344,90%@1344,0%@729,0%@729] GR3D_FREQ 70% cpu@49.687C soc2@48.625C soc0@49C gpu@50.718C tj@50.718C soc1@48.656C VDD_IN 11848mW/12044mW VDD_CPU_GPU_CV 2893mW/3481mW VDD_SOC 3916mW/3751mW
09-15-2026 23:56:30 RAM 7034/7620MB (lfb 3x256kB) SWAP 1088/3810MB (cached 1MB) CPU [0%@1344,0%@1344,0%@1344,100%@1344,0%@729,0%@729] GR3D_FREQ 63% cpu@49.875C soc2@48.781C soc0@49.125C gpu@51.093C tj@51.093C soc1@48.75C VDD_IN 11808mW/12042mW VDD_CPU_GPU_CV 2854mW/3477mW VDD_SOC 3877mW/3751mW
09-15-2026 23:56:30 RAM 7034/7620MB (lfb 3x256kB) SWAP 1088/3810MB (cached 1MB) CPU [0%@1344,0%@1344,9%@1344,90%@1344,0%@729,0%@729] GR3D_FREQ 63% cpu@50.062C soc2@48.75C soc0@49.218C gpu@50.781C tj@50.781C soc1@48.625C VDD_IN 11730mW/12041mW VDD_CPU_GPU_CV 2815mW/3473mW VDD_SOC 3877mW/3752mW
09-15-2026 23:56:30 RAM 7034/7620MB (lfb 3x256kB) SWAP 1088/3810MB (cached 1MB) CPU [0%@1344,0%@1344,0%@1344,50%@1344,0%@729,0%@729] GR3D_FREQ 96% cpu@50.031C soc2@48.75C soc0@49.062C gpu@51.125C tj@51.125C soc1@48.718C VDD_IN 12044mW/12041mW VDD_CPU_GPU_CV 3050mW/3471mW VDD_SOC 3955mW/3753mW
09-15-2026 23:56:30 RAM 7034/7620MB (lfb 3x256kB) SWAP 1088/3810MB (cached 1MB) CPU [0%@1344,0%@1344,0%@1344,50%@1344,0%@729,0%@729] GR3D_FREQ 90% cpu@50.093C soc2@48.906C soc0@49.125C gpu@52.062C tj@52.062C soc1@48.718C VDD_IN 13608mW/12050mW VDD_CPU_GPU_CV 4053mW/3474mW VDD_SOC 4255mW/3756mW
09-15-2026 23:56:31 RAM 7034/7620MB (lfb 3x256kB) SWAP 1088/3810MB (cached 1MB) CPU [0%@729,0%@729,0%@729,60%@729,9%@729,0%@729] GR3D_FREQ 54% cpu@50.156C soc2@49C soc0@49.281C gpu@51.75C tj@51.75C soc1@48.718C VDD_IN 14327mW/12063mW VDD_CPU_GPU_CV 4669mW/3481mW VDD_SOC 4372mW/3760mW
09-15-2026 23:56:31 RAM 7034/7620MB (lfb 3x256kB) SWAP 1088/3810MB (cached 1MB) CPU [0%@1344,9%@1344,0%@1344,100%@1344,0%@729,9%@729] GR3D_FREQ 99% cpu@50.468C soc2@49.125C soc0@49.187C gpu@52.656C tj@52.656C soc1@48.718C VDD_IN 15395mW/12083mW VDD_CPU_GPU_CV 5438mW/3493mW VDD_SOC 4513mW/3764mW
09-15-2026 23:56:31 RAM 7034/7620MB (lfb 3x256kB) SWAP 1088/3810MB (cached 1MB) CPU [0%@1344,0%@1344,9%@1344,70%@1344,0%@729,0%@729] GR3D_FREQ 44% cpu@50.343C soc2@49.125C soc0@49.281C gpu@51.812C tj@51.812C soc1@48.75C VDD_IN 15317mW/12102mW VDD_CPU_GPU_CV 5399mW/3504mW VDD_SOC 4474mW/3768mW
09-15-2026 23:56:31 RAM 7034/7620MB (lfb 3x256kB) SWAP 1088/3810MB (cached 1MB) CPU [0%@1344,0%@1344,0%@1344,100%@1344,0%@729,0%@729] GR3D_FREQ 41% cpu@50.281C soc2@49.125C soc0@49.375C gpu@51.5C tj@51.625C soc1@48.875C VDD_IN 14757mW/12117mW VDD_CPU_GPU_CV 5019mW/3512mW VDD_SOC 4326mW/3772mW
09-15-2026 23:56:31 RAM 7034/7620MB (lfb 3x256kB) SWAP 1088/3810MB (cached 1MB) CPU [0%@1344,0%@1344,0%@1344,90%@1344,0%@729,0%@729] GR3D_FREQ 48% cpu@50.25C soc2@49.125C soc0@49.25C gpu@51.593C tj@51.593C soc1@48.656C VDD_IN 14210mW/12129mW VDD_CPU_GPU_CV 4669mW/3519mW VDD_SOC 4255mW/3774mW
09-15-2026 23:56:31 RAM 7034/7620MB (lfb 3x256kB) SWAP 1088/3810MB (cached 1MB) CPU [0%@1344,0%@1344,0%@1344,90%@1344,0%@729,0%@729] GR3D_FREQ 54% cpu@50.156C soc2@49.093C soc0@49.312C gpu@51.468C tj@51.468C soc1@48.781C VDD_IN 13764mW/12138mW VDD_CPU_GPU_CV 4365mW/3524mW VDD_SOC 4177mW/3777mW
09-15-2026 23:56:31 RAM 7034/7620MB (lfb 3x256kB) SWAP 1088/3810MB (cached 1MB) CPU [0%@1344,0%@1344,0%@1344,91%@1344,0%@729,0%@729] GR3D_FREQ 65% cpu@50.062C soc2@49.062C soc0@49.406C gpu@51.312C tj@51.312C soc1@48.937C VDD_IN 13412mW/12146mW VDD_CPU_GPU_CV 4131mW/3527mW VDD_SOC 4138mW/3779mW
09-15-2026 23:56:31 RAM 7034/7620MB (lfb 3x256kB) SWAP 1088/3810MB (cached 1MB) CPU [0%@1190,0%@1190,9%@1190,100%@1190,0%@729,0%@729] GR3D_FREQ 54% cpu@50.156C soc2@49.093C soc0@49.312C gpu@51.218C tj@51.218C soc1@48.75C VDD_IN 13060mW/12151mW VDD_CPU_GPU_CV 3904mW/3529mW VDD_SOC 4066mW/3780mW
09-15-2026 23:56:31 RAM 7034/7620MB (lfb 3x256kB) SWAP 1088/3810MB (cached 1MB) CPU [8%@1344,0%@1344,8%@1344,100%@1344,0%@729,0%@729] GR3D_FREQ 51% cpu@50.218C soc2@49.093C soc0@49.281C gpu@51.093C tj@51.093C soc1@48.812C VDD_IN 12768mW/12154mW VDD_CPU_GPU_CV 3669mW/3530mW VDD_SOC 4027mW/3782mW
09-15-2026 23:56:31 RAM 7034/7620MB (lfb 3x256kB) SWAP 1088/3810MB (cached 1MB) CPU [0%@1344,0%@1344,0%@1344,90%@1344,0%@729,0%@729] GR3D_FREQ 54% cpu@50.093C soc2@49.062C soc0@49.312C gpu@51.093C tj@51.093C soc1@48.937C VDD_IN 12533mW/12156mW VDD_CPU_GPU_CV 3474mW/3530mW VDD_SOC 3988mW/3783mW
09-15-2026 23:56:32 RAM 7034/7620MB (lfb 3x256kB) SWAP 1088/3810MB (cached 1MB) CPU [9%@1344,9%@1344,0%@1344,90%@1344,10%@729,0%@729] GR3D_FREQ 61% cpu@50.125C soc2@49C soc0@49.406C gpu@51.093C tj@51.093C soc1@48.968C VDD_IN 12337mW/12157mW VDD_CPU_GPU_CV 3362mW/3529mW VDD_SOC 3955mW/3784mW
09-15-2026 23:56:32 RAM 7034/7620MB (lfb 3x256kB) SWAP 1088/3810MB (cached 1MB) CPU [0%@1344,0%@1344,0%@1344,90%@1344,9%@729,0%@729] GR3D_FREQ 52% cpu@50.343C soc2@49.062C soc0@49.187C gpu@50.937C tj@50.937C soc1@48.781C VDD_IN 12220mW/12158mW VDD_CPU_GPU_CV 3245mW/3527mW VDD_SOC 3955mW/3785mW
09-15-2026 23:56:32 RAM 7034/7620MB (lfb 3x256kB) SWAP 1088/3810MB (cached 1MB) CPU [0%@1344,0%@1344,0%@1344,90%@1344,0%@729,0%@729] GR3D_FREQ 65% cpu@50.187C soc2@48.968C soc0@49.343C gpu@51.25C tj@51.25C soc1@48.812C VDD_IN 12142mW/12158mW VDD_CPU_GPU_CV 3167mW/3525mW VDD_SOC 3955mW/3786mW
09-15-2026 23:56:32 RAM 7034/7620MB (lfb 3x256kB) SWAP 1088/3810MB (cached 1MB) CPU [0%@1344,0%@1344,0%@1344,90%@1344,0%@729,0%@729] GR3D_FREQ 52% cpu@50C soc2@49C soc0@49.343C gpu@51.062C tj@51.062C soc1@48.968C VDD_IN 12024mW/12157mW VDD_CPU_GPU_CV 3089mW/3523mW VDD_SOC 3916mW/3786mW
09-15-2026 23:56:32 RAM 7034/7620MB (lfb 3x256kB) SWAP 1088/3810MB (cached 1MB) CPU [0%@1344,0%@1344,8%@1344,100%@1344,0%@729,0%@729] GR3D_FREQ 55% cpu@50.218C soc2@49.093C soc0@49.5C gpu@51.031C tj@51.031C soc1@49.062C VDD_IN 11926mW/12156mW VDD_CPU_GPU_CV 3050mW/3520mW VDD_SOC 3916mW/3787mW
09-15-2026 23:56:32 RAM 7034/7620MB (lfb 3x256kB) SWAP 1088/3810MB (cached 1MB) CPU [0%@1344,0%@1344,9%@1344,100%@1344,0%@729,0%@729] GR3D_FREQ 59% cpu@50.25C soc2@49.031C soc0@49.343C gpu@51.281C tj@51.281C soc1@48.812C VDD_IN 11887mW/12154mW VDD_CPU_GPU_CV 3011mW/3518mW VDD_SOC 3916mW/3788mW
09-15-2026 23:56:32 RAM 7034/7620MB (lfb 3x256kB) SWAP 1088/3810MB (cached 1MB) CPU [0%@1344,0%@1344,0%@1344,91%@1344,0%@729,0%@729] GR3D_FREQ 62% cpu@50.406C soc2@49.031C soc0@49.375C gpu@51.187C tj@51.187C soc1@48.875C VDD_IN 11808mW/12152mW VDD_CPU_GPU_CV 2932mW/3515mW VDD_SOC 3877mW/3788mW
09-15-2026 23:56:32 RAM 7034/7620MB (lfb 3x256kB) SWAP 1088/3810MB (cached 1MB) CPU [0%@1344,0%@1344,0%@1344,90%@1344,0%@729,0%@729] GR3D_FREQ 64% cpu@50.156C soc2@49.062C soc0@49.437C gpu@51.031C tj@51.031C soc1@49.031C VDD_IN 11808mW/12150mW VDD_CPU_GPU_CV 2893mW/3511mW VDD_SOC 3877mW/3789mW
09-15-2026 23:56:32 RAM 7034/7620MB (lfb 3x256kB) SWAP 1088/3810MB (cached 1MB) CPU [0%@1344,0%@1344,0%@1344,90%@1344,0%@729,0%@729] GR3D_FREQ 59% cpu@50.156C soc2@49.093C soc0@49.5C gpu@51.218C tj@51.218C soc1@49.093C VDD_IN 11730mW/12148mW VDD_CPU_GPU_CV 2854mW/3508mW VDD_SOC 3877mW/3789mW
09-15-2026 23:56:33 RAM 7034/7620MB (lfb 3x256kB) SWAP 1088/3810MB (cached 1MB) CPU [9%@1344,9%@1344,9%@1344,83%@1344,0%@729,0%@729] GR3D_FREQ 38% cpu@50.187C soc2@49.156C soc0@49.375C gpu@51.187C tj@51.187C soc1@48.937C VDD_IN 11691mW/12146mW VDD_CPU_GPU_CV 2815mW/3504mW VDD_SOC 3877mW/3790mW
09-15-2026 23:56:33 RAM 7037/7620MB (lfb 2x256kB) SWAP 1088/3810MB (cached 1MB) CPU [18%@1344,0%@1344,0%@1344,45%@1344,50%@729,10%@729] GR3D_FREQ 93% cpu@50.281C soc2@49.187C soc0@49.375C gpu@51.875C tj@51.875C soc1@48.968C VDD_IN 12572mW/12148mW VDD_CPU_GPU_CV 3435mW/3504mW VDD_SOC 4066mW/3791mW
09-15-2026 23:56:33 RAM 7037/7620MB (lfb 2x256kB) SWAP 1088/3810MB (cached 1MB) CPU [0%@729,0%@729,9%@729,45%@729,0%@729,9%@729] GR3D_FREQ 91% cpu@50.406C soc2@49.312C soc0@49.437C gpu@52.437C tj@52.437C soc1@49.125C VDD_IN 14116mW/12158mW VDD_CPU_GPU_CV 4513mW/3509mW VDD_SOC 4333mW/3794mW
09-15-2026 23:56:33 RAM 7037/7620MB (lfb 2x256kB) SWAP 1088/3810MB (cached 1MB) CPU [0%@1113,0%@1113,0%@1113,88%@1113,0%@729,0%@729] GR3D_FREQ 91% cpu@50.468C soc2@49.406C soc0@49.312C gpu@52.187C tj@52.187C soc1@48.968C VDD_IN 14522mW/12171mW VDD_CPU_GPU_CV 4902mW/3516mW VDD_SOC 4404mW/3797mW
09-15-2026 23:56:33 RAM 7037/7620MB (lfb 2x256kB) SWAP 1088/3810MB (cached 1MB) CPU [0%@1344,0%@1344,0%@1344,72%@1344,0%@729,0%@729] GR3D_FREQ 98% cpu@50.468C soc2@49.5C soc0@49.468C gpu@53.062C tj@53.062C soc1@48.968C VDD_IN 15707mW/12189mW VDD_CPU_GPU_CV 5817mW/3528mW VDD_SOC 4591mW/3801mW
09-15-2026 23:56:33 RAM 7037/7620MB (lfb 2x256kB) SWAP 1088/3810MB (cached 1MB) CPU [0%@1344,0%@1344,0%@1344,100%@1344,0%@729,0%@729] GR3D_FREQ 43% cpu@50.562C soc2@49.437C soc0@49.531C gpu@52.062C tj@52.062C soc1@49.093C VDD_IN 14849mW/12203mW VDD_CPU_GPU_CV 5283mW/3537mW VDD_SOC 4404mW/3804mW
09-15-2026 23:56:33 RAM 7037/7620MB (lfb 2x256kB) SWAP 1088/3810MB (cached 1MB) CPU [0%@1344,9%@1344,0%@1344,90%@1344,0%@729,0%@729] GR3D_FREQ 42% cpu@50.718C soc2@49.468C soc0@49.593C gpu@51.687C tj@51.781C soc1@49C VDD_IN 14288mW/12213mW VDD_CPU_GPU_CV 4941mW/3544mW VDD_SOC 4294mW/3807mW
09-15-2026 23:56:33 RAM 7037/7620MB (lfb 2x256kB) SWAP 1088/3810MB (cached 1MB) CPU [0%@1344,0%@1344,0%@1344,100%@1344,0%@729,0%@729] GR3D_FREQ 46% cpu@50.468C soc2@49.5C soc0@49.437C gpu@51.843C tj@51.843C soc1@49C VDD_IN 13764mW/12221mW VDD_CPU_GPU_CV 4599mW/3550mW VDD_SOC 4216mW/3809mW
09-15-2026 23:56:33 RAM 7037/7620MB (lfb 2x256kB) SWAP 1088/3810MB (cached 1MB) CPU [0%@1344,0%@1344,0%@1344,90%@1344,0%@729,0%@729] GR3D_FREQ 46% cpu@50.468C soc2@49.375C soc0@49.562C gpu@51.718C tj@51.718C soc1@49.093C VDD_IN 13334mW/12227mW VDD_CPU_GPU_CV 4287mW/3554mW VDD_SOC 4145mW/3811mW
09-15-2026 23:56:33 RAM 7037/7620MB (lfb 2x256kB) SWAP 1088/3810MB (cached 1MB) CPU [0%@1344,8%@1344,0%@1344,90%@1344,0%@729,0%@729] GR3D_FREQ 50% cpu@50.531C soc2@49.375C soc0@49.687C gpu@51.656C tj@51.656C soc1@49.218C VDD_IN 13021mW/12231mW VDD_CPU_GPU_CV 4053mW/3556mW VDD_SOC 4105mW/3812mW
09-15-2026 23:56:34 RAM 7037/7620MB (lfb 2x256kB) SWAP 1088/3810MB (cached 1MB) CPU [8%@1344,9%@1344,0%@1344,90%@1344,0%@729,9%@729] GR3D_FREQ 47% cpu@50.468C soc2@49.437C soc0@49.468C gpu@51.718C tj@51.718C soc1@49.312C VDD_IN 12729mW/12233mW VDD_CPU_GPU_CV 3825mW/3557mW VDD_SOC 4066mW/3814mW
09-15-2026 23:56:34 RAM 7037/7620MB (lfb 2x256kB) SWAP 1088/3810MB (cached 1MB) CPU [0%@1344,0%@1344,0%@1344,90%@1344,8%@729,0%@729] GR3D_FREQ 76% cpu@50.593C soc2@49.406C soc0@49.5C gpu@51.562C tj@51.562C soc1@49.187C VDD_IN 12494mW/12235mW VDD_CPU_GPU_CV 3630mW/3558mW VDD_SOC 4027mW/3815mW
09-15-2026 23:56:34 RAM 7037/7620MB (lfb 2x256kB) SWAP 1088/3810MB (cached 1MB) CPU [0%@1344,0%@1344,0%@1344,100%@1344,0%@729,0%@729] GR3D_FREQ 52% cpu@50.312C soc2@49.312C soc0@49.531C gpu@51.468C tj@51.468C soc1@49.218C VDD_IN 12259mW/12235mW VDD_CPU_GPU_CV 3474mW/3557mW VDD_SOC 3995mW/3815mW
09-15-2026 23:56:34 RAM 7037/7620MB (lfb 2x256kB) SWAP 1088/3810MB (cached 1MB) CPU [0%@1344,0%@1344,0%@1344,100%@1344,0%@729,0%@729] GR3D_FREQ 53% cpu@50.343C soc2@49.343C soc0@49.625C gpu@51.25C tj@51.25C soc1@49.218C VDD_IN 11985mW/12234mW VDD_CPU_GPU_CV 3323mW/3556mW VDD_SOC 3955mW/3816mW
09-15-2026 23:56:34 RAM 7037/7620MB (lfb 2x256kB) SWAP 1088/3810MB (cached 1MB) CPU [0%@1344,0%@1344,0%@1344,90%@1344,0%@729,0%@729] GR3D_FREQ 54% cpu@50.562C soc2@49.406C soc0@49.406C gpu@51.25C tj@51.25C soc1@49.125C VDD_IN 11887mW/12232mW VDD_CPU_GPU_CV 3206mW/3554mW VDD_SOC 3916mW/3817mW
09-15-2026 23:56:34 RAM 7037/7620MB (lfb 2x256kB) SWAP 1088/3810MB (cached 1MB) CPU [0%@1344,8%@1344,0%@1344,90%@1344,0%@729,0%@729] GR3D_FREQ 56% cpu@50.562C soc2@49.343C soc0@49.562C gpu@51.656C tj@51.656C soc1@49.156C VDD_IN 11808mW/12230mW VDD_CPU_GPU_CV 3128mW/3552mW VDD_SOC 3916mW/3817mW
09-15-2026 23:56:34 RAM 7037/7620MB (lfb 2x256kB) SWAP 1088/3810MB (cached 1MB) CPU [0%@1344,0%@1344,0%@1344,90%@1344,0%@729,0%@729] GR3D_FREQ 55% cpu@50.375C soc2@49.343C soc0@49.593C gpu@51.5C tj@51.5C soc1@49.218C VDD_IN 11730mW/12227mW VDD_CPU_GPU_CV 3050mW/3550mW VDD_SOC 3916mW/3818mW
09-15-2026 23:56:34 RAM 7037/7620MB (lfb 2x256kB) SWAP 1088/3810MB (cached 1MB) CPU [0%@1344,0%@1344,0%@1344,90%@1344,0%@729,0%@729] GR3D_FREQ 63% cpu@50.406C soc2@49.343C soc0@49.625C gpu@51.25C tj@51.25C soc1@49.406C VDD_IN 11651mW/12225mW VDD_CPU_GPU_CV 2971mW/3547mW VDD_SOC 3916mW/3818mW
09-15-2026 23:56:34 RAM 7037/7620MB (lfb 2x256kB) SWAP 1088/3810MB (cached 1MB) CPU [0%@1344,0%@1344,0%@1344,90%@1344,0%@729,0%@729] GR3D_FREQ 60% cpu@50.5C soc2@49.375C soc0@49.468C gpu@51.625C tj@51.625C soc1@49.218C VDD_IN 11612mW/12222mW VDD_CPU_GPU_CV 2932mW/3544mW VDD_SOC 3916mW/3819mW
09-15-2026 23:56:35 RAM 7037/7620MB (lfb 2x256kB) SWAP 1088/3810MB (cached 1MB) CPU [8%@1344,0%@1344,0%@1344,100%@1344,0%@729,0%@729] GR3D_FREQ 61% cpu@50.593C soc2@49.281C soc0@49.5C gpu@51.437C tj@51.437C soc1@49.218C VDD_IN 11494mW/12218mW VDD_CPU_GPU_CV 2898mW/3541mW VDD_SOC 3877mW/3819mW
09-15-2026 23:56:35 RAM 7037/7620MB (lfb 2x256kB) SWAP 1088/3810MB (cached 1MB) CPU [0%@1344,0%@1344,0%@1344,90%@1344,0%@729,0%@729] GR3D_FREQ 62% cpu@50.343C soc2@49.281C soc0@49.5C gpu@51.343C tj@51.343C soc1@49.281C VDD_IN 11455mW/12214mW VDD_CPU_GPU_CV 2854mW/3538mW VDD_SOC 3877mW/3819mW
09-15-2026 23:56:35 RAM 7037/7620MB (lfb 2x256kB) SWAP 1088/3810MB (cached 1MB) CPU [0%@1344,0%@1344,0%@1344,90%@1344,0%@729,0%@729] GR3D_FREQ 60% cpu@50.468C soc2@49.343C soc0@49.593C gpu@51.625C tj@51.625C soc1@49.312C VDD_IN 11416mW/12211mW VDD_CPU_GPU_CV 2854mW/3535mW VDD_SOC 3883mW/3819mW
09-15-2026 23:56:35 RAM 7037/7620MB (lfb 2x256kB) SWAP 1088/3810MB (cached 1MB) CPU [9%@960,16%@960,0%@960,66%@960,9%@729,9%@729] GR3D_FREQ 93% cpu@50.437C soc2@49.406C soc0@49.625C gpu@51.625C tj@51.625C soc1@49.156C VDD_IN 11494mW/12207mW VDD_CPU_GPU_CV 2932mW/3532mW VDD_SOC 3877mW/3820mW
09-15-2026 23:56:35 RAM 7037/7620MB (lfb 2x256kB) SWAP 1088/3810MB (cached 1MB) CPU [9%@729,0%@729,0%@729,45%@729,0%@729,0%@729] GR3D_FREQ 90% cpu@50.656C soc2@49.5C soc0@49.5C gpu@52.562C tj@52.562C soc1@49.281C VDD_IN 13042mW/12211mW VDD_CPU_GPU_CV 3904mW/3533mW VDD_SOC 4184mW/3821mW
09-15-2026 23:56:35 RAM 7037/7620MB (lfb 2x256kB) SWAP 1088/3810MB (cached 1MB) CPU [0%@729,0%@729,0%@729,61%@729,0%@729,0%@729] GR3D_FREQ 58% cpu@50.781C soc2@49.562C soc0@49.656C gpu@52.593C tj@52.593C soc1@49.218C VDD_IN 14132mW/12220mW VDD_CPU_GPU_CV 4669mW/3539mW VDD_SOC 4372mW/3824mW
09-15-2026 23:56:35 RAM 7037/7620MB (lfb 2x256kB) SWAP 1088/3810MB (cached 1MB) CPU [0%@1344,0%@1344,0%@1344,100%@1344,0%@729,0%@729] GR3D_FREQ 99% cpu@50.937C soc2@49.75C soc0@49.531C gpu@52.875C tj@52.875C soc1@49.281C VDD_IN 15005mW/12233mW VDD_CPU_GPU_CV 5399mW/3547mW VDD_SOC 4521mW/3827mW
09-15-2026 23:56:35 RAM 7037/7620MB (lfb 2x256kB) SWAP 1088/3810MB (cached 1MB) CPU [0%@1344,0%@1344,0%@1344,72%@1344,0%@729,0%@729] GR3D_FREQ 41% cpu@50.843C soc2@49.625C soc0@49.687C gpu@52.687C tj@52.687C soc1@49.281C VDD_IN 15161mW/12247mW VDD_CPU_GPU_CV 5594mW/3557mW VDD_SOC 4521mW/3831mW
09-15-2026 23:56:35 RAM 7037/7620MB (lfb 2x256kB) SWAP 1088/3810MB (cached 1MB) CPU [0%@1344,9%@1344,0%@1344,100%@1344,0%@729,0%@729] GR3D_FREQ 45% cpu@50.75C soc2@49.687C soc0@49.687C gpu@52.25C tj@52.25C soc1@49.343C VDD_IN 14561mW/12258mW VDD_CPU_GPU_CV 5166mW/3564mW VDD_SOC 4404mW/3833mW
09-15-2026 23:56:35 RAM 7037/7620MB (lfb 2x256kB) SWAP 1088/3810MB (cached 1MB) CPU [0%@1344,0%@1344,0%@1344,91%@1344,0%@729,0%@729] GR3D_FREQ 43% cpu@50.75C soc2@49.687C soc0@49.562C gpu@51.906C tj@51.906C soc1@49.5C VDD_IN 14054mW/12266mW VDD_CPU_GPU_CV 4825mW/3570mW VDD_SOC 4294mW/3835mW
09-15-2026 23:56:36 RAM 7038/7620MB (lfb 2x256kB) SWAP 1088/3810MB (cached 1MB) CPU [0%@1344,0%@1344,0%@1344,90%@1344,0%@729,9%@729] GR3D_FREQ 72% cpu@50.781C soc2@49.781C soc0@49.687C gpu@52.187C tj@52.187C soc1@49.281C VDD_IN 13608mW/12272mW VDD_CPU_GPU_CV 4482mW/3574mW VDD_SOC 4216mW/3837mW
09-15-2026 23:56:36 RAM 7038/7620MB (lfb 2x256kB) SWAP 1088/3810MB (cached 1MB) CPU [0%@1344,0%@1344,0%@1344,100%@1344,0%@729,0%@729] GR3D_FREQ 47% cpu@50.812C soc2@49.593C soc0@49.718C gpu@52.031C tj@52.031C soc1@49.343C VDD_IN 13138mW/12276mW VDD_CPU_GPU_CV 4209mW/3577mW VDD_SOC 4145mW/3838mW
09-15-2026 23:56:36 RAM 7038/7620MB (lfb 2x256kB) SWAP 1088/3810MB (cached 1MB) CPU [0%@1344,0%@1344,0%@1344,90%@1344,0%@729,9%@729] GR3D_FREQ 49% cpu@50.656C soc2@49.562C soc0@49.781C gpu@51.781C tj@51.781C soc1@49.5C VDD_IN 12847mW/12279mW VDD_CPU_GPU_CV 3982mW/3579mW VDD_SOC 4066mW/3839mW
09-15-2026 23:56:36 RAM 7038/7620MB (lfb 2x256kB) SWAP 1088/3810MB (cached 1MB) CPU [0%@1344,0%@1344,0%@1344,100%@1344,0%@729,0%@729] GR3D_FREQ 57% cpu@50.812C soc2@49.593C soc0@49.937C gpu@51.656C tj@51.656C soc1@49.375C VDD_IN 12533mW/12280mW VDD_CPU_GPU_CV 3747mW/3580mW VDD_SOC 4027mW/3840mW
09-15-2026 23:56:36 RAM 7038/7620MB (lfb 2x256kB) SWAP 1088/3810MB (cached 1MB) CPU [0%@1344,0%@1344,0%@1344,90%@1344,0%@729,0%@729] GR3D_FREQ 55% cpu@50.937C soc2@49.656C soc0@49.687C gpu@51.718C tj@51.718C soc1@49.343C VDD_IN 12259mW/12280mW VDD_CPU_GPU_CV 3513mW/3580mW VDD_SOC 3995mW/3841mW
09-15-2026 23:56:36 RAM 7038/7620MB (lfb 2x256kB) SWAP 1088/3810MB (cached 1MB) CPU [8%@1344,0%@1344,0%@1344,90%@1344,0%@729,0%@729] GR3D_FREQ 51% cpu@50.718C soc2@49.5C soc0@49.718C gpu@51.687C tj@51.687C soc1@49.406C VDD_IN 12063mW/12279mW VDD_CPU_GPU_CV 3402mW/3579mW VDD_SOC 3955mW/3842mW
09-15-2026 23:56:36 RAM 7038/7620MB (lfb 2x256kB) SWAP 1088/3810MB (cached 1MB) CPU [0%@1344,9%@1344,0%@1344,90%@1344,0%@729,0%@729] GR3D_FREQ 41% cpu@50.656C soc2@49.687C soc0@49.781C gpu@51.562C tj@51.562C soc1@49.531C VDD_IN 11965mW/12277mW VDD_CPU_GPU_CV 3284mW/3577mW VDD_SOC 3955mW/3842mW
09-15-2026 23:56:36 RAM 7038/7620MB (lfb 2x256kB) SWAP 1088/3810MB (cached 1MB) CPU [0%@1344,0%@1344,0%@1344,90%@1344,0%@729,0%@729] GR3D_FREQ 68% cpu@50.687C soc2@49.656C soc0@49.75C gpu@51.593C tj@51.593C soc1@49.406C VDD_IN 11848mW/12275mW VDD_CPU_GPU_CV 3167mW/3576mW VDD_SOC 3916mW/3842mW
09-15-2026 23:56:36 RAM 7038/7620MB (lfb 2x256kB) SWAP 1088/3810MB (cached 1MB) CPU [0%@1344,0%@1344,0%@1344,100%@1344,0%@729,0%@729] GR3D_FREQ 54% cpu@50.812C soc2@49.5C soc0@49.75C gpu@51.593C tj@51.593C soc1@49.375C VDD_IN 11691mW/12273mW VDD_CPU_GPU_CV 3089mW/3574mW VDD_SOC 3916mW/3843mW
09-15-2026 23:56:37 RAM 7038/7620MB (lfb 2x256kB) SWAP 1088/3810MB (cached 1MB) CPU [0%@1344,0%@1344,0%@1344,90%@1344,0%@729,0%@729] GR3D_FREQ 61% cpu@50.625C soc2@49.5C soc0@49.843C gpu@51.562C tj@51.687C soc1@49.562C VDD_IN 11612mW/12270mW VDD_CPU_GPU_CV 3050mW/3571mW VDD_SOC 3877mW/3843mW
09-15-2026 23:56:37 RAM 7038/7620MB (lfb 2x256kB) SWAP 1088/3810MB (cached 1MB) CPU [0%@1344,0%@1344,0%@1344,90%@1344,0%@729,0%@729] GR3D_FREQ 65% cpu@50.718C soc2@49.5C soc0@49.875C gpu@51.562C tj@51.562C soc1@49.437C VDD_IN 11573mW/12267mW VDD_CPU_GPU_CV 2971mW/3569mW VDD_SOC 3877mW/3843mW
09-15-2026 23:56:37 RAM 7038/7620MB (lfb 2x256kB) SWAP 1088/3810MB (cached 1MB) CPU [9%@1344,0%@1344,0%@1344,90%@1344,0%@729,0%@729] GR3D_FREQ 60% cpu@50.687C soc2@49.656C soc0@49.812C gpu@51.875C tj@51.875C soc1@49.5C VDD_IN 11534mW/12264mW VDD_CPU_GPU_CV 2937mW/3566mW VDD_SOC 3877mW/3843mW
09-15-2026 23:56:37 RAM 7038/7620MB (lfb 2x256kB) SWAP 1088/3810MB (cached 1MB) CPU [0%@1344,0%@1344,0%@1344,90%@1344,0%@729,0%@729] GR3D_FREQ 48% cpu@50.562C soc2@49.562C soc0@49.656C gpu@51.718C tj@51.718C soc1@49.5C VDD_IN 11494mW/12260mW VDD_CPU_GPU_CV 2898mW/3563mW VDD_SOC 3877mW/3843mW
09-15-2026 23:56:37 RAM 7038/7620MB (lfb 2x256kB) SWAP 1088/3810MB (cached 1MB) CPU [0%@1344,0%@1344,0%@1344,90%@1344,0%@729,0%@729] GR3D_FREQ 80% cpu@50.593C soc2@49.625C soc0@49.843C gpu@51.625C tj@51.625C soc1@49.531C VDD_IN 11416mW/12257mW VDD_CPU_GPU_CV 2859mW/3560mW VDD_SOC 3877mW/3843mW
09-15-2026 23:56:37 RAM 7038/7620MB (lfb 2x256kB) SWAP 1088/3810MB (cached 1MB) CPU [0%@1113,8%@1113,8%@1113,90%@1113,0%@729,0%@729] GR3D_FREQ 73% cpu@50.687C soc2@49.562C soc0@49.718C gpu@51.625C tj@51.625C soc1@49.656C VDD_IN 11455mW/12253mW VDD_CPU_GPU_CV 2859mW/3557mW VDD_SOC 3877mW/3844mW
09-15-2026 23:56:37 RAM 7038/7620MB (lfb 2x256kB) SWAP 1088/3810MB (cached 1MB) CPU [9%@1344,9%@1344,27%@1344,41%@1344,0%@729,0%@729] GR3D_FREQ 93% cpu@50.781C soc2@49.687C soc0@49.781C gpu@52.5C tj@52.5C soc1@49.5C VDD_IN 12220mW/12253mW VDD_CPU_GPU_CV 3362mW/3556mW VDD_SOC 4034mW/3844mW
09-15-2026 23:56:37 RAM 7038/7620MB (lfb 2x256kB) SWAP 1088/3810MB (cached 1MB) CPU [0%@729,0%@729,45%@729,0%@729,0%@729,0%@729] GR3D_FREQ 93% cpu@50.937C soc2@49.75C soc0@49.812C gpu@52.937C tj@52.937C soc1@49.562C VDD_IN 13881mW/12260mW VDD_CPU_GPU_CV 4443mW/3560mW VDD_SOC 4333mW/3846mW
09-15-2026 23:56:37 RAM 7038/7620MB (lfb 2x256kB) SWAP 1088/3810MB (cached 1MB) CPU [0%@960,0%@1036,80%@1036,0%@1036,0%@729,0%@729] GR3D_FREQ 87% cpu@50.937C soc2@49.812C soc0@49.968C gpu@52.687C tj@52.687C soc1@49.718C VDD_IN 14327mW/12269mW VDD_CPU_GPU_CV 4864mW/3565mW VDD_SOC 4365mW/3849mW
09-15-2026 23:56:37 RAM 7038/7620MB (lfb 2x256kB) SWAP 1088/3810MB (cached 1MB) CPU [0%@729,0%@729,80%@729,0%@729,0%@729,0%@729] GR3D_FREQ 99% cpu@51.25C soc2@50.031C soc0@49.875C gpu@53.25C tj@53.25C soc1@49.562C VDD_IN 15551mW/12283mW VDD_CPU_GPU_CV 5817mW/3575mW VDD_SOC 4591mW/3852mW
09-15-2026 23:56:38 RAM 7038/7620MB (lfb 2x256kB) SWAP 1088/3810MB (cached 1MB) CPU [9%@1344,9%@1344,100%@1344,0%@1344,0%@729,0%@729] GR3D_FREQ 45% cpu@51.375C soc2@49.968C soc0@49.968C gpu@52.312C tj@52.312C soc1@49.593C VDD_IN 14835mW/12293mW VDD_CPU_GPU_CV 5361mW/3582mW VDD_SOC 4404mW/3854mW
09-15-2026 23:56:38 RAM 7038/7620MB (lfb 2x256kB) SWAP 1088/3810MB (cached 1MB) CPU [0%@1344,0%@1344,90%@1344,0%@1344,0%@729,0%@729] GR3D_FREQ 46% cpu@51.468C soc2@50C soc0@50C gpu@52.468C tj@52.468C soc1@49.656C VDD_IN 14288mW/12302mW VDD_CPU_GPU_CV 5019mW/3588mW VDD_SOC 4333mW/3856mW
09-15-2026 23:56:38 RAM 7038/7620MB (lfb 2x256kB) SWAP 1088/3810MB (cached 1MB) CPU [0%@1344,0%@1344,90%@1344,0%@1344,0%@729,0%@729] GR3D_FREQ 48% cpu@51.468C soc2@50C soc0@50.093C gpu@52.187C tj@52.187C soc1@49.656C VDD_IN 13803mW/12308mW VDD_CPU_GPU_CV 4638mW/3593mW VDD_SOC 4216mW/3858mW
09-15-2026 23:56:38 RAM 7038/7620MB (lfb 2x256kB) SWAP 1088/3810MB (cached 1MB) CPU [0%@1344,8%@1344,100%@1344,0%@1344,0%@729,0%@729] GR3D_FREQ 46% cpu@51.562C soc2@49.968C soc0@49.875C gpu@52.468C tj@52.468C soc1@49.593C VDD_IN 13373mW/12313mW VDD_CPU_GPU_CV 4326mW/3596mW VDD_SOC 4138mW/3859mW
09-15-2026 23:56:38 RAM 7038/7620MB (lfb 2x256kB) SWAP 1088/3810MB (cached 1MB) CPU [0%@1344,0%@1344,90%@1344,0%@1344,0%@729,0%@729] GR3D_FREQ 50% cpu@51.218C soc2@49.875C soc0@50.062C gpu@52.218C tj@52.218C soc1@49.625C VDD_IN 13021mW/12315mW VDD_CPU_GPU_CV 4099mW/3598mW VDD_SOC 4105mW/3860mW
09-15-2026 23:56:38 RAM 7038/7620MB (lfb 2x256kB) SWAP 1088/3810MB (cached 1MB) CPU [0%@1344,9%@1344,90%@1344,0%@1344,0%@729,0%@729] GR3D_FREQ 42% cpu@51.218C soc2@49.906C soc0@49.968C gpu@52.125C tj@52.125C soc1@49.75C VDD_IN 12729mW/12317mW VDD_CPU_GPU_CV 3864mW/3599mW VDD_SOC 4066mW/3861mW
09-15-2026 23:56:38 RAM 7038/7620MB (lfb 2x256kB) SWAP 1088/3810MB (cached 1MB) CPU [0%@1344,0%@1344,90%@1344,0%@1344,0%@729,0%@729] GR3D_FREQ 79% cpu@51.281C soc2@49.875C soc0@49.937C gpu@52.031C tj@52.031C soc1@49.5C VDD_IN 12416mW/12318mW VDD_CPU_GPU_CV 3630mW/3599mW VDD_SOC 4027mW/3861mW
09-15-2026 23:56:38 RAM 7038/7620MB (lfb 2x256kB) SWAP 1088/3810MB (cached 1MB) CPU [0%@1344,0%@1344,90%@1344,0%@1344,0%@729,0%@729] GR3D_FREQ 53% cpu@51.25C soc2@49.937C soc0@49.968C gpu@52.093C tj@52.093C soc1@49.718C VDD_IN 12181mW/12317mW VDD_CPU_GPU_CV 3480mW/3599mW VDD_SOC 3995mW/3862mW
09-15-2026 23:56:38 RAM 7038/7620MB (lfb 2x256kB) SWAP 1088/3810MB (cached 1MB) CPU [0%@1344,0%@1344,100%@1344,0%@1344,0%@729,9%@729] GR3D_FREQ 56% cpu@51.031C soc2@49.843C soc0@50C gpu@51.875C tj@51.875C soc1@49.687C VDD_IN 11985mW/12316mW VDD_CPU_GPU_CV 3323mW/3598mW VDD_SOC 3955mW/3862mW
09-15-2026 23:56:39 RAM 7038/7620MB (lfb 2x256kB) SWAP 1088/3810MB (cached 1MB) CPU [0%@1344,0%@1344,90%@1344,0%@1344,0%@729,0%@729] GR3D_FREQ 51% cpu@51.187C soc2@49.812C soc0@50.125C gpu@51.875C tj@51.875C soc1@49.875C VDD_IN 11887mW/12314mW VDD_CPU_GPU_CV 3206mW/3596mW VDD_SOC 3955mW/3863mW
09-15-2026 23:56:39 RAM 7038/7620MB (lfb 2x256kB) SWAP 1088/3810MB (cached 1MB) CPU [20%@1344,0%@1344,90%@1344,0%@1344,0%@729,0%@729] GR3D_FREQ 53% cpu@51.218C soc2@49.937C soc0@50.031C gpu@51.875C tj@51.875C soc1@49.656C VDD_IN 11848mW/12312mW VDD_CPU_GPU_CV 3167mW/3594mW VDD_SOC 3916mW/3863mW
09-15-2026 23:56:39 RAM 7038/7620MB (lfb 2x256kB) SWAP 1088/3810MB (cached 1MB) CPU [0%@1344,9%@1344,100%@1344,0%@1344,0%@729,0%@729] GR3D_FREQ 56% cpu@51.312C soc2@49.875C soc0@50C gpu@51.968C tj@51.968C soc1@49.75C VDD_IN 11769mW/12310mW VDD_CPU_GPU_CV 3089mW/3592mW VDD_SOC 3916mW/3863mW
09-15-2026 23:56:39 RAM 7038/7620MB (lfb 2x256kB) SWAP 1088/3810MB (cached 1MB) CPU [0%@1344,8%@1344,90%@1344,0%@1344,0%@729,0%@729] GR3D_FREQ 56% cpu@51.406C soc2@49.875C soc0@50C gpu@51.906C tj@51.906C soc1@49.687C VDD_IN 11691mW/12307mW VDD_CPU_GPU_CV 3050mW/3590mW VDD_SOC 3916mW/3863mW
09-15-2026 23:56:39 RAM 7038/7620MB (lfb 2x256kB) SWAP 1088/3810MB (cached 1MB) CPU [0%@1344,0%@1344,90%@1344,0%@1344,0%@729,0%@729] GR3D_FREQ 67% cpu@51.093C soc2@49.781C soc0@50.187C gpu@51.875C tj@51.875C soc1@49.812C VDD_IN 11651mW/12305mW VDD_CPU_GPU_CV 2971mW/3588mW VDD_SOC 3916mW/3864mW
09-15-2026 23:56:39 RAM 7038/7620MB (lfb 2x256kB) SWAP 1088/3810MB (cached 1MB) CPU [0%@1344,0%@1344,100%@1344,0%@1344,0%@729,0%@729] GR3D_FREQ 59% cpu@51.187C soc2@49.906C soc0@50.218C gpu@52.125C tj@52.125C soc1@49.687C VDD_IN 11534mW/12302mW VDD_CPU_GPU_CV 2932mW/3585mW VDD_SOC 3877mW/3864mW
09-15-2026 23:56:39 RAM 7038/7620MB (lfb 2x256kB) SWAP 1088/3810MB (cached 1MB) CPU [0%@1344,0%@1344,90%@1344,0%@1344,0%@729,0%@729] GR3D_FREQ 63% cpu@51.218C soc2@49.968C soc0@50C gpu@51.812C tj@51.812C soc1@49.718C VDD_IN 11494mW/12298mW VDD_CPU_GPU_CV 2898mW/3582mW VDD_SOC 3877mW/3864mW
09-15-2026 23:56:39 RAM 7038/7620MB (lfb 2x256kB) SWAP 1088/3810MB (cached 1MB) CPU [0%@1344,0%@1344,90%@1344,0%@1344,8%@729,0%@729] GR3D_FREQ 62% cpu@51.156C soc2@49.718C soc0@50.125C gpu@51.718C tj@51.718C soc1@49.75C VDD_IN 11494mW/12295mW VDD_CPU_GPU_CV 2859mW/3579mW VDD_SOC 3877mW/3864mW
09-15-2026 23:56:39 RAM 7040/7620MB (lfb 2x256kB) SWAP 1088/3810MB (cached 1MB) CPU [0%@883,0%@883,66%@883,0%@883,9%@729,0%@729] GR3D_FREQ 62% cpu@50.968C soc2@49.906C soc0@50.093C gpu@52.468C tj@52.468C soc1@49.843C VDD_IN 11573mW/12292mW VDD_CPU_GPU_CV 2971mW/3577mW VDD_SOC 3877mW/3864mW
09-15-2026 23:56:39 RAM 7040/7620MB (lfb 2x256kB) SWAP 1088/3810MB (cached 1MB) CPU [0%@1344,0%@1344,40%@1344,0%@1344,0%@729,0%@729] GR3D_FREQ 93% cpu@51.187C soc2@50C soc0@50.062C gpu@53.25C tj@53.25C soc1@49.75C VDD_IN 13256mW/12296mW VDD_CPU_GPU_CV 4092mW/3579mW VDD_SOC 4223mW/3865mW
09-15-2026 23:56:40 RAM 7040/7620MB (lfb 2x256kB) SWAP 1088/3810MB (cached 1MB) CPU [0%@729,0%@1344,63%@1344,30%@1344,0%@729,0%@729] GR3D_FREQ 86% cpu@51.218C soc2@50.093C soc0@50.125C gpu@53.031C tj@53.031C soc1@49.718C VDD_IN 14249mW/12304mW VDD_CPU_GPU_CV 4786mW/3584mW VDD_SOC 4372mW/3867mW
09-15-2026 23:56:40 RAM 7040/7620MB (lfb 2x256kB) SWAP 1088/3810MB (cached 1MB) CPU [0%@1344,0%@1344,100%@1344,0%@1344,0%@729,0%@729] GR3D_FREQ 99% cpu@51.656C soc2@50.25C soc0@50.187C gpu@53.531C tj@53.531C soc1@49.812C VDD_IN 15122mW/12315mW VDD_CPU_GPU_CV 5555mW/3591mW VDD_SOC 4521mW/3870mW
09-15-2026 23:56:40 RAM 7040/7620MB (lfb 2x256kB) SWAP 1088/3810MB (cached 1MB) CPU [0%@1344,0%@1344,72%@1344,0%@1344,0%@729,0%@729] GR3D_FREQ 45% cpu@51.718C soc2@50.281C soc0@50.281C gpu@53C tj@53C soc1@49.75C VDD_IN 15200mW/12326mW VDD_CPU_GPU_CV 5632mW/3599mW VDD_SOC 4521mW/3872mW
09-15-2026 23:56:40 RAM 7040/7620MB (lfb 2x256kB) SWAP 1088/3810MB (cached 1MB) CPU [9%@1344,0%@1344,100%@1344,0%@1344,0%@729,0%@729] GR3D_FREQ 45% cpu@51.593C soc2@50.312C soc0@50.218C gpu@52.687C tj@52.687C soc1@49.812C VDD_IN 14600mW/12335mW VDD_CPU_GPU_CV 5214mW/3606mW VDD_SOC 4365mW/3874mW
09-15-2026 23:56:40 RAM 7040/7620MB (lfb 2x256kB) SWAP 1088/3810MB (cached 1MB) CPU [0%@1344,0%@1344,91%@1344,0%@1344,0%@729,0%@729] GR3D_FREQ 50% cpu@51.5C soc2@50.156C soc0@50.25C gpu@52.468C tj@52.468C soc1@49.843C VDD_IN 14093mW/12342mW VDD_CPU_GPU_CV 4825mW/3610mW VDD_SOC 4294mW/3876mW
09-15-2026 23:56:40 RAM 7040/7620MB (lfb 2x256kB) SWAP 1088/3810MB (cached 1MB) CPU [0%@1344,0%@1344,90%@1344,0%@1344,0%@729,0%@729] GR3D_FREQ 58% cpu@51.5C soc2@50.25C soc0@50.343C gpu@52.562C tj@52.562C soc1@50C VDD_IN 13647mW/12347mW VDD_CPU_GPU_CV 4482mW/3614mW VDD_SOC 4216mW/3877mW
09-15-2026 23:56:40 RAM 7040/7620MB (lfb 2x256kB) SWAP 1088/3810MB (cached 1MB) CPU [0%@1344,0%@1344,100%@1344,0%@1344,0%@729,0%@729] GR3D_FREQ 58% cpu@51.375C soc2@50.25C soc0@50.375C gpu@52.468C tj@52.468C soc1@50C VDD_IN 13295mW/12350mW VDD_CPU_GPU_CV 4248mW/3616mW VDD_SOC 4138mW/3878mW
09-15-2026 23:56:40 RAM 7040/7620MB (lfb 2x256kB) SWAP 1088/3810MB (cached 1MB) CPU [0%@1344,0%@1344,100%@1344,0%@1344,0%@729,0%@729] GR3D_FREQ 55% cpu@51.531C soc2@50.218C soc0@50.25C gpu@52.312C tj@52.312C soc1@49.843C VDD_IN 12847mW/12352mW VDD_CPU_GPU_CV 3982mW/3617mW VDD_SOC 4066mW/3879mW
09-15-2026 23:56:40 RAM 7040/7620MB (lfb 2x256kB) SWAP 1088/3810MB (cached 1MB) CPU [0%@1344,0%@1344,90%@1344,0%@1344,0%@729,0%@729] GR3D_FREQ 55% cpu@51.375C soc2@50.093C soc0@50.281C gpu@52.281C tj@52.187C soc1@49.906C VDD_IN 12533mW/12353mW VDD_CPU_GPU_CV 3747mW/3618mW VDD_SOC 4027mW/3879mW
09-15-2026 23:56:41 RAM 7040/7620MB (lfb 2x256kB) SWAP 1088/3810MB (cached 1MB) CPU [0%@1344,0%@1344,90%@1344,0%@1344,0%@729,0%@729] GR3D_FREQ 51% cpu@51.437C soc2@50.156C soc0@50.406C gpu@52.25C tj@52.25C soc1@49.968C VDD_IN 12298mW/12353mW VDD_CPU_GPU_CV 3558mW/3618mW VDD_SOC 3995mW/3880mW
09-15-2026 23:56:41 RAM 7040/7620MB (lfb 2x256kB) SWAP 1088/3810MB (cached 1MB) CPU [9%@1344,0%@1344,90%@1344,9%@1344,0%@729,0%@729] GR3D_FREQ 53% cpu@51.531C soc2@50.062C soc0@50.437C gpu@52.187C tj@52.187C soc1@50.156C VDD_IN 12102mW/12352mW VDD_CPU_GPU_CV 3402mW/3617mW VDD_SOC 3995mW/3880mW
09-15-2026 23:56:41 RAM 7040/7620MB (lfb 2x256kB) SWAP 1088/3810MB (cached 1MB) CPU [0%@1344,0%@1344,90%@1344,0%@1344,0%@729,0%@729] GR3D_FREQ 55% cpu@51.625C soc2@50.093C soc0@50.25C gpu@52.125C tj@52.125C soc1@49.906C VDD_IN 12004mW/12350mW VDD_CPU_GPU_CV 3284mW/3616mW VDD_SOC 3995mW/3881mW
09-15-2026 23:56:41 RAM 7040/7620MB (lfb 2x256kB) SWAP 1088/3810MB (cached 1MB) CPU [0%@1344,9%@1344,90%@1344,0%@1344,0%@729,0%@729] GR3D_FREQ 56% cpu@51.406C soc2@49.968C soc0@50.281C gpu@52.437C tj@52.437C soc1@49.968C VDD_IN 11926mW/12349mW VDD_CPU_GPU_CV 3206mW/3614mW VDD_SOC 3955mW/3881mW
09-15-2026 23:56:41 RAM 7040/7620MB (lfb 2x256kB) SWAP 1088/3810MB (cached 1MB) CPU [0%@1344,0%@1344,90%@1344,9%@1344,0%@729,0%@729] GR3D_FREQ 60% cpu@51.187C soc2@50.062C soc0@50.343C gpu@52.25C tj@52.25C soc1@50.093C VDD_IN 11887mW/12347mW VDD_CPU_GPU_CV 3128mW/3612mW VDD_SOC 3955mW/3881mW
09-15-2026 23:56:41 RAM 7040/7620MB (lfb 2x256kB) SWAP 1088/3810MB (cached 1MB) CPU [0%@1344,0%@1344,100%@1344,0%@1344,0%@729,0%@729] GR3D_FREQ 61% cpu@51.5C soc2@50.125C soc0@50.437C gpu@52C tj@52C soc1@49.937C VDD_IN 11691mW/12345mW VDD_CPU_GPU_CV 3050mW/3610mW VDD_SOC 3916mW/3881mW
09-15-2026 23:56:41 RAM 7040/7620MB (lfb 2x256kB) SWAP 1088/3810MB (cached 1MB) CPU [8%@1344,8%@1344,90%@1344,0%@1344,0%@729,0%@729] GR3D_FREQ 61% cpu@51.531C soc2@50.187C soc0@50.281C gpu@52.343C tj@52.343C soc1@49.937C VDD_IN 11612mW/12342mW VDD_CPU_GPU_CV 3011mW/3608mW VDD_SOC 3916mW/3881mW
09-15-2026 23:56:41 RAM 7040/7620MB (lfb 2x256kB) SWAP 1088/3810MB (cached 1MB) CPU [0%@1344,0%@1344,90%@1344,0%@1344,0%@729,0%@729] GR3D_FREQ 59% cpu@51.312C soc2@50.093C soc0@50.281C gpu@52.062C tj@52.062C soc1@50.031C VDD_IN 11573mW/12339mW VDD_CPU_GPU_CV 2937mW/3605mW VDD_SOC 3916mW/3882mW
09-15-2026 23:56:41 RAM 7040/7620MB (lfb 2x256kB) SWAP 1088/3810MB (cached 1MB) CPU [0%@1344,0%@1344,90%@1344,9%@1344,0%@729,0%@729] GR3D_FREQ 58% cpu@51.343C soc2@50.062C soc0@50.281C gpu@52C tj@52C soc1@50.062C VDD_IN 11573mW/12336mW VDD_CPU_GPU_CV 2898mW/3603mW VDD_SOC 3877mW/3882mW
09-15-2026 23:56:42 RAM 7040/7620MB (lfb 2x256kB) SWAP 1088/3810MB (cached 1MB) CPU [0%@1344,0%@1344,90%@1344,0%@1344,0%@729,0%@729] GR3D_FREQ 47% cpu@51.5C soc2@50.062C soc0@50.5C gpu@52.281C tj@52.281C soc1@50.281C VDD_IN 11534mW/12333mW VDD_CPU_GPU_CV 2859mW/3600mW VDD_SOC 3877mW/3882mW
09-15-2026 23:56:42 RAM 7042/7620MB (lfb 2x256kB) SWAP 1088/3810MB (cached 1MB) CPU [8%@1344,0%@1344,90%@1344,0%@1344,8%@729,9%@729] GR3D_FREQ 80% cpu@51.531C soc2@50.125C soc0@50.25C gpu@52.25C tj@52.25C soc1@50.031C VDD_IN 11494mW/12330mW VDD_CPU_GPU_CV 2859mW/3597mW VDD_SOC 3877mW/3882mW
09-15-2026 23:56:42 RAM 7042/7620MB (lfb 2x256kB) SWAP 1088/3810MB (cached 1MB) CPU [0%@729,0%@729,40%@729,0%@729,0%@729,0%@729] GR3D_FREQ 93% cpu@51.437C soc2@50.125C soc0@50.406C gpu@53.093C tj@53.093C soc1@50.093C VDD_IN 12377mW/12330mW VDD_CPU_GPU_CV 3480mW/3597mW VDD_SOC 4066mW/3882mW
09-15-2026 23:56:42 RAM 7042/7620MB (lfb 2x256kB) SWAP 1088/3810MB (cached 1MB) CPU [0%@1344,0%@1344,50%@1344,8%@1344,0%@729,0%@729] GR3D_FREQ 93% cpu@51.562C soc2@50.406C soc0@50.218C gpu@53.531C tj@53.531C soc1@50.187C VDD_IN 13999mW/12336mW VDD_CPU_GPU_CV 4560mW/3601mW VDD_SOC 4372mW/3884mW
09-15-2026 23:56:42 RAM 7042/7620MB (lfb 2x256kB) SWAP 1088/3810MB (cached 1MB) CPU [0%@1344,0%@1344,81%@1344,0%@1344,0%@729,0%@729] GR3D_FREQ 86% cpu@51.656C soc2@50.468C soc0@50.375C gpu@53.25C tj@53.25C soc1@50.062C VDD_IN 14483mW/12344mW VDD_CPU_GPU_CV 4941mW/3605mW VDD_SOC 4404mW/3886mW
09-15-2026 23:56:42 RAM 7042/7620MB (lfb 2x256kB) SWAP 1088/3810MB (cached 1MB) CPU [0%@1344,0%@1344,72%@1344,0%@1344,0%@729,0%@729] GR3D_FREQ 99% cpu@51.562C soc2@50.5C soc0@50.468C gpu@54C tj@54C soc1@50.093C VDD_IN 15590mW/12356mW VDD_CPU_GPU_CV 5817mW/3613mW VDD_SOC 4591mW/3888mW
09-15-2026 23:56:42 RAM 7042/7620MB (lfb 2x256kB) SWAP 1088/3810MB (cached 1MB) CPU [0%@1344,0%@1344,100%@1344,0%@1344,0%@729,0%@729] GR3D_FREQ 41% cpu@51.937C soc2@50.531C soc0@50.468C gpu@53.062C tj@53.062C soc1@50.25C VDD_IN 14732mW/12364mW VDD_CPU_GPU_CV 5330mW/3619mW VDD_SOC 4404mW/3890mW
09-15-2026 23:56:42 RAM 7042/7620MB (lfb 2x256kB) SWAP 1088/3810MB (cached 1MB) CPU [0%@1344,0%@1344,100%@1344,0%@1344,0%@729,0%@729] GR3D_FREQ 45% cpu@51.937C soc2@50.531C soc0@50.593C gpu@52.75C tj@52.75C soc1@50.062C VDD_IN 14210mW/12371mW VDD_CPU_GPU_CV 4941mW/3624mW VDD_SOC 4294mW/3892mW
09-15-2026 23:56:42 RAM 7042/7620MB (lfb 2x256kB) SWAP 1088/3810MB (cached 1MB) CPU [0%@1344,0%@1344,90%@1344,0%@1344,0%@729,0%@729] GR3D_FREQ 48% cpu@51.812C soc2@50.5C soc0@50.468C gpu@52.937C tj@52.937C soc1@50.093C VDD_IN 13725mW/12376mW VDD_CPU_GPU_CV 4560mW/3627mW VDD_SOC 4216mW/3893mW
09-15-2026 23:56:42 RAM 7042/7620MB (lfb 2x256kB) SWAP 1088/3810MB (cached 1MB) CPU [0%@1344,0%@1344,90%@1344,0%@1344,0%@729,0%@729] GR3D_FREQ 45% cpu@51.75C soc2@50.406C soc0@50.531C gpu@52.781C tj@52.781C soc1@50.218C VDD_IN 13295mW/12379mW VDD_CPU_GPU_CV 4287mW/3630mW VDD_SOC 4145mW/3894mW
09-15-2026 23:56:43 RAM 7042/7620MB (lfb 2x256kB) SWAP 1088/3810MB (cached 1MB) CPU [9%@1344,0%@1344,90%@1344,9%@1344,0%@729,0%@729] GR3D_FREQ 49% cpu@51.812C soc2@50.406C soc0@50.5C gpu@52.625C tj@52.625C soc1@50.25C VDD_IN 12982mW/12381mW VDD_CPU_GPU_CV 4060mW/3631mW VDD_SOC 4105mW/3894mW
09-15-2026 23:56:43 RAM 7042/7620MB (lfb 2x256kB) SWAP 1088/3810MB (cached 1MB) CPU [0%@1344,0%@1344,100%@1344,9%@1344,0%@729,0%@729] GR3D_FREQ 50% cpu@51.718C soc2@50.468C soc0@50.406C gpu@52.687C tj@52.687C soc1@50.156C VDD_IN 12651mW/12382mW VDD_CPU_GPU_CV 3825mW/3632mW VDD_SOC 4066mW/3895mW
09-15-2026 23:56:43 RAM 7042/7620MB (lfb 2x256kB) SWAP 1088/3810MB (cached 1MB) CPU [0%@1344,0%@1344,90%@1344,0%@1344,9%@729,0%@729] GR3D_FREQ 45% cpu@51.656C soc2@50.312C soc0@50.468C gpu@52.531C tj@52.531C soc1@50.218C VDD_IN 12416mW/12382mW VDD_CPU_GPU_CV 3597mW/3632mW VDD_SOC 4027mW/3895mW
09-15-2026 23:56:43 RAM 7042/7620MB (lfb 2x256kB) SWAP 1088/3810MB (cached 1MB) CPU [0%@1344,0%@1344,90%@1344,0%@1344,0%@729,0%@729] GR3D_FREQ 71% cpu@51.406C soc2@50.343C soc0@50.5C gpu@52.531C tj@52.531C soc1@50.25C VDD_IN 12259mW/12382mW VDD_CPU_GPU_CV 3480mW/3631mW VDD_SOC 3995mW/3896mW
09-15-2026 23:56:43 RAM 7042/7620MB (lfb 2x256kB) SWAP 1088/3810MB (cached 1MB) CPU [0%@1344,0%@1344,100%@1344,0%@1344,0%@729,0%@729] GR3D_FREQ 52% cpu@51.593C soc2@50.406C soc0@50.5C gpu@52.656C tj@52.656C soc1@50.312C VDD_IN 11985mW/12380mW VDD_CPU_GPU_CV 3284mW/3630mW VDD_SOC 3955mW/3896mW
09-15-2026 23:56:43 RAM 7042/7620MB (lfb 2x256kB) SWAP 1088/3810MB (cached 1MB) CPU [0%@1344,0%@1344,90%@1344,0%@1344,0%@729,0%@729] GR3D_FREQ 57% cpu@51.968C soc2@50.406C soc0@50.531C gpu@52.437C tj@52.437C soc1@50.5C VDD_IN 11887mW/12379mW VDD_CPU_GPU_CV 3206mW/3629mW VDD_SOC 3955mW/3896mW
09-15-2026 23:56:43 RAM 7042/7620MB (lfb 2x256kB) SWAP 1088/3810MB (cached 1MB) CPU [0%@1344,9%@1344,90%@1344,0%@1344,0%@729,0%@729] GR3D_FREQ 54% cpu@51.593C soc2@50.281C soc0@50.468C gpu@52.375C tj@52.375C soc1@50.187C VDD_IN 11808mW/12377mW VDD_CPU_GPU_CV 3128mW/3627mW VDD_SOC 3916mW/3896mW
09-15-2026 23:56:43 RAM 7042/7620MB (lfb 2x256kB) SWAP 1088/3810MB (cached 1MB) CPU [0%@1344,0%@1344,90%@1344,0%@1344,0%@729,0%@729] GR3D_FREQ 55% cpu@51.562C soc2@50.312C soc0@50.5C gpu@52.375C tj@52.375C soc1@50.187C VDD_IN 11730mW/12374mW VDD_CPU_GPU_CV 3089mW/3625mW VDD_SOC 3916mW/3896mW
09-15-2026 23:56:43 RAM 7042/7620MB (lfb 2x256kB) SWAP 1088/3810MB (cached 1MB) CPU [0%@1344,0%@1344,90%@1344,0%@1344,0%@729,0%@729] GR3D_FREQ 58% cpu@51.531C soc2@50.375C soc0@50.531C gpu@52.468C tj@52.468C soc1@50.375C VDD_IN 11651mW/12372mW VDD_CPU_GPU_CV 3011mW/3623mW VDD_SOC 3916mW/3896mW
09-15-2026 23:56:44 RAM 7042/7620MB (lfb 2x256kB) SWAP 1088/3810MB (cached 1MB) CPU [0%@1344,0%@1344,90%@1344,0%@1344,0%@729,0%@729] GR3D_FREQ 70% cpu@51.781C soc2@50.406C soc0@50.656C gpu@52.375C tj@52.375C soc1@50.375C VDD_IN 11612mW/12369mW VDD_CPU_GPU_CV 2971mW/3621mW VDD_SOC 3916mW/3897mW
09-15-2026 23:56:44 RAM 7042/7620MB (lfb 2x256kB) SWAP 1088/3810MB (cached 1MB) CPU [0%@1344,9%@1344,100%@1344,0%@1344,0%@729,0%@729] GR3D_FREQ 58% cpu@51.968C soc2@50.312C soc0@50.531C gpu@52.343C tj@52.343C soc1@50.281C VDD_IN 11494mW/12366mW VDD_CPU_GPU_CV 2937mW/3618mW VDD_SOC 3877mW/3896mW
09-15-2026 23:56:44 RAM 7042/7620MB (lfb 2x256kB) SWAP 1088/3810MB (cached 1MB) CPU [0%@1344,9%@1344,90%@1344,0%@1344,0%@729,8%@729] GR3D_FREQ 65% cpu@51.625C soc2@50.312C soc0@50.562C gpu@52.437C tj@52.25C soc1@50.218C VDD_IN 11416mW/12363mW VDD_CPU_GPU_CV 2859mW/3616mW VDD_SOC 3877mW/3896mW
09-15-2026 23:56:44 RAM 7042/7620MB (lfb 2x256kB) SWAP 1088/3810MB (cached 1MB) CPU [0%@1344,0%@1344,90%@1344,0%@1344,0%@729,0%@729] GR3D_FREQ 64% cpu@51.687C soc2@50.375C soc0@50.593C gpu@52.281C tj@52.281C soc1@50.406C VDD_IN 11416mW/12360mW VDD_CPU_GPU_CV 2859mW/3613mW VDD_SOC 3877mW/3896mW
